11-23 10:57:23.588   497   517 W InputReader: Device virtio_input_multi_touch_6 is associated with display ADISPLAY_ID_NONE.
11-23 10:57:23.588   497   517 W InputReader: Device virtio_input_multi_touch_3 is associated with display ADISPLAY_ID_NONE.
11-23 10:57:23.588   497   517 W InputReader: Device virtio_input_multi_touch_7 is associated with display ADISPLAY_ID_NONE.
11-23 10:57:23.588   497   517 W InputReader: Device virtio_input_multi_touch_8 is associated with display ADISPLAY_ID_NONE.
11-23 10:57:23.594   497   517 E ActivityManager: Failure starting process com.tencent.qqmusic
11-23 10:57:23.594   497   517 E ActivityManager: java.lang.SecurityException: Package com.tencent.qqmusic is currently frozen!
11-23 10:57:23.594   497   517 E ActivityManager: 	at com.android.server.pm.PackageManagerService.checkPackageStartable(PackageManagerService.java:4466)
11-23 10:57:23.594   497   517 E ActivityManager: 	at com.android.server.am.ProcessList.startProcessLocked(ProcessList.java:1757)
11-23 10:57:23.594   497   517 E ActivityManager: 	at com.android.server.am.ProcessList.startProcessLocked(ProcessList.java:2319)
11-23 10:57:23.594   497   517 E ActivityManager: 	at com.android.server.am.ProcessList.startProcessLocked(ProcessList.java:2441)
11-23 10:57:23.594   497   517 E ActivityManager: 	at com.android.server.am.ActivityManagerService.startProcessLocked(ActivityManagerService.java:3170)
11-23 10:57:23.594   497   517 E ActivityManager: 	at com.android.server.am.ActivityManagerService$LocalService.startProcess(ActivityManagerService.java:19640)
11-23 10:57:23.594   497   517 E ActivityManager: 	at com.android.server.wm.-$$Lambda$qMFJUmfG50ZSjk7Tac67xBia0d4.accept(Unknown Source:29)
11-23 10:57:23.594   497   517 E ActivityManager: 	at com.android.internal.util.function.pooled.PooledLambdaImpl.doInvoke(PooledLambdaImpl.java:360)
11-23 10:57:23.594   497   517 E ActivityManager: 	at com.android.internal.util.function.pooled.PooledLambdaImpl.invoke(PooledLambdaImpl.java:201)
11-23 10:57:23.594   497   517 E ActivityManager: 	at com.android.internal.util.function.pooled.OmniFunction.run(OmniFunction.java:97)
11-23 10:57:23.594   497   517 E ActivityManager: 	at android.os.Handler.handleCallback(Handler.java:938)
11-23 10:57:23.594   497   517 E ActivityManager: 	at android.os.Handler.dispatchMessage(Handler.java:99)
11-23 10:57:23.594   497   517 E ActivityManager: 	at android.os.Looper.loop(Looper.java:223)
11-23 10:57:23.594   497   517 E ActivityManager: 	at android.os.HandlerThread.run(HandlerThread.java:67)
11-23 10:57:23.594   497   517 E ActivityManager: 	at com.android.server.ServiceThread.run(ServiceThread.java:44)
11-23 10:57:23.594   497   517 I ActivityManager: Force stopping com.tencent.qqmusic appid=10128 user=0: start failure
11-23 10:57:23.603   497   517 E ActivityManager: Failure starting process com.tencent.qqmusic
11-23 10:57:23.603   497   517 E ActivityManager: java.lang.SecurityException: Package com.tencent.qqmusic is currently frozen!
11-23 10:57:23.603   497   517 E ActivityManager: 	at com.android.server.pm.PackageManagerService.checkPackageStartable(PackageManagerService.java:4466)
11-23 10:57:23.603   497   517 E ActivityManager: 	at com.android.server.am.ProcessList.startProcessLocked(ProcessList.java:1757)
11-23 10:57:23.603   497   517 E ActivityManager: 	at com.android.server.am.ProcessList.startProcessLocked(ProcessList.java:2319)
11-23 10:57:23.603   497   517 E ActivityManager: 	at com.android.server.am.ProcessList.startProcessLocked(ProcessList.java:2441)
11-23 10:57:23.603   497   517 E ActivityManager: 	at com.android.server.am.ActivityManagerService.startProcessLocked(ActivityManagerService.java:3170)
11-23 10:57:23.603   497   517 E ActivityManager: 	at com.android.server.am.ActivityManagerService$LocalService.startProcess(ActivityManagerService.java:19640)
11-23 10:57:23.603   497   517 E ActivityManager: 	at com.android.server.wm.-$$Lambda$qMFJUmfG50ZSjk7Tac67xBia0d4.accept(Unknown Source:29)
11-23 10:57:23.603   497   517 E ActivityManager: 	at com.android.internal.util.function.pooled.PooledLambdaImpl.doInvoke(PooledLambdaImpl.java:360)
11-23 10:57:23.603   497   517 E ActivityManager: 	at com.android.internal.util.function.pooled.PooledLambdaImpl.invoke(PooledLambdaImpl.java:201)
11-23 10:57:23.603   497   517 E ActivityManager: 	at com.android.internal.util.function.pooled.OmniFunction.run(OmniFunction.java:97)
11-23 10:57:23.603   497   517 E ActivityManager: 	at android.os.Handler.handleCallback(Handler.java:938)
11-23 10:57:23.603   497   517 E ActivityManager: 	at android.os.Handler.dispatchMessage(Handler.java:99)
11-23 10:57:23.603   497   517 E ActivityManager: 	at android.os.Looper.loop(Looper.java:223)
11-23 10:57:23.603   497   517 E ActivityManager: 	at android.os.HandlerThread.run(HandlerThread.java:67)
11-23 10:57:23.603   497   517 E ActivityManager: 	at com.android.server.ServiceThread.run(ServiceThread.java:44)
11-23 10:57:23.603   497   517 I ActivityManager: Force stopping com.tencent.qqmusic appid=10128 user=0: start failure
11-23 10:57:23.604   497   517 I ActivityManager: Exiting empty application process 0:com.tencent.qqmusic/u0a128 (null)
11-23 10:57:23.604   497   517 I chatty  : uid=1000(system) android.display identical 1 line
11-23 10:57:23.604   497   517 I ActivityManager: Exiting empty application process 0:com.tencent.qqmusic/u0a128 (null)
11-23 10:57:23.605   497   518 W WindowManager: Attempted to add application window with unknown token Token{670267a ActivityRecord{c354288 u0 com.tencent.qqmusic/.activity.AppStarterActivity t-1 f}}}.  Aborting.
11-23 10:57:23.605   497   518 W WindowManager: Token{670267a ActivityRecord{c354288 u0 com.tencent.qqmusic/.activity.AppStarterActivity t-1 f}}} already running, starting window not displayed. Unable to add window -- token Token{670267a ActivityRecord{c354288 u0 com.tencent.qqmusic/.activity.AppStarterActivity t-1 f}}} is not valid; is your activity running?
11-23 10:57:23.605   497   518 W WindowManager: view not successfully added to wm, removing view
11-23 10:57:23.623   395   395 I perfetto: ftrace_procfs.cc:176    enabled ftrace
11-23 10:57:23.811     0     0 W perfetto: enabled ftrace
11-23 10:57:23.733  5873  5874 I cmd     : oneway function results will be dropped but finished with status OK and parcel size 4
11-23 10:57:24.728   153   153 I servicemanager: Notifying apexservice they have clients: 1
11-23 10:57:24.728   153   153 I servicemanager: Notifying apexservice they have clients: 0
11-23 10:57:24.992     0     0 I AidlLazyServiceRegistrar: Process has 1 (of 1 available) client(s) in use after notification android.apex.IApexService has clients: 1
11-23 10:57:24.998     0     0 I AidlLazyServiceRegistrar: Process has 0 (of 1 available) client(s) in use after notification android.apex.IApexService has clients: 0
11-23 10:57:25.007     0     0 I AidlLazyServiceRegistrar: Trying to shut down the service. No clients in use for any service in process.
11-23 10:57:24.751   153   153 I BpBinder: onLastStrongRef automatically unlinking death recipients: <uncached descriptor>
11-23 10:57:25.016     0     0 I AidlLazyServiceRegistrar: Unregistered all clients and exiting
11-23 10:57:25.028     0     0 I init    : Service 'apexd' (pid 5717) exited with status 0 oneshot service took 5.154000 seconds in background
11-23 10:57:25.037     0     0 I init    : Sending signal 9 to service 'apexd' (pid 5717) process group...
11-23 10:57:25.042     0     0 I libprocessgroup: Successfully killed process cgroup uid 0 pid 5717 in 0ms
11-23 10:57:24.854  5914  5915 I cmd     : oneway function results will be dropped but finished with status OK and parcel size 4
11-23 10:57:25.043   449   449 E netmgr  : qemu_pipe_open_ns:62: Could not connect to the 'pipe:qemud:network' service: Invalid argument
11-23 10:57:25.043   449   449 E netmgr  : Failed to open QEMU pipe 'qemud:network': Invalid argument
11-23 10:57:25.129   466   466 E wifi_forwarder: qemu_pipe_open_ns:62: Could not connect to the 'pipe:qemud:wififorward' service: Invalid argument
11-23 10:57:25.129   466   466 E wifi_forwarder: RemoteConnection failed to initialize: RemoteConnection failed to open pipe
11-23 10:57:25.739  5712  5712 I dex2oat32: dex2oat took 6.124s (8.013s cpu) (threads: 2) arena alloc=2360B (2360B) java alloc=39MB (41090880B) native alloc=41MB (43435728B) free=15MB (16291200B) swap=16MB (16777216B)
11-23 10:57:25.785  1333  2681 I MediaProvider: Invalidating LocalCallingIdentity cache for package com.tencent.qqmusic. Reason: op android:read_external_storage
11-23 10:57:25.792   405   405 E installd: Couldn't opendir /data/app/vmdl1870379451.tmp: No such file or directory
11-23 10:57:25.792   405   405 E installd: Failed to delete /data/app/vmdl1870379451.tmp: No such file or directory
11-23 10:57:25.795 10645 10989 I abb     : oneway function results will be dropped but finished with status OK and parcel size 4
11-23 10:57:25.822  1333  1333 I MediaProvider: Invalidating LocalCallingIdentity cache for package com.tencent.qqmusic. Reason: package android.intent.action.PACKAGE_ADDED
11-23 10:57:25.837   497   522 E system_server: No package ID 7f found for ID 0x7f080ede.
11-23 10:57:25.837   497   522 E system_server: No package ID 7f found for ID 0x7f1112ec.
11-23 10:57:25.837   497   522 I chatty  : uid=1000(system) android.bg identical 1 line
11-23 10:57:25.837   497   522 E system_server: No package ID 7f found for ID 0x7f1112ec.
11-23 10:57:25.838   497   522 E system_server: No package ID 7f found for ID 0x7f080edf.
11-23 10:57:25.838   497   522 E system_server: No package ID 7f found for ID 0x7f1112ed.
11-23 10:57:25.838   497   522 I chatty  : uid=1000(system) android.bg identical 1 line
11-23 10:57:25.838   497   522 E system_server: No package ID 7f found for ID 0x7f1112ed.
11-23 10:57:25.838   497   522 E system_server: No package ID 7f found for ID 0x7f080ee1.
11-23 10:57:25.838   497   522 E system_server: No package ID 7f found for ID 0x7f1112ef.
11-23 10:57:25.838   497   522 I chatty  : uid=1000(system) android.bg identical 1 line
11-23 10:57:25.838   497   522 E system_server: No package ID 7f found for ID 0x7f1112ef.
11-23 10:57:25.840   497   522 E system_server: No package ID 7f found for ID 0x7f080ee0.
11-23 10:57:25.840   497   522 E system_server: No package ID 7f found for ID 0x7f1112ee.
11-23 10:57:25.843   497  9886 W BroadcastQueue: Background execution not allowed: receiving Intent { act=android.intent.action.PACKAGE_ADDED dat=package:com.tencent.qqmusic flg=0x4000010 (has extras) } to com.android.packageinstaller/.PackageInstalledReceiver
11-23 10:57:25.844   497   514 I RoleManagerService: Granting default roles...
11-23 10:57:25.840   497   522 I chatty  : uid=1000(system) android.bg identical 1 line
11-23 10:57:25.840   497   522 E system_server: No package ID 7f found for ID 0x7f1112ee.
11-23 10:57:25.846   497   575 I InputReader: Reconfiguring input devices, changes=KEYBOARD_LAYOUTS | 
11-23 10:57:25.847   497   523 W BroadcastQueue: Background execution not allowed: receiving Intent { act=android.intent.action.PACKAGE_ADDED dat=package:com.tencent.qqmusic flg=0x4000010 (has extras) } to com.android.gallery3d/.app.PackagesMonitor
11-23 10:57:25.847   497   523 W BroadcastQueue: Background execution not allowed: receiving Intent { act=android.intent.action.PACKAGE_ADDED dat=package:com.tencent.qqmusic flg=0x4000010 (has extras) } to com.google.android.gms/.games.chimera.GamesSystemBroadcastReceiverProxy
11-23 10:57:25.847   497   523 W BroadcastQueue: Background execution not allowed: receiving Intent { act=android.intent.action.PACKAGE_ADDED dat=package:com.tencent.qqmusic flg=0x4000010 (has extras) } to com.google.android.gms/.gass.chimera.PackageChangeBroadcastReceiver
11-23 10:57:25.847   497   523 W BroadcastQueue: Background execution not allowed: receiving Intent { act=android.intent.action.PACKAGE_ADDED dat=package:com.tencent.qqmusic flg=0x4000010 (has extras) } to com.google.android.gms/.chimera.GmsIntentOperationService$PersistentTrustedReceiver
11-23 10:57:25.892   497   497 I Telecom : DefaultDialerCache: Refreshing default dialer for user 0: now com.android.dialer: DDC.oR@AMo
11-23 10:57:25.922   497   575 I InputReader: Reconfiguring input devices, changes=KEYBOARD_LAYOUTS | 
11-23 10:57:25.791   497   497 W Binder:497_1F: type=1400 audit(0.0:3827): avc: denied { getopt } for scontext=u:r:system_server:s0 tcontext=u:r:shell:s0 tclass=unix_stream_socket permissive=0
11-23 10:57:25.963   497   522 W VoiceInteractionManager: no available voice recognition services found for user 0
11-23 10:57:25.993 10653 10670 I PermissionControllerServiceImpl: Updating user sensitive for uid 10128
11-23 10:57:26.011   497   497 I Telecom : DefaultDialerCache: Refreshing default dialer for user 0: now com.android.dialer: DDC.oR@AMs
11-23 10:57:25.994 10653 10670 I PermissionControllerServiceImpl: Updating user sensitive for uid 10128
11-23 10:57:26.023  4487  5963 W GCM     : Unexpected forwarded intent: Intent { act=android.intent.action.PACKAGE_ADDED dat=package:com.tencent.qqmusic flg=0x4000010 cmp=com.google.android.gms/.chimera.PersistentIntentOperationService (has extras) }
11-23 10:57:26.026   497   522 E system_server: No package ID 7f found for ID 0x7f080ede.
11-23 10:57:26.026   497   522 E system_server: No package ID 7f found for ID 0x7f1112ec.
11-23 10:57:26.026   497   522 I chatty  : uid=1000(system) android.bg identical 1 line
11-23 10:57:26.026   497   522 E system_server: No package ID 7f found for ID 0x7f1112ec.
11-23 10:57:26.026   497   522 E system_server: No package ID 7f found for ID 0x7f080edf.
11-23 10:57:26.026   497   522 E system_server: No package ID 7f found for ID 0x7f1112ed.
11-23 10:57:26.026   497   522 I chatty  : uid=1000(system) android.bg identical 1 line
11-23 10:57:26.026   497   522 E system_server: No package ID 7f found for ID 0x7f1112ed.
11-23 10:57:26.027   497   522 E system_server: No package ID 7f found for ID 0x7f080ee1.
11-23 10:57:26.027   497   522 E system_server: No package ID 7f found for ID 0x7f1112ef.
11-23 10:57:26.027   497   522 I chatty  : uid=1000(system) android.bg identical 1 line
11-23 10:57:26.027   497   522 E system_server: No package ID 7f found for ID 0x7f1112ef.
11-23 10:57:26.027   497   522 E system_server: No package ID 7f found for ID 0x7f080ee0.
11-23 10:57:26.027   497   522 E system_server: No package ID 7f found for ID 0x7f1112ee.
11-23 10:57:26.027   497   522 I chatty  : uid=1000(system) android.bg identical 1 line
11-23 10:57:26.027   497   522 E system_server: No package ID 7f found for ID 0x7f1112ee.
11-23 10:57:26.028  1743  5964 I Auth    : [SupervisedAccountIntentOperation] onHandleIntent(): android.intent.action.PACKAGE_ADDED
11-23 10:57:26.028  1743  5964 I ChromeSync: [Sync,SyncIntentOperation] Handling the intent: Intent { act=android.intent.action.PACKAGE_ADDED dat=package:com.tencent.qqmusic flg=0x4000010 cmp=com.google.android.gms/.chimera.GmsIntentOperationService (has extras) }.
11-23 10:57:26.030  4487  5963 W GCM     : Unexpected forwarded intent: Intent { act=android.intent.action.PACKAGE_ADDED dat=package:com.tencent.qqmusic flg=0x4000010 cmp=com.google.android.gms/.chimera.PersistentIntentOperationService (has extras) }
11-23 10:57:26.037 10653 10679 I ssioncontrolle: Waiting for a blocking GC ProfileSaver
11-23 10:57:26.090   497 10375 W ActivityManager: Unable to start service Intent { act=com.google.android.gms.auth.key.retrieval.service.START pkg=com.google.android.gms } U=0: not found
11-23 10:57:26.109  1743  5964 I ChromeSync: [Persistence,AffiliationManager] One of affiliation or grouping data for android://PIGEj1FP2z4H_zGGZQYkwz1P4zpVRNkUczhf7k9WtdyOGAl03QiXzvXOePIXNWMc_lrDYg7t2iFkAlHK2QlUUA==@com.tencent.qqmusic/ was not found. Marking affiliation data as stale...
11-23 10:57:26.109   497 10375 W ActivityManager: Unbind failed: could not find connection for android.os.BinderProxy@72947fe
11-23 10:57:26.112   497   522 W VoiceInteractionManager: no available voice interaction services found for user 0
11-23 10:57:26.139  1743  1871 E GmsClient: unable to connect to service: com.google.android.gms.auth.key.retrieval.service.START on com.google.android.gms
11-23 10:57:25.791   497   497 W Binder:497_1F: type=1400 audit(0.0:3828): avc: denied { getopt } for scontext=u:r:system_server:s0 tcontext=u:r:shell:s0 tclass=unix_stream_socket permissive=0
11-23 10:57:26.194  4487  5963 I Fitness : OnPackageChangedOperation got intent: Intent { act=android.intent.action.PACKAGE_CHANGED dat=package:com.tencent.qqmusic flg=0x5000010 cmp=com.google.android.gms/.chimera.PersistentIntentOperationService (has extras) } [CONTEXT service_id=17 ]
11-23 10:57:26.199  1743  5970 E ConfigFileUtils: Failed to read config file: /data/user_de/0/com.google.android.gms/app_chimera/next_container.pb: open failed: ENOENT (No such file or directory)
11-23 10:57:26.205  4487  5963 I Fitness : OnPackageChangedOperation got intent: Intent { act=android.intent.action.PACKAGE_CHANGED dat=package:com.tencent.qqmusic flg=0x5000010 cmp=com.google.android.gms/.chimera.PersistentIntentOperationService (has extras) } [CONTEXT service_id=17 ]
11-23 10:57:26.211  4487  5963 I Fitness : FitCleanupIntentOperation received Intent android.intent.action.PACKAGE_CHANGED [CONTEXT service_id=17 ]
11-23 10:57:26.218  4487  5963 I Fitness : FitCleanupIntentOperation received Intent android.intent.action.PACKAGE_CHANGED [CONTEXT service_id=17 ]
11-23 10:57:26.243 10653 10666 I ssioncontrolle: Background young concurrent copying GC freed 13595(766KB) AllocSpace objects, 0(0B) LOS objects, 49% free, 2115KB/4164KB, paused 141us total 272.633ms
11-23 10:57:26.243 10653 10679 I ssioncontrolle: WaitForGcToComplete blocked ProfileSaver on HeapTrim for 205.393ms
11-23 10:57:26.290  1743  5970 I ChmraDebugLogger: [73] 1801
11-23 10:57:26.292  1743  5970 I ChmraDebugLogger: [30] [Pay.optional:201817020000] permitMetered=true,
11-23 10:57:26.293  1743  5970 W ChimeraConfigService: Retry attempt was throttled.
11-23 10:57:25.791   497   497 W Binder:497_1F: type=1400 audit(0.0:3829): avc: denied { getopt } for scontext=u:r:system_server:s0 tcontext=u:r:shell:s0 tclass=unix_stream_socket permissive=0
11-23 10:57:26.333   497   507 I system_server: Background concurrent copying GC freed 798600(30MB) AllocSpace objects, 68(3992KB) LOS objects, 49% free, 15MB/30MB, paused 3.989ms total 545.829ms
11-23 10:57:26.359  5998  5999 I cmd     : oneway function results will be dropped but finished with status OK and parcel size 4
11-23 10:57:26.406  1743  2169 I Icing   : IndexChimeraService.getServiceInterface callingPackage=com.google.android.gms componentName=AppsCorpus serviceId=36 [CONTEXT service_id=21 ]
11-23 10:57:26.432  1743  5991 W Icing   : No valid account for uploading user actions [CONTEXT service_id=21 ]
11-23 10:57:26.485  1743  2267 I Icing   : IndexChimeraService.getServiceInterface callingPackage=com.google.android.gms componentName=null serviceId=30 [CONTEXT service_id=21 ]
11-23 10:57:26.487  1743  5991 I Icing   : Usage reports ok 0, Failed Usage reports 0, indexed 0, rejected 0 [CONTEXT service_id=21 ]
11-23 10:57:26.495  1743  5991 W Icing   : No valid account for uploading user actions [CONTEXT service_id=21 ]
11-23 10:57:26.522  1743  5991 I Icing   : Usage reports ok 0, Failed Usage reports 0, indexed 0, rejected 0 [CONTEXT service_id=21 ]
11-23 10:57:26.523  1743  5991 I Icing   : Indexing com.google.android.gms-apps from com.google.android.gms [CONTEXT service_id=21 ]
11-23 10:57:26.544  1743  5991 I Icing   : Indexing com.google.android.gms-internal.3p:MobileApplication from com.google.android.gms [CONTEXT service_id=21 ]
11-23 10:57:26.562  1743  5991 I Icing   : Indexing done com.google.android.gms-internal.3p:MobileApplication [CONTEXT service_id=21 ]
11-23 10:57:26.564  1743  2169 I Icing   : IndexChimeraService.getServiceInterface callingPackage=com.google.android.gms componentName=null serviceId=36 [CONTEXT service_id=21 ]
11-23 10:57:26.566  1743  5991 I Icing   : Indexing done com.google.android.gms-apps [CONTEXT service_id=21 ]
11-23 10:57:26.568  1743  5991 W Icing   : No valid account for uploading user actions [CONTEXT service_id=21 ]
11-23 10:57:26.584  1743  5991 I Icing   : Usage reports ok 0, Failed Usage reports 0, indexed 0, rejected 0 [CONTEXT service_id=21 ]
11-23 10:57:26.586  1743  5991 I Icing   : Indexing com.google.android.gms-apps from com.google.android.gms [CONTEXT service_id=21 ]
11-23 10:57:26.587  1743  5991 I Icing   : Indexing done com.google.android.gms-apps [CONTEXT service_id=21 ]
11-23 10:57:26.851  6028  6030 I cmd     : oneway function results will be dropped but finished with status OK and parcel size 4
11-23 10:57:27.053  6043  6045 I cmd     : oneway function results will be dropped but finished with status OK and parcel size 4
11-23 10:57:27.124   497  1313 E TaskPersister: File error accessing recents directory (directory doesn't exist?).
11-23 10:57:27.256  6058  6060 I cmd     : oneway function results will be dropped but finished with status OK and parcel size 4
11-23 10:57:27.475  6073  6075 I cmd     : oneway function results will be dropped but finished with status OK and parcel size 4
11-23 10:57:27.689  6087  6087 E libc    : Access denied finding property "persist.device_config.runtime_native_boot.profilebootclasspath"
11-23 10:57:27.689  6087  6087 E libc    : Access denied finding property "persist.device_config.runtime_native_boot.enable_apex_image"
11-23 10:57:27.689  6087  6087 I AndroidRuntime: Using default boot image
11-23 10:57:27.689  6087  6087 E libc    : Access denied finding property "persist.device_config.runtime_native_boot.disable_lock_profiling"
11-23 10:57:27.689  6087  6087 I AndroidRuntime: Leaving lock profiling enabled
11-23 10:57:27.689  6087  6087 E libc    : Access denied finding property "persist.device_config.runtime_native_boot.enable_generational_cc"
11-23 10:57:27.690  6087  6087 W app_process: Could not reserve sentinel fault page
11-23 10:57:27.690  6087  6087 I app_process: Core platform API reporting enabled, enforcing=false
11-23 10:57:27.687  6087  6087 W app_process: type=1400 audit(0.0:3830): avc: denied { read } for name="u:object_r:device_config_runtime_native_boot_prop:s0" dev="tmpfs" ino=166 scontext=u:r:shell:s0 tcontext=u:object_r:device_config_runtime_native_boot_prop:s0 tclass=file permissive=0
11-23 10:57:27.753  6087  6087 W app_process: Unexpected CPU variant for X86 using defaults: x86
11-23 10:57:27.753  6087  6087 I app_process: The ClassLoaderContext is a special shared library.
11-23 10:57:27.761  6087  6087 W app_process: JNI RegisterNativeMethods: attempt to register 0 native methods for android.media.AudioAttributes
11-23 10:57:27.993  6105  6108 I cmd     : oneway function results will be dropped but finished with status OK and parcel size 4
11-23 10:57:28.019   497   787 I ActivityTaskManager: START u0 {act=android.intent.action.MAIN cat=[android.intent.category.LAUNCHER] flg=0x10200000 pkg=com.android.camera2 cmp=com.android.camera2/com.android.camera.CameraLauncher bnds=[842,1836][1043,2084]} from uid 10109
11-23 10:57:28.038   497  3504 I system_server: oneway function results will be dropped but finished with status OK and parcel size 4
11-23 10:57:28.038   497  3504 I chatty  : uid=1000(system) Binder:497_1A identical 1 line
11-23 10:57:28.040   497  3504 I system_server: oneway function results will be dropped but finished with status OK and parcel size 4
11-23 10:57:28.058   396   396 I perfetto: ing_service_impl.cc:758 Configured tracing session 21, #sources:1, duration:5000 ms, #buffers:1, total buffer size:4096 KB, total sessions:2, uid:1071 session name: ""
11-23 10:57:28.059   395   395 I perfetto: probes_producer.cc:230  Ftrace setup (target_buf=21)
11-23 10:57:28.077   497  1003 W ActivityTaskManager: Tried to set launchTime (0) < mLastActivityLaunchTime (47728374)
11-23 10:57:28.077   497  1003 W InputReader: Device virtio_input_multi_touch_10 is associated with display ADISPLAY_ID_NONE.
11-23 10:57:28.077   497  1003 W InputReader: Device virtio_input_multi_touch_4 is associated with display ADISPLAY_ID_NONE.
11-23 10:57:28.077   497  1003 W InputReader: Device virtio_input_multi_touch_11 is associated with display ADISPLAY_ID_NONE.
11-23 10:57:28.077   497  1003 W InputReader: Device virtio_input_multi_touch_5 is associated with display ADISPLAY_ID_NONE.
11-23 10:57:28.077   497  1003 W InputReader: Device virtio_input_multi_touch_2 is associated with display ADISPLAY_ID_NONE.
11-23 10:57:28.077   497  1003 W InputReader: Device virtio_input_multi_touch_9 is associated with display ADISPLAY_ID_NONE.
11-23 10:57:28.077   497  1003 W InputReader: Device virtio_input_multi_touch_6 is associated with display ADISPLAY_ID_NONE.
11-23 10:57:28.078   497  1003 W InputReader: Device virtio_input_multi_touch_3 is associated with display ADISPLAY_ID_NONE.
11-23 10:57:28.078   497  1003 W InputReader: Device virtio_input_multi_touch_7 is associated with display ADISPLAY_ID_NONE.
11-23 10:57:28.078   497  1003 W InputReader: Device virtio_input_multi_touch_8 is associated with display ADISPLAY_ID_NONE.
11-23 10:57:28.078   497  1003 W InputReader: Device virtio_input_multi_touch_10 is associated with display ADISPLAY_ID_NONE.
11-23 10:57:28.078   497  1003 W InputReader: Device virtio_input_multi_touch_4 is associated with display ADISPLAY_ID_NONE.
11-23 10:57:28.078   497  1003 W InputReader: Device virtio_input_multi_touch_11 is associated with display ADISPLAY_ID_NONE.
11-23 10:57:28.078   497  1003 W InputReader: Device virtio_input_multi_touch_5 is associated with display ADISPLAY_ID_NONE.
11-23 10:57:28.078   497  1003 W InputReader: Device virtio_input_multi_touch_2 is associated with display ADISPLAY_ID_NONE.
11-23 10:57:28.078   497  1003 W InputReader: Device virtio_input_multi_touch_9 is associated with display ADISPLAY_ID_NONE.
11-23 10:57:28.078   497  1003 W InputReader: Device virtio_input_multi_touch_6 is associated with display ADISPLAY_ID_NONE.
11-23 10:57:28.078   497  1003 W InputReader: Device virtio_input_multi_touch_3 is associated with display ADISPLAY_ID_NONE.
11-23 10:57:28.078   497  1003 W InputReader: Device virtio_input_multi_touch_7 is associated with display ADISPLAY_ID_NONE.
11-23 10:57:28.078   497  1003 W InputReader: Device virtio_input_multi_touch_8 is associated with display ADISPLAY_ID_NONE.
11-23 10:57:28.183 10470 10470 I CAM_OneCamFtrCnfgCrtr: CaptureModule? true
11-23 10:57:28.188   497   787 I system_server: oneway function results will be dropped but finished with status OK and parcel size 4
11-23 10:57:28.217   400   400 W ServiceManager: Permission failure: android.permission.SYSTEM_CAMERA from uid=10092 pid=10470
11-23 10:57:28.218   400  3156 W ServiceManager: Permission failure: android.permission.SYSTEM_CAMERA from uid=10092 pid=10470
11-23 10:57:28.218   400  3156 I chatty  : uid=1047(cameraserver) Binder:400_5 identical 1 line
11-23 10:57:28.218   400  3156 W ServiceManager: Permission failure: android.permission.SYSTEM_CAMERA from uid=10092 pid=10470
11-23 10:57:28.219   400   400 W ServiceManager: Permission failure: android.permission.SYSTEM_CAMERA from uid=10092 pid=10470
11-23 10:57:28.220   400   400 I chatty  : uid=1047(cameraserver) /system/bin/cameraserver identical 1 line
11-23 10:57:28.223   400   400 W ServiceManager: Permission failure: android.permission.SYSTEM_CAMERA from uid=10092 pid=10470
11-23 10:57:28.224   400   565 W ServiceManager: Permission failure: android.permission.SYSTEM_CAMERA from uid=10092 pid=10470
11-23 10:57:28.226   400   400 W ServiceManager: Permission failure: android.permission.SYSTEM_CAMERA from uid=10092 pid=10470
11-23 10:57:28.228   400   400 I chatty  : uid=1047(cameraserver) /system/bin/cameraserver identical 4 lines
11-23 10:57:28.229   400   400 W ServiceManager: Permission failure: android.permission.SYSTEM_CAMERA from uid=10092 pid=10470
11-23 10:57:28.346 10470 10482 W android.camera: Reducing the number of considered missed Gc histogram windows from 237 to 100
11-23 10:57:28.390 10470 10470 I CAM_Profiler: [238.601ms][ui] GUARD: CameraActivity.onCreateTasks - [155.593ms] setContentView()
11-23 10:57:28.400 10470  6125 W CAM2PORT_AndCamAgntImp: Releasing camera without any camera opened.
11-23 10:57:28.437 10470 10470 I CAM_Profiler: [ 37.336ms][ui] GUARD: new CaptureModule - STOP
11-23 10:57:28.445   287   325 W EmuHWC2 : validate: layer 159 CompositionType 1, fallback
11-23 10:57:28.454   287   325 W EmuHWC2 : No layers, exit, buffer 0xe8b01a10
11-23 10:57:28.465   287   325 W EmuHWC2 : validate: layer 159 CompositionType 1, fallback
11-23 10:57:28.469   287   325 W EmuHWC2 : No layers, exit, buffer 0xe8b01590
11-23 10:57:28.479   287   325 W EmuHWC2 : validate: layer 159 CompositionType 1, fallback
11-23 10:57:28.485   287   325 W EmuHWC2 : No layers, exit, buffer 0xe8b01a10
11-23 10:57:28.486 10470 10470 I CAM_Profiler: [ 44.680ms][ui] GUARD: CaptureModule.init - STOP
11-23 10:57:28.486 10470 10470 I CAM_Profiler: [334.885ms][ui] GUARD: CameraActivity.onCreateTasks - [44.852ms] Init CurrentModule
11-23 10:57:28.498 10470 10470 I CAM_Profiler: [347.069ms][ui] GUARD: CameraActivity.onCreateTasks - STOP
11-23 10:57:28.510   287   325 W EmuHWC2 : validate: layer 159 CompositionType 1, fallback
11-23 10:57:28.513   287   325 W EmuHWC2 : No layers, exit, buffer 0xe8b01590
11-23 10:57:28.526   287   325 W EmuHWC2 : validate: layer 159 CompositionType 1, fallback
11-23 10:57:28.553   287   325 W EmuHWC2 : No layers, exit, buffer 0xe8b01a10
11-23 10:57:28.564   287   325 W EmuHWC2 : validate: layer 159 CompositionType 1, fallback
11-23 10:57:28.568   287   325 W EmuHWC2 : No layers, exit, buffer 0xe8b01590
11-23 10:57:28.579   395   395 I perfetto: probes_producer.cc:329  Producer stop (id=20)
11-23 10:57:28.581   287   325 W EmuHWC2 : validate: layer 159 CompositionType 1, fallback
11-23 10:57:28.585   287   325 W EmuHWC2 : No layers, exit, buffer 0xe8b01a10
11-23 10:57:28.587   396   396 I perfetto: ng_service_impl.cc:1948 Tracing session 20 ended, total sessions:1
11-23 10:57:28.610   287   325 W EmuHWC2 : validate: layer 159 CompositionType 1, fallback
11-23 10:57:28.621   287   325 W EmuHWC2 : No layers, exit, buffer 0xe8b01590
11-23 10:57:28.626   287   325 W EmuHWC2 : validate: layer 159 CompositionType 1, fallback
11-23 10:57:28.629   287   325 W EmuHWC2 : No layers, exit, buffer 0xe8b01a10
11-23 10:57:28.644   287   325 W EmuHWC2 : validate: layer 159 CompositionType 1, fallback
11-23 10:57:28.646   287   325 W EmuHWC2 : No layers, exit, buffer 0xe8b01590
11-23 10:57:28.660   287   325 W EmuHWC2 : validate: layer 159 CompositionType 1, fallback
11-23 10:57:28.662   287   325 W EmuHWC2 : No layers, exit, buffer 0xe8b01a10
11-23 10:57:28.676   287   325 W EmuHWC2 : validate: layer 159 CompositionType 1, fallback
11-23 10:57:28.689   287   325 W EmuHWC2 : No layers, exit, buffer 0xe8b01590
11-23 10:57:28.694   287   325 W EmuHWC2 : validate: layer 159 CompositionType 1, fallback
11-23 10:57:28.698   287   325 W EmuHWC2 : No layers, exit, buffer 0xe8b01a10
11-23 10:57:28.710   287   325 W EmuHWC2 : validate: layer 159 CompositionType 1, fallback
11-23 10:57:28.714   287   325 W EmuHWC2 : No layers, exit, buffer 0xe8b01590
11-23 10:57:28.793   350   350 E Layer   : [Surface(name=Task=18)/@0xb833343 - animation-leash#0] No local sync point found
11-23 10:57:28.793   350   350 E Layer   : [Surface(name=Task=18)/@0xb833343 - animation-leash#0] No local sync point found
11-23 10:57:28.793   350   350 E Layer   : [Surface(name=Task=1)/@0xbb7f2f1 - animation-leash#0] No local sync point found
11-23 10:57:28.793   350   350 E Layer   : [Surface(name=Task=1)/@0xbb7f2f1 - animation-leash#0] No local sync point found
11-23 10:57:28.826   350   350 E Layer   : [Surface(name=Task=18)/@0xb833343 - animation-leash#0] No local sync point found
11-23 10:57:28.826   350   350 E Layer   : [Surface(name=Task=1)/@0xbb7f2f1 - animation-leash#0] No local sync point found
11-23 10:57:28.828 10470 10470 I CAM_FocusRingView: Computing center via view bounds.
11-23 10:57:28.895   497   522 I ActivityTaskManager: Displayed com.android.camera2/com.android.camera.CameraLauncher: +854ms
11-23 10:57:28.938 10470  6131 I CCodec  : Created component [c2.android.vorbis.decoder]
11-23 10:57:28.938 10470  6142 I CCodec  : Created component [c2.android.vorbis.decoder]
11-23 10:57:28.938 10470  6144 I CCodec  : Created component [c2.android.vorbis.decoder]
11-23 10:57:28.965 10470  6142 I CCodecConfig: query failed after returning 7 values (BAD_INDEX)
11-23 10:57:28.985 10470  6131 I CCodecConfig: query failed after returning 7 values (BAD_INDEX)
11-23 10:57:28.986 10470  6142 W Codec2Client: query -- param skipped: index = 1107298332.
11-23 10:57:28.990 10470  6144 I CCodecConfig: query failed after returning 7 values (BAD_INDEX)
11-23 10:57:28.996 10470  6144 W Codec2Client: query -- param skipped: index = 1107298332.
11-23 10:57:28.996 10470  6131 W Codec2Client: query -- param skipped: index = 1107298332.
11-23 10:57:29.003 10470  6144 W Codec2Client: query -- param skipped: index = 1342179345.
11-23 10:57:29.003 10470  6144 W Codec2Client: query -- param skipped: index = 2415921170.
11-23 10:57:29.004 10470  6142 W Codec2Client: query -- param skipped: index = 1342179345.
11-23 10:57:29.004 10470  6142 W Codec2Client: query -- param skipped: index = 2415921170.
11-23 10:57:29.023 10470  6144 E FMQ     : grantorIdx must be less than 3
11-23 10:57:29.023 10470  6144 E FMQ     : grantorIdx must be less than 3
11-23 10:57:29.024 10470  6142 E FMQ     : grantorIdx must be less than 3
11-23 10:57:29.024 10470  6142 E FMQ     : grantorIdx must be less than 3
11-23 10:57:29.035 10470  6131 W Codec2Client: query -- param skipped: index = 1342179345.
11-23 10:57:29.035 10470  6131 W Codec2Client: query -- param skipped: index = 2415921170.
11-23 10:57:29.051 10470  6131 E FMQ     : grantorIdx must be less than 3
11-23 10:57:29.051 10470  6131 E FMQ     : grantorIdx must be less than 3
11-23 10:57:29.065   426   490 E FMQ     : grantorIdx must be less than 3
11-23 10:57:29.065   426   490 E FMQ     : grantorIdx must be less than 3
11-23 10:57:29.066   426   947 E FMQ     : grantorIdx must be less than 3
11-23 10:57:29.066   426   947 E FMQ     : grantorIdx must be less than 3
11-23 10:57:29.066   426  6155 E FMQ     : grantorIdx must be less than 3
11-23 10:57:29.066   426  6155 E FMQ     : grantorIdx must be less than 3
11-23 10:57:29.066 10470  6131 I CCodecBufferChannel: [c2.android.vorbis.decoder#32] Created output block pool with allocatorID 16 => poolID 31 - OK
11-23 10:57:29.067 10470  6144 I CCodecBufferChannel: [c2.android.vorbis.decoder#662] Created output block pool with allocatorID 16 => poolID 29 - OK
11-23 10:57:29.067 10470  6142 I CCodecBufferChannel: [c2.android.vorbis.decoder#797] Created output block pool with allocatorID 16 => poolID 30 - OK
11-23 10:57:29.081 10470  6144 E FMQ     : grantorIdx must be less than 3
11-23 10:57:29.082   426   490 E FMQ     : grantorIdx must be less than 3
11-23 10:57:29.084 10470  6142 E FMQ     : grantorIdx must be less than 3
11-23 10:57:29.084   426   947 E FMQ     : grantorIdx must be less than 3
11-23 10:57:29.086 10470  6131 E FMQ     : grantorIdx must be less than 3
11-23 10:57:29.087   426  6155 E FMQ     : grantorIdx must be less than 3
11-23 10:57:29.098   426  6151 E FMQ     : grantorIdx must be less than 3
11-23 10:57:29.098 10470 10512 E FMQ     : grantorIdx must be less than 3
11-23 10:57:29.098   426  6150 E FMQ     : grantorIdx must be less than 3
11-23 10:57:29.098 10470 10512 E FMQ     : grantorIdx must be less than 3
11-23 10:57:29.123   426  6149 E FMQ     : grantorIdx must be less than 3
11-23 10:57:29.124 10470 10512 E FMQ     : grantorIdx must be less than 3
11-23 10:57:29.188 10470  6142 I chatty  : uid=10092(com.android.camera2) NDK MediaCodec_ identical 1 line
11-23 10:57:29.189 10470  6142 I hw-BpHwBinder: onLastStrongRef automatically unlinking death recipients
11-23 10:57:29.219 10470  6175 I hw-BpHwBinder: onLastStrongRef automatically unlinking death recipients
11-23 10:57:29.241 10470  6131 I chatty  : uid=10092(com.android.camera2) identical 1 line
11-23 10:57:29.244 10470  6131 I hw-BpHwBinder: onLastStrongRef automatically unlinking death recipients
11-23 10:57:29.244   426  6155 I hw-BpHwBinder: onLastStrongRef automatically unlinking death recipients
11-23 10:57:29.984  6206  6207 I cmd     : oneway function results will be dropped but finished with status OK and parcel size 4
11-23 10:57:30.518  6250  6252 I cmd     : oneway function results will be dropped but finished with status OK and parcel size 4
11-23 10:57:30.895   341   341 I android.hardware.vibrator-service.example: Vibrator reporting capabilities
11-23 10:57:30.895   341   341 I android.hardware.vibrator-service.example: Vibrator off
11-23 10:57:30.896   341   341 I android.hardware.vibrator-service.example: Vibrator perform
11-23 10:57:30.898   341  6271 I android.hardware.vibrator-service.example: Starting perform on another thread
11-23 10:57:30.902   497  3504 I system_server: oneway function results will be dropped but finished with status OK and parcel size 4
11-23 10:57:30.970   497   515 I ActivityTaskManager: START u0 {act=android.intent.action.MAIN cat=[android.intent.category.HOME] flg=0x10000100 cmp=com.android.launcher3/.uioverrides.QuickstepLauncher (has extras)} from uid 0
11-23 10:57:30.975   497   515 W InputReader: Device virtio_input_multi_touch_10 is associated with display ADISPLAY_ID_NONE.
11-23 10:57:30.975   497   515 W InputReader: Device virtio_input_multi_touch_4 is associated with display ADISPLAY_ID_NONE.
11-23 10:57:30.975   497   515 W InputReader: Device virtio_input_multi_touch_11 is associated with display ADISPLAY_ID_NONE.
11-23 10:57:30.975   497   515 W InputReader: Device virtio_input_multi_touch_5 is associated with display ADISPLAY_ID_NONE.
11-23 10:57:30.975   497   515 W InputReader: Device virtio_input_multi_touch_2 is associated with display ADISPLAY_ID_NONE.
11-23 10:57:30.975   497   515 W InputReader: Device virtio_input_multi_touch_9 is associated with display ADISPLAY_ID_NONE.
11-23 10:57:30.975   497   515 W InputReader: Device virtio_input_multi_touch_6 is associated with display ADISPLAY_ID_NONE.
11-23 10:57:30.975   497   515 W InputReader: Device virtio_input_multi_touch_3 is associated with display ADISPLAY_ID_NONE.
11-23 10:57:30.975   497   515 W InputReader: Device virtio_input_multi_touch_7 is associated with display ADISPLAY_ID_NONE.
11-23 10:57:30.975   497   515 W InputReader: Device virtio_input_multi_touch_8 is associated with display ADISPLAY_ID_NONE.
11-23 10:57:30.975   497   515 W InputReader: Device virtio_input_multi_touch_10 is associated with display ADISPLAY_ID_NONE.
11-23 10:57:30.975   497   515 W InputReader: Device virtio_input_multi_touch_4 is associated with display ADISPLAY_ID_NONE.
11-23 10:57:30.975   497   515 W InputReader: Device virtio_input_multi_touch_11 is associated with display ADISPLAY_ID_NONE.
11-23 10:57:30.975   497   515 W InputReader: Device virtio_input_multi_touch_5 is associated with display ADISPLAY_ID_NONE.
11-23 10:57:30.975   497   515 W InputReader: Device virtio_input_multi_touch_2 is associated with display ADISPLAY_ID_NONE.
11-23 10:57:30.975   497   515 W InputReader: Device virtio_input_multi_touch_9 is associated with display ADISPLAY_ID_NONE.
11-23 10:57:30.975   497   515 W InputReader: Device virtio_input_multi_touch_6 is associated with display ADISPLAY_ID_NONE.
11-23 10:57:30.975   497   515 W InputReader: Device virtio_input_multi_touch_3 is associated with display ADISPLAY_ID_NONE.
11-23 10:57:30.975   497   515 W InputReader: Device virtio_input_multi_touch_7 is associated with display ADISPLAY_ID_NONE.
11-23 10:57:30.975   497   515 W InputReader: Device virtio_input_multi_touch_8 is associated with display ADISPLAY_ID_NONE.
11-23 10:57:30.988   396   396 I perfetto: ing_service_impl.cc:758 Configured tracing session 22, #sources:1, duration:5000 ms, #buffers:1, total buffer size:4096 KB, total sessions:2, uid:1071 session name: ""
11-23 10:57:30.989   395   395 I perfetto: probes_producer.cc:230  Ftrace setup (target_buf=22)
11-23 10:57:30.998   341  6271 I android.hardware.vibrator-service.example: Notifying perform complete
11-23 10:57:30.998   341   341 I android.hardware.vibrator-service.example: Vibrator off
11-23 10:57:31.043   497   787 I system_server: oneway function results will be dropped but finished with status OK and parcel size 4
11-23 10:57:31.071 10470  6125 W CAM2PORT_AndCamAgntImp: Releasing camera without any camera opened.
11-23 10:57:31.075 10470 10470 I CAM_Profiler: [ 82.707ms][ui] GUARD: CameraActivity.onPause - STOP
11-23 10:57:31.402  6288  6300 I cmd     : oneway function results will be dropped but finished with status OK and parcel size 4
11-23 10:57:31.668   497  1313 E TaskPersister: File error accessing recents directory (directory doesn't exist?).
11-23 10:57:31.690   877   885 I droid.launcher: NativeAlloc concurrent copying GC freed 39208(1750KB) AllocSpace objects, 6(500KB) LOS objects, 49% free, 3779KB/7559KB, paused 43us total 420.534ms
11-23 10:57:31.817   497   787 I ActivityTaskManager: START u0 {act=android.intent.action.MAIN cat=[android.intent.category.LAUNCHER] flg=0x10000000 cmp=com.tencent.qqmusic/.activity.AppStarterActivity} from uid 2000
11-23 10:57:31.829   396   396 I perfetto: ing_service_impl.cc:758 Configured tracing session 23, #sources:1, duration:5000 ms, #buffers:1, total buffer size:4096 KB, total sessions:3, uid:1071 session name: ""
11-23 10:57:31.829   395   395 I perfetto: probes_producer.cc:230  Ftrace setup (target_buf=23)
11-23 10:57:31.867  6329  6334 I cmd     : oneway function results will be dropped but finished with status OK and parcel size 4
11-23 10:57:32.002   497   524 W ActivityManager: Slow operation: 170ms so far, now at startProcess: returned from zygote!
11-23 10:57:32.002   497   524 W ActivityManager: Slow operation: 170ms so far, now at startProcess: done updating battery stats
11-23 10:57:32.002   497   524 W ActivityManager: Slow operation: 170ms so far, now at startProcess: building log message
11-23 10:57:32.002   497   524 I ActivityManager: Start proc 6340:com.tencent.qqmusic/u0a128 for pre-top-activity {com.tencent.qqmusic/com.tencent.qqmusic.activity.AppStarterActivity}
11-23 10:57:32.002   497   524 W ActivityManager: Slow operation: 170ms so far, now at startProcess: starting to update pids map
11-23 10:57:32.010   497   524 W ActivityManager: Slow operation: 178ms so far, now at startProcess: done updating pids map
11-23 10:57:32.117  6340  6340 W tencent.qqmusi: Unexpected CPU variant for X86 using defaults: x86
11-23 10:57:32.123  6340  6340 I ndk_translation: Initialized NDK translation (armv7l), version 0.2.2
11-23 10:57:32.161   662   679 I ndroid.systemu: NativeAlloc concurrent copying GC freed 10636(518KB) AllocSpace objects, 2(40KB) LOS objects, 49% free, 7013KB/13MB, paused 25us total 786.611ms
11-23 10:57:32.382   365   387 I adbd    : jdwp connection from 6340
11-23 10:57:32.414   497  9886 W InputReader: Device virtio_input_multi_touch_10 is associated with display ADISPLAY_ID_NONE.
11-23 10:57:32.414   497  9886 W InputReader: Device virtio_input_multi_touch_4 is associated with display ADISPLAY_ID_NONE.
11-23 10:57:32.414   497  9886 W InputReader: Device virtio_input_multi_touch_11 is associated with display ADISPLAY_ID_NONE.
11-23 10:57:32.415   497  9886 W InputReader: Device virtio_input_multi_touch_5 is associated with display ADISPLAY_ID_NONE.
11-23 10:57:32.415   497  9886 W InputReader: Device virtio_input_multi_touch_2 is associated with display ADISPLAY_ID_NONE.
11-23 10:57:32.415   497  9886 W InputReader: Device virtio_input_multi_touch_9 is associated with display ADISPLAY_ID_NONE.
11-23 10:57:32.415   497  9886 W InputReader: Device virtio_input_multi_touch_6 is associated with display ADISPLAY_ID_NONE.
11-23 10:57:32.415   497  9886 W InputReader: Device virtio_input_multi_touch_3 is associated with display ADISPLAY_ID_NONE.
11-23 10:57:32.415   497  9886 W InputReader: Device virtio_input_multi_touch_7 is associated with display ADISPLAY_ID_NONE.
11-23 10:57:32.415   497  9886 W InputReader: Device virtio_input_multi_touch_8 is associated with display ADISPLAY_ID_NONE.
11-23 10:57:32.417   497  9886 W InputReader: Device virtio_input_multi_touch_10 is associated with display ADISPLAY_ID_NONE.
11-23 10:57:32.417   497  9886 W InputReader: Device virtio_input_multi_touch_4 is associated with display ADISPLAY_ID_NONE.
11-23 10:57:32.417   497  9886 W InputReader: Device virtio_input_multi_touch_11 is associated with display ADISPLAY_ID_NONE.
11-23 10:57:32.417   497  9886 W InputReader: Device virtio_input_multi_touch_5 is associated with display ADISPLAY_ID_NONE.
11-23 10:57:32.417   497  9886 W InputReader: Device virtio_input_multi_touch_2 is associated with display ADISPLAY_ID_NONE.
11-23 10:57:32.417   497  9886 W InputReader: Device virtio_input_multi_touch_9 is associated with display ADISPLAY_ID_NONE.
11-23 10:57:32.417   497  9886 W InputReader: Device virtio_input_multi_touch_6 is associated with display ADISPLAY_ID_NONE.
11-23 10:57:32.417   497  9886 W InputReader: Device virtio_input_multi_touch_3 is associated with display ADISPLAY_ID_NONE.
11-23 10:57:32.417   497  9886 W InputReader: Device virtio_input_multi_touch_7 is associated with display ADISPLAY_ID_NONE.
11-23 10:57:32.417   497  9886 W InputReader: Device virtio_input_multi_touch_8 is associated with display ADISPLAY_ID_NONE.
11-23 10:57:32.484  6340  6340 I tencent.qqmusi: The ClassLoaderContext is a special shared library.
11-23 10:57:32.579   497  3171 W OpenGLRenderer: Failed to choose config with EGL_SWAP_BEHAVIOR_PRESERVED, retrying without...
11-23 10:57:32.583  6340  6340 E IncrementalCompile: Failed to inject for incremental compile: 
11-23 10:57:32.583  6340  6340 E IncrementalCompile: java.lang.NoSuchMethodException: com.tencent.d.a.a.a.get []
11-23 10:57:32.583  6340  6340 E IncrementalCompile: java.lang.Class.getMethod(Class.java:2072)
11-23 10:57:32.583  6340  6340 E IncrementalCompile: java.lang.Class.getDeclaredMethod(Class.java:2050)
11-23 10:57:32.583  6340  6340 E IncrementalCompile: com.tencent.qqmusic.MusicApplication.attachBaseContext(SourceFile:54)
11-23 10:57:32.583  6340  6340 E IncrementalCompile: android.app.Application.attach(Application.java:351)
11-23 10:57:32.583  6340  6340 E IncrementalCompile: android.app.Instrumentation.newApplication(Instrumentation.java:1159)
11-23 10:57:32.583  6340  6340 E IncrementalCompile: android.app.LoadedApk.makeApplication(LoadedApk.java:1236)
11-23 10:57:32.583  6340  6340 E IncrementalCompile: android.app.ActivityThread.handleBindApplication(ActivityThread.java:6683)
11-23 10:57:32.583  6340  6340 E IncrementalCompile: android.app.ActivityThread.access$1300(ActivityThread.java:237)
11-23 10:57:32.583  6340  6340 E IncrementalCompile: android.app.ActivityThread$H.handleMessage(ActivityThread.java:1913)
11-23 10:57:32.583  6340  6340 E IncrementalCompile: android.os.Handler.dispatchMessage(Handler.java:106)
11-23 10:57:32.583  6340  6340 E IncrementalCompile: android.os.Looper.loop(Looper.java:223)
11-23 10:57:32.583  6340  6340 E IncrementalCompile: android.app.ActivityThread.main(ActivityThread.java:7656)
11-23 10:57:32.583  6340  6340 E IncrementalCompile: java.lang.reflect.Method.invoke(Native Method)
11-23 10:57:32.583  6340  6340 E IncrementalCompile: com.android.internal.os.RuntimeInit$MethodAndArgsCaller.run(RuntimeInit.java:592)
11-23 10:57:32.583  6340  6340 E IncrementalCompile: com.android.internal.os.ZygoteInit.main(ZygoteInit.java:947)
11-23 10:57:32.584  6340  6340 W Tinker.TinkerLoader: tryLoadPatchFiles: tinker is disable, just return
11-23 10:57:32.585  6340  6340 I Tinker.AppLike: onBaseContextAttached start
11-23 10:57:32.585  6340  6340 I Tinker.AppLike: getCurProcessNameHashCode myPid = 6340
11-23 10:57:32.586  6340  6340 I InjectDexUtil: [attachBaseContextForMusic] start
11-23 10:57:32.586  6340  6340 I Delta   : [+0] before attach base , total: 0
11-23 10:57:32.586  6340  6340 I InjectDexUtil: [process pid=6340]
11-23 10:57:32.586  6340  6340 I Delta   : =================
11-23 10:57:32.586  6340  6340 W InjectDexUtil: [odex dir: /data/user/0/com.tencent.qqmusic/code_cache/secondary-dexes]-->
11-23 10:57:32.586  6340  6340 W InjectDexUtil: [odex exist: false][odex: isDirectory: false]-->
11-23 10:57:32.586  6340  6340 I Util4Process: getCurProcessNameHashCode myPid = 6340
11-23 10:57:32.586  6340  6340 I Util4Process: curr process = com.tencent.qqmusic
11-23 10:57:32.586  6340  6340 I Util4Process: getCurProcessNameHashCode get process name = com.tencent.qqmusic
11-23 10:57:32.586  6340  6340 I Util4Process: [getCurProcessNameHashCode] -1635328017 time:0
11-23 10:57:32.587  6340  6340 E SpLib#MusicApplication: mSpBridge is null! 
11-23 10:57:32.587  6340  6340 E SpLib#MusicApplication: dalvik.system.VMStack.getThreadStackTrace(Native Method)
11-23 10:57:32.587  6340  6340 E SpLib#MusicApplication: java.lang.Thread.getStackTrace(Thread.java:1736)
11-23 10:57:32.587  6340  6340 E SpLib#MusicApplication: com.tencent.qqmusic.MusicApplication.callStack(SourceFile:110)
11-23 10:57:32.587  6340  6340 E SpLib#MusicApplication: com.tencent.qqmusic.MusicApplication.getSharedPreferences(SourceFile:101)
11-23 10:57:32.587  6340  6340 E SpLib#MusicApplication: com.tencent.qqmusic.InjectDexUtil.a(SourceFile:147)
11-23 10:57:32.587  6340  6340 E SpLib#MusicApplication: com.tencent.qqmusic.InjectDexUtil.a(SourceFile:132)
