11-23 10:57:42.730  6340  7045 I WnsLogger: [Q:main][WnsSession.cpp:70][run]:[sessionNo:1], session run begin, ipModel:ip 101.226.211.235:443 Dns Tcp, status:InTry, apnBitmap:cmcc|unic|cmct|wifi|, apnInfo:, sType:0
11-23 10:57:42.731  6340  7045 I WnsLogger: [Q:main][WnsSession.cpp:543][stateChanged]:[sessionNo:1], connection state change from [DisConnected] to [Connecting]
11-23 10:57:42.731  6340  7045 I WnsLogger: [Q:main][WnsSession.cpp:433][setState]:[sessionNo:1], session [ip 101.226.211.235:443 Dns Tcp, status:InTry, apnBitmap:cmcc|unic|cmct|wifi|, apnInfo:] state change from [Init] to [Connecting]
11-23 10:57:42.732  6340  7045 E WnsLogger: [Q:main][WnsTcpConnection.cpp:224][connect]:connect socket succ, sock:69, fm:2
11-23 10:57:42.736  6340  7046 I WnsLogger: [Q:log][ConfigManager.cpp:630][realSave]:save config file to /data/user/0/com.tencent.qqmusic/config.xml success
11-23 10:57:42.738  6340  7045 I WnsLogger: [Q:main][WnsSession.cpp:70][run]:[sessionNo:2], session run begin, ipModel:ip 101.226.211.235:14000 Dns Tcp, status:InTry, apnBitmap:cmcc|unic|cmct|wifi|, apnInfo:, sType:0
11-23 10:57:42.738  6340  7045 I WnsLogger: [Q:main][WnsSession.cpp:543][stateChanged]:[sessionNo:2], connection state change from [DisConnected] to [Connecting]
11-23 10:57:42.738  6340  7045 I WnsLogger: [Q:main][WnsSession.cpp:433][setState]:[sessionNo:2], session [ip 101.226.211.235:14000 Dns Tcp, status:InTry, apnBitmap:cmcc|unic|cmct|wifi|, apnInfo:] state change from [Init] to [Connecting]
11-23 10:57:42.739  7090  7092 I cmd     : oneway function results will be dropped but finished with status OK and parcel size 4
11-23 10:57:42.741  6340  7045 E WnsLogger: [Q:main][WnsTcpConnection.cpp:224][connect]:connect socket succ, sock:122, fm:2
11-23 10:57:42.747  6340  7045 I WnsLogger: [Q:main][WnsSession.cpp:70][run]:[sessionNo:3], session run begin, ipModel:ip 101.226.211.235:80 Dns Http, status:InTry, apnBitmap:cmcc|unic|cmct|wifi|, apnInfo:, sType:0
11-23 10:57:42.748  6340  7045 I WnsLogger: [Q:main][WnsSession.cpp:543][stateChanged]:[sessionNo:3], connection state change from [DisConnected] to [Connected]
11-23 10:57:42.749  6340  7046 I WnsLogger: [Q:log][ConfigManager.cpp:630][realSave]:save config file to /data/user/0/com.tencent.qqmusic/config.xml success
11-23 10:57:42.749  6340  6826 I [SpLib]SpManager: [getSharedPreference] creating new [system sp]: SP_QUEUE_CACHE_VALUE @ 0
11-23 10:57:42.750  6340  6826 I [SpLib]SpManager: [getSharedPreference] creating new [system sp]: SP_QUEUE_CACHE_KEY @ 0
11-23 10:57:42.751  6340  7045 I WnsLogger: [Q:main][WnsSession.cpp:433][setState]:[sessionNo:3], session [ip 101.226.211.235:80 Dns Http, status:InTry, apnBitmap:cmcc|unic|cmct|wifi|, apnInfo:] state change from [Init] to [Connected]
11-23 10:57:42.751  6340  6826 I BootTimeHelper: report_splash [0]
11-23 10:57:42.752  6340  6826 I BootTimeHelper: init_splash [0]
11-23 10:57:42.752  6340  6989 E WnsClient: onServiceConnected, service=com.tencent.wns.service.WnsBinder@3981972
11-23 10:57:42.752  6340  6989 I WnsBinder: setClientInfo begin
11-23 10:57:42.752  6340  6989 I WnsBinder: start begin:1
11-23 10:57:42.752  6340  6989 E WnsBinder: Client Protection Saved : 201915;7;AND_QQMUSIC_10.2.5;7;V1_AND_QQMUSIC_10.2.5_7_70124_A;0;0;QQMusic;70124;10.2.5;11;3;1;;;
11-23 10:57:42.753  6340  6989 E WnsBinder: do recoverOriginAccount, ss:null
11-23 10:57:42.757  6340  6827 I BootTimeHelper: on_create_end [5]
11-23 10:57:42.758  6340  7045 I WnsLogger: [Q:main][WnsRequestPacker.cpp:33][pack]:packing wns.handshake, seqNo:1, busiData.size:9, networkType=[wifi],wid=[0],uid=[]
11-23 10:57:42.767  6340  6340 I Delta   : [+2522] init view , total: 10181
11-23 10:57:42.767  6340  6340 I BootTimeHelper: init_skin [0]
11-23 10:57:42.786  6340  6340 I Delta   : [+19] init main desktop , total: 10200
11-23 10:57:42.792  6340  7045 I WnsLogger: [Q:main][WnsRequestPacker.cpp:173][pack]:command=[wns.handshake],wid=[0],uid=[],udid = [0],anonymousId=[],traceid=[11_11637636262507_1637636262507]
11-23 10:57:42.806  6340  6340 I Delta   : [+19] infalte end , total: 10219
11-23 10:57:42.806  6340  6340 I EdgeGlowUtil: setEffectColor: edgeEffect =  android.widget.EdgeEffect@d5e101e
11-23 10:57:42.806  6340  6340 I EdgeGlowUtil: setEffectColor: done
11-23 10:57:42.806  6340  6340 I EdgeGlowUtil: setEffectColor: edgeEffect =  android.widget.EdgeEffect@f2a30ff
11-23 10:57:42.806  6340  6340 I EdgeGlowUtil: setEffectColor: done
11-23 10:57:42.828  6340  7045 I WnsLogger: [Q:main][WnsSessionManager.cpp:753][sendDataSuccess]:sendDataSuccess. seqNo:1, len 700
11-23 10:57:42.828  6340  7045 I WnsLogger: [Q:main][WnsRequestManager.cpp:222][requestSendSuccess]:can't find a request with seqNo 1
11-23 10:57:42.829  6340  7045 I WnsLogger: [Q:main][WnsSession.cpp:297][performHandshake]:[sessionNo:3], send handshake size 700.
11-23 10:57:42.829  6340  7045 I WnsLogger: [Q:main][WnsSession.cpp:433][setState]:[sessionNo:3], session [ip 101.226.211.235:80 Dns Http, status:InTry, apnBitmap:cmcc|unic|cmct|wifi|, apnInfo:] state change from [Connected] to [Handshaking]
11-23 10:57:42.830  6340  7045 I WnsLogger: [Q:main][WnsSession.cpp:70][run]:[sessionNo:4], session run begin, ipModel:ip 101.226.211.235:8080 Dns Http, status:InTry, apnBitmap:cmcc|unic|cmct|wifi|, apnInfo:, sType:0
11-23 10:57:42.831  6340  7045 I WnsLogger: [Q:main][WnsSession.cpp:543][stateChanged]:[sessionNo:4], connection state change from [DisConnected] to [Connected]
11-23 10:57:42.832  6340  7045 I WnsLogger: [Q:main][WnsSession.cpp:433][setState]:[sessionNo:4], session [ip 101.226.211.235:8080 Dns Http, status:InTry, apnBitmap:cmcc|unic|cmct|wifi|, apnInfo:] state change from [Init] to [Connected]
11-23 10:57:42.834  6340  7045 I WnsLogger: [Q:main][WnsRequestPacker.cpp:33][pack]:packing wns.handshake, seqNo:2, busiData.size:9, networkType=[wifi],wid=[0],uid=[]
11-23 10:57:42.857  6340  7045 I WnsLogger: [Q:main][WnsRequestPacker.cpp:173][pack]:command=[wns.handshake],wid=[0],uid=[],udid = [0],anonymousId=[],traceid=[11_11637636262508_1637636262508]
11-23 10:57:42.882  6340  7045 I WnsLogger: [Q:main][WnsSessionManager.cpp:753][sendDataSuccess]:sendDataSuccess. seqNo:2, len 700
11-23 10:57:42.882  6340  7045 I WnsLogger: [Q:main][WnsRequestManager.cpp:222][requestSendSuccess]:can't find a request with seqNo 2
11-23 10:57:42.883  6340  7045 I WnsLogger: [Q:main][WnsSession.cpp:297][performHandshake]:[sessionNo:4], send handshake size 700.
11-23 10:57:42.885  6340  7045 I WnsLogger: [Q:main][WnsSession.cpp:433][setState]:[sessionNo:4], session [ip 101.226.211.235:8080 Dns Http, status:InTry, apnBitmap:cmcc|unic|cmct|wifi|, apnInfo:] state change from [Connected] to [Handshaking]
11-23 10:57:42.885  6340  7045 I WnsLogger: [Q:main][WnsSessionManager.cpp:149][runSession]:cdn start:http://imgcache.qq.com/zljk/one.png
11-23 10:57:42.887  6340  6340 I Delta   : [+82] initView end , total: 10301
11-23 10:57:42.887  6340  6340 I Delta   : [+0] create main desktop end , total: 10301
11-23 10:57:42.888  6340  7045 I WnsLogger: [Q:main][WnsLocalDnsManager.cpp:96][startUrl]:localdns, startUrl:http://1637636262.3008358023.sngdia.imtmp.net/s
11-23 10:57:42.892  6340  7045 I WnsLogger: [Q:main][WnsSessionMonitor.cpp:53][start]:monitor start
11-23 10:57:42.904  6340  7045 I WnsLogger: [Q:main][WnsSession.cpp:543][stateChanged]:[sessionNo:1], connection state change from [Connecting] to [Connected]
11-23 10:57:42.913  6340  7045 I WnsLogger: [Q:main][WnsSession.cpp:433][setState]:[sessionNo:1], session [ip 101.226.211.235:443 Dns Tcp, status:InTry, apnBitmap:cmcc|unic|cmct|wifi|, apnInfo:] state change from [Connecting] to [Connected]
11-23 10:57:42.915  6340  7045 I WnsLogger: [Q:main][WnsRequestPacker.cpp:33][pack]:packing wns.handshake, seqNo:4, busiData.size:9, networkType=[wifi],wid=[0],uid=[]
11-23 10:57:42.916  6340  7045 I WnsLogger: [Q:main][WnsRequestPacker.cpp:173][pack]:command=[wns.handshake],wid=[0],uid=[],udid = [0],anonymousId=[],traceid=[11_11637636262509_1637636262509]
11-23 10:57:42.927  6340  7045 I WnsLogger: [Q:main][WnsTcpConnection.cpp:62][WnsCheckPkgLenFunc]:recv wns head, uPacketTotalLen:700.
11-23 10:57:42.930  6340  7045 I WnsLogger: [Q:main][WnsTcpConnection.cpp:300][realSend]:send succ. seqNo:4, length:700, ip:101.226.211.235, port:443.
11-23 10:57:42.931  6340  7045 I WnsLogger: [Q:main][WnsSessionManager.cpp:753][sendDataSuccess]:sendDataSuccess. seqNo:4, len 700
11-23 10:57:42.931  6340  7045 I WnsLogger: [Q:main][WnsRequestManager.cpp:222][requestSendSuccess]:can't find a request with seqNo 4
11-23 10:57:42.931  6340  7045 I WnsLogger: [Q:main][WnsSession.cpp:297][performHandshake]:[sessionNo:1], send handshake size 700.
11-23 10:57:42.931  6340  7045 I WnsLogger: [Q:main][WnsSession.cpp:433][setState]:[sessionNo:1], session [ip 101.226.211.235:443 Dns Tcp, status:InTry, apnBitmap:cmcc|unic|cmct|wifi|, apnInfo:] state change from [Connected] to [Handshaking]
11-23 10:57:42.931  6340  7045 I WnsLogger: [Q:main][WnsSession.cpp:543][stateChanged]:[sessionNo:2], connection state change from [Connecting] to [Connected]
11-23 10:57:42.932  6340  7045 I WnsLogger: [Q:main][WnsSession.cpp:433][setState]:[sessionNo:2], session [ip 101.226.211.235:14000 Dns Tcp, status:InTry, apnBitmap:cmcc|unic|cmct|wifi|, apnInfo:] state change from [Connecting] to [Connected]
11-23 10:57:42.953  6340  7045 I WnsLogger: [Q:main][WnsRequestPacker.cpp:33][pack]:packing wns.handshake, seqNo:5, busiData.size:9, networkType=[wifi],wid=[0],uid=[]
11-23 10:57:42.960  6340  7045 I WnsLogger: [Q:main][WnsRequestPacker.cpp:173][pack]:command=[wns.handshake],wid=[0],uid=[],udid = [0],anonymousId=[],traceid=[11_11637636262510_1637636262510]
11-23 10:57:42.961  6340  6340 I BootTimeHelper: inflate_view [194]
11-23 10:57:42.961  6340  6340 I Delta   : [+74] init base end , total: 10375
11-23 10:57:42.961  6340  6340 I Delta   : [+0] init minibar , total: 10375
11-23 10:57:42.962  6340  6340 I [SpLib]SpManager: [getSharedPreference] creating new [system sp]: qqmusic_shared_8 @ 0
11-23 10:57:42.963  6340  7045 I WnsLogger: [Q:main][WnsTcpConnection.cpp:62][WnsCheckPkgLenFunc]:recv wns head, uPacketTotalLen:700.
11-23 10:57:42.965  6340  7045 I WnsLogger: [Q:main][WnsTcpConnection.cpp:300][realSend]:send succ. seqNo:5, length:700, ip:101.226.211.235, port:14000.
11-23 10:57:42.965  6340  7045 I WnsLogger: [Q:main][WnsSessionManager.cpp:753][sendDataSuccess]:sendDataSuccess. seqNo:5, len 700
11-23 10:57:42.965  6340  7045 I WnsLogger: [Q:main][WnsRequestManager.cpp:222][requestSendSuccess]:can't find a request with seqNo 5
11-23 10:57:42.966  6340  7045 I WnsLogger: [Q:main][WnsSession.cpp:297][performHandshake]:[sessionNo:2], send handshake size 700.
11-23 10:57:42.966  6340  7045 I WnsLogger: [Q:main][WnsSession.cpp:433][setState]:[sessionNo:2], session [ip 101.226.211.235:14000 Dns Tcp, status:InTry, apnBitmap:cmcc|unic|cmct|wifi|, apnInfo:] state change from [Connected] to [Handshaking]
11-23 10:57:42.966  6340  7045 I WnsLogger: [Q:main][WnsUniversalSDK.cpp:840][setLoginType]:curLoginType:WID, newLoginType:WID
11-23 10:57:42.967  6340  6989 I WnsLogger: [Q:(null)][WnsLoginManager.cpp:27][login]:login begin, loginInfo.size:0, callback:0xbfaf340c.
11-23 10:57:42.969  6340  6989 E WnsLogger: [Q:(null)][WnsLoginManager.cpp:194][isEncryptKeyReady]:b2key is not ready. type:WID, state:Logining
11-23 10:57:42.993  6340  6826 I BootTimeHelper: storage_help [18]
11-23 10:57:43.026  6340  6400 I TMSelfUpdateManager: enter
11-23 10:57:43.044  6340  6826 I BootTimeHelper: program_register [50]
11-23 10:57:43.046  6546  6546 I Util4Process: setBackupProcessName processName = com.tencent.qqmusic:QQPlayerService
11-23 10:57:43.046  6340  7045 I WnsLogger: [Q:main][WnsTcpConnection.cpp:62][WnsCheckPkgLenFunc]:recv wns head, uPacketTotalLen:212.
11-23 10:57:43.046  6340  7045 I WnsLogger: [Q:main][WnsPacketUtil.cpp:681][isTlvMode]:wnsflag = 4640
11-23 10:57:43.047  6340  7045 I WnsLogger: [Q:main][WnsTcpConnection.cpp:418][OnRecv]:recv succ. seqNo:4, length:212, ip:101.226.211.235, port:443.
11-23 10:57:43.047  6546  6546 I System.out: [com/tencent/qqmusic/module/common@NetworkObserver]init by app context
11-23 10:57:43.048  6546  6546 I System.out: [com/tencent/qqmusic/module/common@NetworkObserver][registerReceiver]
11-23 10:57:43.048  6340  7045 I WnsLogger: [Q:main][WnsSession.cpp:504][dataReceived]:[sessionNo:1], recv data, seqNo:4, dataLen:212, state:3
11-23 10:57:43.048  6340  7045 I WnsLogger: [Q:main][WnsSession.cpp:314][handleHandshakeResponse]:[sessionNo:1], recv handshake response
11-23 10:57:43.049  6340  6827 I BootTimeHelper: init_model [5]
11-23 10:57:43.050  6340  6989 I WnsLogger: [Q:(null)][WnsWidLoginManager.cpp:97][renewEncryptKey]:isBackendOverload==0 || interval(1637636263)>=requestInterval(600), now:1637636263, lastTimeGetB2:0, renewB2.
11-23 10:57:43.056  6340  6826 I BootTimeHelper: ipc_init [1]
11-23 10:57:43.060  6546  6546 I System.out: [com/tencent/qqmusic/module/common@PriorityThreadFactory][newThread] io-0
11-23 10:57:43.061  6340  6827 I [SpLib]SpManager: [getSharedPreference] creating new [system sp]: Upgreade @ 0
11-23 10:57:43.061  6340  6827 I BootTimeHelper: init_register [5]
11-23 10:57:43.064  6546  6546 I [SpLib]SpManager: [getSharedPreference] creating new [composite sp]: qqmusicplayer @ 4
11-23 10:57:43.064  6546  6546 I [SpLib]SpManager: [getSharedPreference] creating new [system sp]: lastplaysong @ 0
11-23 10:57:43.065  6340  7045 I WnsLogger: [Q:main][WnsSessionManager.cpp:870][processHandshakeRsp]:clientinfo:58.211.218.74/42/19/0/3
11-23 10:57:43.078  6340  6826 I BootTimeHelper: program_other [17]
11-23 10:57:43.079  6340  6826 I Delta   : [+118] init code library end  , total: 10493
11-23 10:57:43.085  6546  6546 I [SpLib]SpManager: [getSharedPreference] creating new [composite sp]: PlayMonitor @ 4
11-23 10:57:43.101  6546  6546 I [SpLib]SpManager: [getSharedPreference] creating new [system sp]: qqmusic_shared_5 @ 0
11-23 10:57:43.104  6340  6400 I TMSelfUpdateManager: exit
11-23 10:57:43.107  6546  6546 I [SpLib]SpManager: [getSharedPreference] creating new [system sp]: PlayerProcessPref @ 0
11-23 10:57:43.115  6546  6643 I Xdb@player_process_db: [BackGround_HandlerThread][create] ================================
11-23 10:57:43.115  6546  6643 I Xdb@player_process_db: [BackGround_HandlerThread][create] init start
11-23 10:57:43.119  6546  6546 I [SpLib]SpManager: [getSharedPreference] creating new [system sp]: UserGearTypeSetting @ 0
11-23 10:57:43.119  6340  6827 I [SpLib]SpManager: [getSharedPreference] creating new [system sp]: QQMUSIC_DB_UPDATE @ 0
11-23 10:57:43.124  6340  6340 I ClipPathRelativeLayout: setRadius: 14.0
11-23 10:57:43.146  6340  7079 I WnsBinder: setCountryID=42
11-23 10:57:43.154  6340  6340 E error   : /proc/stat: open failed: EACCES (Permission denied)
11-23 10:57:43.161  6340  6821 I Xdb@QQMusic: [async-tool-0][insert] table=Theme_Table ret=1
11-23 10:57:43.166  6546  6643 I Xdb@player_process_dbOpenHelper: [BackGround_HandlerThread][onCreate] dbName = player_process_db
11-23 10:57:43.175  6340  6821 I Xdb@QQMusic: [async-tool-0][insert] table=Theme_Table ret=2
11-23 10:57:43.176  6340  6821 I Xdb@QQMusic: [async-tool-0][insert] table=Theme_Table ret=3
11-23 10:57:43.184  6546  6546 I [SpLib]SpManager: [getSharedPreference] creating new [system sp]: PlayGuard @ 0
11-23 10:57:43.184  6546  6546 I [SpLib]SpManager: [getSharedPreference] creating new [system sp]: LmkMonitor @ 0
11-23 10:57:43.185  6546  6546 I [SpLib]SpManager: [getSharedPreference] creating new [system sp]: LoudnessInsurerBuilder @ 0
11-23 10:57:43.194  6340  7079 E WnsNative: updateAppInfo, xxxxx
11-23 10:57:43.194  6340  7079 E WnsNative: updateAppInfo, ver:10.2.5
11-23 10:57:43.195  6546  6546 I [SpLib]SpManager: [getSharedPreference] creating new [composite sp]: dtsupgrade_androidx @ 4
11-23 10:57:43.202  6546  6643 I Xdb@player_process_dbOpenHelper: [BackGround_HandlerThread][onCreate] analysis time = 36
11-23 10:57:43.202  6546  6643 I Xdb@player_process_dbOpenHelper: [BackGround_HandlerThread][onCreate] exe:CREATE TABLE IF NOT EXISTS player_recent_play_folder_table(
11-23 10:57:43.202  6546  6643 I Xdb@player_process_dbOpenHelper: folderid integer,uin text,exten1 text,algorithm_id long,corner_icon text,diss_type integer,encrypt_uin text,folder_ai_uin text,foldertext3 text,album_tran text,banner_title text,buy_tips text,buy_url text,cdcount long,folder_des_content text,folder_ai_encrypt_uin text,has_paid integer NOT NULL DEFAULT 0,folder_label_id text,folder_label_name text,order_num integer,pic_jumpurl text,folder_pmid text,price integer NOT NULL DEFAULT 0,publishtime text,folder_read_time long,singerid long,foldertext4 text,singervip text,folder_submission_status integer,folder_top_time long,folder_update_time long,is_pin integer,order_type integer,pay_and_not_shelf integer NOT NULL DEFAULT 0,pay_and_not_shelf_info text,pic_with_name text,song_update_num integer,song_update_time long,user_avatorurl text,addfolderflag text,addsongflag text,folderlong1 text,foldertext1 text,count integer,crtv long,exten0 text,folderint1 integer,foldertext2 text,folderlong2 long,isshow integer,foldername text,exten3 text,userint1 integer,folderint2 integer,folderupdate integer,exten4 text,position long,running_bpm integer,running_type integer,foldertimetag integer,foldertype integer,exten2 text,
11-23 10:57:43.202  6546  6643 I Xdb@player_process_dbOpenHelper: PRIMARY KEY (folderid,uin));
11-23 10:57:43.205  6546  6546 I [SpLib]SpManager: [getSharedPreference] creating new [system sp]: SuperSound @ 0
11-23 10:57:43.205  6546  6546 I [SpLib]SpManager: [getSharedPreference] creating new [system sp]: SuperSoundDJ @ 0
11-23 10:57:43.206  6546  6643 I Xdb@player_process_dbOpenHelper: [BackGround_HandlerThread][onCreate] exe:CREATE TABLE IF NOT EXISTS extra_info_folder_table(
11-23 10:57:43.206  6546  6643 I Xdb@player_process_dbOpenHelper: exten1 text,folderid integer,uin text,user_folder_song_uin text,algorithm_id long,corner_icon text,diss_type integer,encrypt_uin text,folder_ai_uin text,foldertext3 text,album_tran text,banner_title text,buy_tips text,buy_url text,cdcount long,folder_des_content text,folder_ai_encrypt_uin text,has_paid integer NOT NULL DEFAULT 0,folder_label_id text,folder_label_name text,order_num integer,pic_jumpurl text,folder_pmid text,price integer NOT NULL DEFAULT 0,publishtime text,folder_read_time long,singerid long,foldertext4 text,singervip text,folder_submission_status integer,folder_top_time long,folder_update_time long,is_pin integer,order_type integer,pay_and_not_shelf integer NOT NULL DEFAULT 0,pay_and_not_shelf_info text,pic_with_name text,song_update_num integer,song_update_time long,user_avatorurl text,addfolderflag text,addsongflag text,folderlong1 text,foldertext1 text,count integer,crtv long,exten0 text,folderint1 integer,foldertext2 text,folderlong2 long,isshow integer,foldername text,exten3 text,userint1 integer,folderint2 integer,folderupdate integer,exten4 text,position long,running_bpm integer,running_type integer,foldertimetag integer,foldertype integer,exten2 text,
11-23 10:57:43.206  6546  6643 I Xdb@player_process_dbOpenHelper: PRIMARY KEY (exten1,folderid,uin));
11-23 10:57:43.209  6546  6643 I Xdb@player_process_dbOpenHelper: [BackGround_HandlerThread][onCreate] exe:CREATE TABLE IF NOT EXISTS player_recent_play_folder_song_table(
11-23 10:57:43.209  6546  6643 I Xdb@player_process_dbOpenHelper: id long,type text,folderid long,uin text,ex_ab_test text,ex_alternative_source text,ex_content_id text,ex_decrypt_method integer,ex_encrypt_method integer,ex_ext text,ex_folder_id integer,ex_folder_uin text,ex_from text,ex_from_path text,ex_is_inserted_song integer,ex_key long,ex_other_version_type integer,ex_play_source_mid text,ex_play_source_name text,ex_play_source_sub_type long,ex_play_source_type integer,ex_play_source_type_id long,ex_play_source_type_text text,ex_scene integer,ex_search_id text,ex_search_region text,ex_timestamp long,ex_tjreport text,ex_trace text,ex_weiyun_file_id text,pingpong text,sync_flag integer DEFAULT 1,temp_play_key text,userint1 integer,position long,folderstate integer NOT NULL DEFAULT 0,trace text,
11-23 10:57:43.209  6546  6643 I Xdb@player_process_dbOpenHelper: PRIMARY KEY (id,type,folderid,uin));
11-23 10:57:43.210  6546  6643 I Xdb@player_process_dbOpenHelper: [BackGround_HandlerThread][onCreate] exe:CREATE TABLE IF NOT EXISTS player_PlaySongHistoryTable(
11-23 10:57:43.210  6546  6643 I Xdb@player_process_dbOpenHelper: id INTEGER PRIMARY KEY AUTOINCREMENT ,count integer DEFAULT 0,increase_count integer DEFAULT 0,lastPlayedTime long NOT NULL,songId long NOT NULL,uin text NOT NULL,
11-23 10:57:43.210  6546  6643 I Xdb@player_process_dbOpenHelper: UNIQUE (songId,uin) ON CONFLICT REPLACE);
11-23 10:57:43.215  6546  6643 I Xdb@player_process_dbOpenHelper: [BackGround_HandlerThread][onCreate] exe:CREATE TABLE IF NOT EXISTS first_piece_info_table(
11-23 10:57:43.215  6546  6643 I Xdb@player_process_dbOpenHelper: key text,audio_gear_type integer,is_background integer,create_time long,device_performance_level integer,ip_address text,is_auto_next integer,is_inserted_song integer,is_paid_monthly integer,screen_on integer,is_vip integer,network_type integer,notification_enabled integer,played_song_index integer,playlist_like_count integer,playlist_type integer,play_mode integer,song_changed_count integer,song_quality integer,storage_available long,used_count integer,vip_level long,
11-23 10:57:43.215  6546  6643 I Xdb@player_process_dbOpenHelper: PRIMARY KEY (key));
11-23 10:57:43.216  6546  6643 I Xdb@player_process_dbOpenHelper: [BackGround_HandlerThread][onCreate] exe:CREATE TABLE IF NOT EXISTS song_cache_table(
11-23 10:57:43.216  6546  6643 I Xdb@player_process_dbOpenHelper: cache_path text,cache_time long,cache_type integer,song_id long,song_type integer,
11-23 10:57:43.216  6546  6643 I Xdb@player_process_dbOpenHelper: PRIMARY KEY (cache_path));
11-23 10:57:43.216  6546  6643 I Xdb@player_process_dbOpenHelper: [BackGround_HandlerThread][onCreate] exe:CREATE TABLE IF NOT EXISTS wait_4_sync_song_table(
11-23 10:57:43.216  6546  6643 I Xdb@player_process_dbOpenHelper: id long NOT NULL,type integer NOT NULL,action_icons integer,songstring12 text,albumname text,album_p_mid text,album_tran text,msgDown integer,msgFav integer,msgShare integer,bpm long,stringadd4 text,genre integer,similar integer,language integer,last_long_progress text,singer_tran text,modify_stamp long,msg_pay integer,mvtype integer,stringadd1 text,ordername text,stringadd2 text,original_album text,original_name text,original_singer text,pay_type integer,ppurl text,ppurl_time_stamp long,rc_link text,rc_reason text,sameid long,singername text,singer_p_mid text,albumUrl text,size_hires long,smart_label text,songint1 integer,longadd5 long,songstring10 text,belongcd text,cdindex integer,data_type integer,stringadd3 text,longadd3 long,err integer,fakesongid long,faketype text,interval integer,file text,song_tran text,fid long NOT NULL,gyl_reason text,gyl_reason_id integer,longadd4 long,alert integer,pay_download integer,pay_play integer,pay_album integer,pay_album_price integer,pay_month integer,pay_price integer,pay_status integer,quality integer DEFAULT -1,switch integer,try_begin integer,try_end integer,try_size integer,ksongid text,ksongmid text,songint2 integer,songstring13 text,liveurl text,songstring9 text,name text NOT NULL,parentPath text,songstring8 text,sa integer,searchid text,shoufa text,longadd1 long,songstring11 text,longadd2 long,size24 long,size48 long,size96 long,size_96k_ogg long,wapliveurl text,trace text,version integer,wapdownloadurl text,downloadurl text,stringadd5 text,time_public text,b_30s integer,e_30s integer,volume_gain double,volume_lra double,volume_peak double,
11-23 10:57:43.216  6546  6643 I Xdb@player_process_dbOpenHelper: PRIMARY KEY (id,type));
11-23 10:57:43.216  6546  6643 I Xdb@player_process_dbOpenHelper: [BackGround_HandlerThread][onCreate] exe:CREATE TABLE IF NOT EXISTS wait_4_sync_download_song_table(
11-23 10:57:43.216  6546  6643 I Xdb@player_process_dbOpenHelper: d_songid long,d_songtype integer,d_bitrate integer DEFAULT -1,d_contentid text,d_state integer,d_errorcode integer,d_errorstate integer,d_filedir text,d_filename text,d_filesize long,d_frompage text,d_frompath text,d_quality integer DEFAULT -1,d_time long,d_url text,
11-23 10:57:43.216  6546  6643 I Xdb@player_process_dbOpenHelper: PRIMARY KEY (d_songid,d_songtype));
11-23 10:57:43.241  6340  7045 E WnsLogger: [Q:main][IpInfoCenter.cpp:233][freeInstalledIpList]:unknown appType:3
11-23 10:57:43.241  6546  6660 I [SpLib]SpManager: [getSharedPreference] creating new [system sp]: PlayerPreferences @ 0
11-23 10:57:43.248  6546  6660 I Xdb@/storage/emulated/0/Android/data/com.tencent.qqmusic/files/qqmusic/externalDB/extra_player[business-default-1][create] ================================
11-23 10:57:43.248  6546  6660 I Xdb@/storage/emulated/0/Android/data/com.tencent.qqmusic/files/qqmusic/externalDB/extra_player[business-default-1][create] init start
11-23 10:57:43.252  6546  6546 I System.out: [com/tencent/qqmusic/module/common@PriorityThreadFactory][newThread] async-tool-0
11-23 10:57:43.259  6546  6643 I Xdb@player_process_dbOpenHelper: [BackGround_HandlerThread][onCreate] exe:CREATE TABLE IF NOT EXISTS open_id_auth_table(
11-23 10:57:43.259  6546  6643 I Xdb@player_process_dbOpenHelper: package_name text NOT NULL,active_time long,app_id integer,auth_time long,sdk_version integer,use_auth_time long,
11-23 10:57:43.259  6546  6643 I Xdb@player_process_dbOpenHelper: PRIMARY KEY (package_name));
11-23 10:57:43.263  6340  6340 I BootTimeHelper: init_mini_bar [184]
11-23 10:57:43.263  6546  6643 I Xdb@player_process_dbOpenHelper: [BackGround_HandlerThread][onCreate] exe time = 61
11-23 10:57:43.265  6340  6340 I Delta   : [+186] start main view , total: 10679
11-23 10:57:43.274  6546  7176 I System.out: [com/tencent/qqmusic/module/common@PriorityThreadFactory][newThread] async-tool-1
11-23 10:57:43.276  6546  6660 I Xdb@/storage/emulated/0/Android/data/com.tencent.qqmusic/files/qqmusic/externalDB/extra_player[business-default-1][onCreate] dbName = /storage/emulated/0/Android/data/com.tencent.qqmusic/files/qqmusic/externalDB/extra_player_process_db
11-23 10:57:43.279  6340  6340 I [SpLib]SpManager: [getSharedPreference] creating new [system sp]: qqmusic_shared_1 @ 0
11-23 10:57:43.280  6546  6643 I Xdb@player_process_db: [BackGround_HandlerThread][init] init cost = 165 ret = [oldVer=-1 newVer=108]
11-23 10:57:43.280  6546  6643 I Xdb@player_process_db: [BackGround_HandlerThread][create] finish ================================
11-23 10:57:43.282  6546  6660 I Xdb@/storage/emulated/0/Android/data/com.tencent.qqmusic/files/qqmusic/externalDB/extra_player[business-default-1][onCreate] analysis time = 6
11-23 10:57:43.282  6546  6660 I Xdb@/storage/emulated/0/Android/data/com.tencent.qqmusic/files/qqmusic/externalDB/extra_player[business-default-1][onCreate] exe:CREATE TABLE IF NOT EXISTS player_recent_play_folder_table(
11-23 10:57:43.282  6546  6660 I Xdb@/storage/emulated/0/Android/data/com.tencent.qqmusic/files/qqmusic/externalDB/extra_playerfolderid integer,uin text,exten1 text,algorithm_id long,corner_icon text,diss_type integer,encrypt_uin text,folder_ai_uin text,foldertext3 text,album_tran text,banner_title text,buy_tips text,buy_url text,cdcount long,folder_des_content text,folder_ai_encrypt_uin text,has_paid integer NOT NULL DEFAULT 0,folder_label_id text,folder_label_name text,order_num integer,pic_jumpurl text,folder_pmid text,price integer NOT NULL DEFAULT 0,publishtime text,folder_read_time long,singerid long,foldertext4 text,singervip text,folder_submission_status integer,folder_top_time long,folder_update_time long,is_pin integer,order_type integer,pay_and_not_shelf integer NOT NULL DEFAULT 0,pay_and_not_shelf_info text,pic_with_name text,song_update_num integer,song_update_time long,user_avatorurl text,addfolderflag text,addsongflag text,folderlong1 text,foldertext1 text,count integer,crtv long,exten0 text,folderint1 integer,foldertext2 text,folderlong2 long,isshow integer,foldername text,exten3 text,userint1 integer,folderint2 integer,folderupdate integer,exten4 text,position long,running_bpm integer,running_type integer,foldertimetag integer,foldertype integer,exten2 text,
11-23 10:57:43.282  6546  6660 I Xdb@/storage/emulated/0/Android/data/com.tencent.qqmusic/files/qqmusic/externalDB/extra_playerPRIMARY KEY (folderid,uin));
11-23 10:57:43.283  6546  6660 I Xdb@/storage/emulated/0/Android/data/com.tencent.qqmusic/files/qqmusic/externalDB/extra_player[business-default-1][onCreate] exe:CREATE TABLE IF NOT EXISTS player_recent_play_folder_song_table(
11-23 10:57:43.283  6546  6660 I Xdb@/storage/emulated/0/Android/data/com.tencent.qqmusic/files/qqmusic/externalDB/extra_playerid long,type text,folderid long,uin text,ex_ab_test text,ex_alternative_source text,ex_content_id text,ex_decrypt_method integer,ex_encrypt_method integer,ex_ext text,ex_folder_id integer,ex_folder_uin text,ex_from text,ex_from_path text,ex_is_inserted_song integer,ex_key long,ex_other_version_type integer,ex_play_source_mid text,ex_play_source_name text,ex_play_source_sub_type long,ex_play_source_type integer,ex_play_source_type_id long,ex_play_source_type_text text,ex_scene integer,ex_search_id text,ex_search_region text,ex_timestamp long,ex_tjreport text,ex_trace text,ex_weiyun_file_id text,pingpong text,sync_flag integer DEFAULT 1,temp_play_key text,userint1 integer,position long,folderstate integer NOT NULL DEFAULT 0,trace text,
11-23 10:57:43.283  6546  6660 I Xdb@/storage/emulated/0/Android/data/com.tencent.qqmusic/files/qqmusic/externalDB/extra_playerPRIMARY KEY (id,type,folderid,uin));
11-23 10:57:43.283  6546  6660 I Xdb@/storage/emulated/0/Android/data/com.tencent.qqmusic/files/qqmusic/externalDB/extra_player[business-default-1][onCreate] exe:CREATE TABLE IF NOT EXISTS player_PlaySongHistoryTable(
11-23 10:57:43.283  6546  6660 I Xdb@/storage/emulated/0/Android/data/com.tencent.qqmusic/files/qqmusic/externalDB/extra_playerid INTEGER PRIMARY KEY AUTOINCREMENT ,count integer DEFAULT 0,increase_count integer DEFAULT 0,lastPlayedTime long NOT NULL,songId long NOT NULL,uin text NOT NULL,
11-23 10:57:43.283  6546  6660 I Xdb@/storage/emulated/0/Android/data/com.tencent.qqmusic/files/qqmusic/externalDB/extra_playerUNIQUE (songId,uin) ON CONFLICT REPLACE);
11-23 10:57:43.283  6546  6660 I Xdb@/storage/emulated/0/Android/data/com.tencent.qqmusic/files/qqmusic/externalDB/extra_player[business-default-1][onCreate] exe time = 1
11-23 10:57:43.287  6546  6643 I Xdb@player_process_db: [BackGround_HandlerThread][delete] table=first_piece_info_table whereArgs=[Where = [] ]
11-23 10:57:43.292  6546  6660 I Xdb@/storage/emulated/0/Android/data/com.tencent.qqmusic/files/qqmusic/externalDB/extra_player[business-default-1][init] init cost = 44 ret = [oldVer=-1 newVer=108]
11-23 10:57:43.292  6546  6660 I Xdb@/storage/emulated/0/Android/data/com.tencent.qqmusic/files/qqmusic/externalDB/extra_player[business-default-1][create] finish ================================
11-23 10:57:43.293  6546  6546 I [SpLib]SpManager: [getSharedPreference] creating new [system sp]: qqmusic_shared_1 @ 0
11-23 10:57:43.299  6546  6546 I QQPlayerServiceNew: onCreate enable auto upload log
11-23 10:57:43.300  6546  6546 I System.out: [com/tencent/qqmusic/module/common@TimerTaskManager]schedule begin [preload-1637636263300].
11-23 10:57:43.300  6546  6546 I System.out: [com/tencent/qqmusic/module/common@TimerTaskManager]schedule -> create new Task [preload-1637636263300][period : 3600000].
11-23 10:57:43.301  6546  6546 I System.out: [com/tencent/qqmusic/module/common@TimerTaskManager]schedule end [preload-1637636263300].
11-23 10:57:43.302  6546  6546 I [SpLib]SpManager: [getSharedPreference] creating new [system sp]: qqmusic_shared_3 @ 0
11-23 10:57:43.307  6546  7151 I [SpLib]SpManager: [getSharedPreference] creating new [system sp]: ShufflePlaySongHistory @ 0
11-23 10:57:43.313  6340  7045 I WnsLogger: [Q:main][WnsSession.cpp:433][setState]:[sessionNo:1], session [ip 101.226.211.235:443 Dns Tcp, status:InTry, apnBitmap:cmcc|unic|cmct|wifi|, apnInfo:] state change from [Handshaking] to [Established]
11-23 10:57:43.315  6340  7046 I WnsLogger: [Q:log][ConfigManager.cpp:630][realSave]:save config file to /data/user/0/com.tencent.qqmusic/config.xml success
11-23 10:57:43.317  6340  7045 I WnsLogger: [Q:main][WnsSessionManager.cpp:785][notifySessionResult]:session:0xe8985480, result:0, type:0, ipInfo:ip 101.226.211.235:443 Dns Tcp, status:InTry, apnBitmap:cmcc|unic|cmct|wifi|, apnInfo:
11-23 10:57:43.317  6340  7045 I WnsLogger: [Q:main][WnsSessionManager.cpp:800][notifySessionResult]:===========================session================================
11-23 10:57:43.320  7185  7188 I cmd     : oneway function results will be dropped but finished with status OK and parcel size 4
11-23 10:57:43.323  6546  7171 I Xdb@player_process_db: [RecentPlayListHelper_HandlerThread][runOnTransaction] start
11-23 10:57:43.324  6546  7171 I Xdb@player_process_db: [RecentPlayListHelper_HandlerThread][insert] table=player_recent_play_folder_table ret=1
11-23 10:57:43.324  6546  7171 I Xdb@player_process_db: [RecentPlayListHelper_HandlerThread][runOnTransaction] finish
11-23 10:57:43.326  6340  6340 I [SpLib]SpManager: [getSharedPreference] creating new [composite sp]: dtsupgrade_androidx @ 4
11-23 10:57:43.342  6546  6546 I [SpLib]SpManager: [getSharedPreference] creating new [system sp]: CdnLocalStoreProvider @ 0
11-23 10:57:43.344  6546  6546 I [SpLib]SpManager: [getSharedPreference] creating new [system sp]: CDN_PREF_WIFI_1623685100 @ 0
11-23 10:57:43.345  6546  6546 I [SpLib]SpManager: [getSharedPreference] creating new [composite sp]: MusicSessionCache @ 4
11-23 10:57:43.347  6546  7192 I System.out: [com/tencent/qqmusic/module/common@PriorityThreadFactory][newThread] cgi-processor-0
11-23 10:57:43.348  6546  7197 I [SpLib]SpManager: [getSharedPreference] creating new [composite sp]: qqmusic @ 4
11-23 10:57:43.349  6546  6546 I System.out: [com/tencent/qqmusic/module/common@PriorityThreadFactory][newThread] async-tool-2
11-23 10:57:43.356  6546  7171 I Xdb@/storage/emulated/0/Android/data/com.tencent.qqmusic/files/qqmusic/externalDB/extra_player[RecentPlayListHelper_HandlerThread][runOnTransaction] start
11-23 10:57:43.367  6546  7171 I Xdb@/storage/emulated/0/Android/data/com.tencent.qqmusic/files/qqmusic/externalDB/extra_player[RecentPlayListHelper_HandlerThread][insert] table=player_recent_play_folder_table ret=1
11-23 10:57:43.367  6546  7171 I Xdb@/storage/emulated/0/Android/data/com.tencent.qqmusic/files/qqmusic/externalDB/extra_player[RecentPlayListHelper_HandlerThread][runOnTransaction] finish
11-23 10:57:43.368   640   640 I AvrcpMediaPlayerList: Adding wrapped media player: com.tencent.qqmusic at key: 1
11-23 10:57:43.368  6546  6546 I System.out: [com/tencent/qqmusic/module/common@NetworkObserver][onReceive] ConnectivityManager netType:1030
11-23 10:57:43.384  6546  6660 I System.out: [com/tencent/qqmusic/module/common@PriorityThreadFactory][newThread] ui-pool_normal-0
11-23 10:57:43.386  6546  7197 I System.out: [com/tencent/qqmusic/module/common@CacheValueProxy]by gen:null
11-23 10:57:43.386  6546  7197 W Settings: Setting android_id has moved from android.provider.Settings.System to android.provider.Settings.Secure, returning read-only value.
11-23 10:57:43.386  6546  7197 I System.out: [com/tencent/qqmusic/module/common@TelephonyUtil]D=,S=null,A=b294bf2ef094caa9,U=ffffffffd15bc8dd000000000033c587
11-23 10:57:43.386  6546  7197 W Settings: Setting android_id has moved from android.provider.Settings.System to android.provider.Settings.Secure, returning read-only value.
11-23 10:57:43.387  6546  7197 W Settings: Setting android_id has moved from android.provider.Settings.System to android.provider.Settings.Secure, returning read-only value.
11-23 10:57:43.387  6546  7197 I System.out: [com/tencent/qqmusic/module/common@TelephonyUtil]D=,S=null,A=b294bf2ef094caa9,U=ffffffffd15bc8dd000000000033c587
11-23 10:57:43.391  6546  7197 I [SpLib]SpManager: [getSharedPreference] creating new [composite sp]: benchmark_cache @ 4
11-23 10:57:43.398  6546  7197 I [SpLib]SpManager: [getSharedPreference] creating new [system sp]: qqmusic_shared_9 @ 0
11-23 10:57:43.413  6546  7197 I System.out: [com/tencent/qqmusic/module/common@PriorityThreadFactory][newThread] cgi-processor-1
11-23 10:57:43.416  6340  7045 I WnsLogger: [Q:main][WnsSessionManager.cpp:801][notifySessionResult]:ip 101.226.211.235:443 Dns Tcp, status:InTry, apnBitmap:cmcc|unic|cmct|wifi|, apnInfo:
11-23 10:57:43.417  6340  7045 I WnsLogger: [Q:main][WnsSessionManager.cpp:802][notifySessionResult]:=========================================================================
11-23 10:57:43.417  6340  7045 I WnsLogger: [Q:main][WnsSessionManager.cpp:805][notifySessionResult]:session
11-23 10:57:43.418  6340  7045 I WnsLogger: [Q:main][WnsSessionManager.cpp:322][stopSession]:stopping session ip 101.226.211.235:14000 Dns Tcp, status:InTry, apnBitmap:cmcc|unic|cmct|wifi|, apnInfo:
11-23 10:57:43.418  6340  7045 I WnsLogger: [Q:main][WnsSession.cpp:111][close]:[sessionNo:2], session close, ipModel:ip 101.226.211.235:14000 Dns Tcp, status:InTry, apnBitmap:cmcc|unic|cmct|wifi|, apnInfo:, sType:0
11-23 10:57:43.418  6340  7045 I WnsLogger: [Q:main][WnsSession.cpp:433][setState]:[sessionNo:2], session [ip 101.226.211.235:14000 Dns Tcp, status:InTry, apnBitmap:cmcc|unic|cmct|wifi|, apnInfo:] state change from [Handshaking] to [Cancelled]
11-23 10:57:43.419  6546  7207 I System.out: [com/tencent/qqmusic/module/common@PriorityThreadFactory][newThread] cgi-processor-2
11-23 10:57:43.419  6340  7045 I WnsLogger: [Q:main][WnsRequest.cpp:73][~WnsRequest]:0xf61c9c00  : |build packer| (life time:487ms, :0ms, total time:487ms)|, seqNo 5 cmd wns.handshake
11-23 10:57:43.431  6546  7209 W Settings: Setting android_id has moved from android.provider.Settings.System to android.provider.Settings.Secure, returning read-only value.
11-23 10:57:43.431  6546  7209 I [SpLib]SpManager: [getSharedPreference] creating new [composite sp]: chinaunicom @ 4
11-23 10:57:43.441  6546  7209 I System.out: [com/tencent/qqmusic/module/common@PriorityThreadFactory][newThread] single-thread-pool-0
11-23 10:57:43.441  6340  6340 I [SpLib]SpManager: [getSharedPreference] creating new [system sp]: QQMUSIC_WELCOME_CONFIG @ 0
11-23 10:57:43.456  6546  7197 I Tinker.PatchProImpl: tinker_id : tinker_id_qqmusic_10.2.5.7.r286c9734,swordId = qqmusic_10.2.5.7.r286c9734_sword
11-23 10:57:43.456  6546  7197 I [SpLib]SpManager: [getSharedPreference] creating new [composite sp]: patch @ 4
11-23 10:57:43.459  6340  6340 I BootTimeHelper: init_start_main_view [194]
11-23 10:57:43.460  6340  6340 I BootTimeHelper: hide_state_bar [1]
11-23 10:57:43.466  6340  6340 I BootTimeHelper: add_content_main_view [6]
11-23 10:57:43.470  6340  6340 I BootTimeHelper: fragment_stack [2]
11-23 10:57:43.470  6340  6340 I Delta   : [+205] init minibar end , total: 10884
11-23 10:57:43.474  6340  6340 I [SpLib]SpManager: [getSharedPreference] creating new [system sp]: PREFERENCE_SETTING_SP_NAME @ 0
11-23 10:57:43.496  6546  7197 I System.out: [com/tencent/qqmusic/module/common@PriorityThreadFactory][newThread] cgi-processor-3
11-23 10:57:43.501  6546  7213 I [SpLib]SpManager: [getSharedPreference] creating new [composite sp]: DnsCache#-1030_null_02:15:B2:00:00:00_10.0.2.17 @ 4
11-23 10:57:43.502  6546  7213 I [SpLib]SpManager: [getSharedPreference] creating new [composite sp]: DNS_CACHE_MAP @ 4
11-23 10:57:43.502  6546  6649 I System.out: [com/tencent/qqmusic/module/common@PriorityThreadFactory][newThread] async-tool-3
11-23 10:57:43.508  6546  7213 I [SpLib]SpManager: [getSharedPreference] creating new [system sp]: CgiDnsManagerSP @ 0
11-23 10:57:43.509  6546  6649 I Xdb@player_process_db: [MusicProcess_thread][runOnTransaction] start
11-23 10:57:43.509  6546  6649 I Xdb@player_process_db: [MusicProcess_thread][insert] table=player_recent_play_folder_table ret=2
11-23 10:57:43.509  6546  6649 I Xdb@player_process_db: [MusicProcess_thread][runOnTransaction] finish
11-23 10:57:43.515  6546  7218 I [SpLib]SpManager: [getSharedPreference] creating new [system sp]: qqmusic_shared_4 @ 0
11-23 10:57:43.523  6546  6649 I Xdb@player_process_db: [MusicProcess_thread][runOnTransaction] start
11-23 10:57:43.523  6546  6649 I Xdb@player_process_db: [MusicProcess_thread][insert] table=player_recent_play_folder_table ret=3
11-23 10:57:43.523  6546  6649 I Xdb@player_process_db: [MusicProcess_thread][runOnTransaction] finish
11-23 10:57:43.525  6340  7045 I WnsLogger: [Q:main][IPListManager.cpp:152][update]:Update ipmodel status, [ip 101.226.211.235:14000 Dns Tcp, status:InTry, apnBitmap:cmcc|unic|cmct|wifi|, apnInfo:] status: [InTry]-->[Init] serverIp 
11-23 10:57:43.525  6340  7045 I WnsLogger: [Q:main][WnsSessionManager.cpp:322][stopSession]:stopping session ip 101.226.211.235:80 Dns Http, status:InTry, apnBitmap:cmcc|unic|cmct|wifi|, apnInfo:
11-23 10:57:43.526  6340  7045 I WnsLogger: [Q:main][WnsSession.cpp:111][close]:[sessionNo:3], session close, ipModel:ip 101.226.211.235:80 Dns Http, status:InTry, apnBitmap:cmcc|unic|cmct|wifi|, apnInfo:, sType:0
11-23 10:57:43.526  6340  7045 I WnsLogger: [Q:main][WnsSession.cpp:433][setState]:[sessionNo:3], session [ip 101.226.211.235:80 Dns Http, status:InTry, apnBitmap:cmcc|unic|cmct|wifi|, apnInfo:] state change from [Handshaking] to [Cancelled]
11-23 10:57:43.531  6546  7199 I Xdb@player_process_db: [async-tool-2][runOnTransaction] start
11-23 10:57:43.532  6546  6649 I [SpLib]SpManager: [getSharedPreference] creating new [composite sp]: qqmusicplayer_new @ 4
11-23 10:57:43.532  6546  7199 I Xdb@player_process_db: [async-tool-2][insert] table=player_recent_play_folder_table ret=4
11-23 10:57:43.532  6546  7199 I Xdb@player_process_db: [async-tool-2][runOnTransaction] finish
11-23 10:57:43.539  6546  6649 I Xdb@player_process_db: [MusicProcess_thread][runOnTransaction] start
11-23 10:57:43.552  6546  6649 I Xdb@player_process_db: [MusicProcess_thread][runOnTransaction] finish
11-23 10:57:43.575  6546  6649 I Xdb@player_process_db: [MusicProcess_thread][runOnTransaction] start
11-23 10:57:43.575  6340  6340 I BootTimeHelper: pre_start [105]
11-23 10:57:43.578  6340  7045 I WnsLogger: [Q:main][WnsRequest.cpp:73][~WnsRequest]:0xf61c0760  : |build packer| (life time:821ms, :0ms, total time:821ms)|, seqNo 1 cmd wns.handshake
11-23 10:57:43.580  6546  6649 I Xdb@player_process_db: [MusicProcess_thread][delete] table=extra_info_folder_table whereArgs=[Where = [user_folder_song_uin= -3 ] ]
11-23 10:57:43.581  6546  6649 I Xdb@player_process_db: [MusicProcess_thread][runOnTransaction] finish
11-23 10:57:43.583  6546  6649 I Xdb@player_process_db: [MusicProcess_thread][delete] table=player_recent_play_folder_song_table whereArgs=[Where = [uin= -8 , folderid= -8 ] ]
11-23 10:57:43.600  6340  7045 I WnsLogger: [Q:main][IPListManager.cpp:152][update]:Update ipmodel status, [ip 101.226.211.235:80 Dns Http, status:InTry, apnBitmap:cmcc|unic|cmct|wifi|, apnInfo:] status: [InTry]-->[Init] serverIp 
11-23 10:57:43.600  6340  7045 I WnsLogger: [Q:main][WnsSessionManager.cpp:322][stopSession]:stopping session ip 101.226.211.235:8080 Dns Http, status:InTry, apnBitmap:cmcc|unic|cmct|wifi|, apnInfo:
11-23 10:57:43.600  6340  7045 I WnsLogger: [Q:main][WnsSession.cpp:111][close]:[sessionNo:4], session close, ipModel:ip 101.226.211.235:8080 Dns Http, status:InTry, apnBitmap:cmcc|unic|cmct|wifi|, apnInfo:, sType:0
11-23 10:57:43.600  6340  7045 I WnsLogger: [Q:main][WnsSession.cpp:433][setState]:[sessionNo:4], session [ip 101.226.211.235:8080 Dns Http, status:InTry, apnBitmap:cmcc|unic|cmct|wifi|, apnInfo:] state change from [Handshaking] to [Cancelled]
11-23 10:57:43.611  6340  6340 I Delta   : [+105] pre start end , total: 10989
11-23 10:57:43.613  6546  7199 I Xdb@player_process_db: [async-tool-2][runOnTransaction] start
11-23 10:57:43.613  6546  7199 I Xdb@player_process_db: [async-tool-2][delete] table=extra_info_folder_table whereArgs=[Where = [user_folder_song_uin= -5 ] ]
11-23 10:57:43.613  6546  7199 I Xdb@player_process_db: [async-tool-2][runOnTransaction] finish
11-23 10:57:43.619  6340  6340 I BootTimeHelper: do_resume_again [44]
11-23 10:57:43.620  6340  6340 I Delta   : [+44] doresume end , total: 11033
11-23 10:57:43.620  6340  6340 I BootTimeHelper: show_state_bar [1]
11-23 10:57:43.628  6340  6826 W tencent.qqmusi: Long monitor contention with owner main (6340) at void com.tencent.b.d$a.a(java.lang.String)(SourceFile:308) waiters=0 in void com.tencent.b.d$a.a(java.lang.String) for 150ms
11-23 10:57:43.632  6546  6649 I Xdb@player_process_db: [MusicProcess_thread][runOnTransaction] start
11-23 10:57:43.632  6546  6649 I Xdb@player_process_db: [MusicProcess_thread][delete] table=extra_info_folder_table whereArgs=[Where = [user_folder_song_uin= -5 ] ]
11-23 10:57:43.632  6546  6649 I Xdb@player_process_db: [MusicProcess_thread][runOnTransaction] finish
11-23 10:57:43.635  6340  7045 I WnsLogger: [Q:main][WnsRequest.cpp:73][~WnsRequest]:0xf61c6940  : |build packer| (life time:803ms, :0ms, total time:803ms)|, seqNo 2 cmd wns.handshake
11-23 10:57:43.635  6340  7045 I WnsLogger: [Q:main][IPListManager.cpp:152][update]:Update ipmodel status, [ip 101.226.211.235:8080 Dns Http, status:InTry, apnBitmap:cmcc|unic|cmct|wifi|, apnInfo:] status: [InTry]-->[Init] serverIp 
11-23 10:57:43.637  6340  7045 I WnsLogger: [Q:main][WnsSession.cpp:111][close]:[sessionNo:2], session close, ipModel:ip 101.226.211.235:14000 Dns Tcp, status:InTry, apnBitmap:cmcc|unic|cmct|wifi|, apnInfo:, sType:0
11-23 10:57:43.637  6340  7045 I WnsLogger: [Q:main][WnsSession.cpp:57][~WnsSession]:[sessionNo:2], session 0xe8985570 ip 101.226.211.235:14000 Dns Tcp, status:InTry, apnBitmap:cmcc|unic|cmct|wifi|, apnInfo: is destorying, :[sessionNo:2], session run begin, ipModel:ip 101.226.211.235:14000 Dns Tcp, status:InTry, apnBitmap:cmcc|unic|cmct|wifi|, apnInfo:, sType:0(time:1637636262)|session [ip 101.226.211.235:14000 Dns Tcp, status:InTry, apnBitmap:cmcc|unic|cmct|wifi|, apnInfo:] state change from [Init] to [Connecting]|session [ip 101.226.211.235:14000 Dns Tcp, status:InTry, apnBitmap:cmcc|unic|cmct|wifi|, apnInfo:] state change from [Connecting] to [Connected]|session [ip 101.226.211.235:14000 Dns Tcp, status:InTry, apnBitmap:cmcc|unic|cmct|wifi|, apnInfo:] state change from [Connected] to [Handshaking]|close|session [ip 101.226.211.235:14000 Dns Tcp, status:InTry, apnBitmap:cmcc|unic|cmct|wifi|, apnInfo:] state change from [Handshaking] to [Cancelled]|close|.
11-23 10:57:43.637  6340  7045 I WnsLogger: [Q:main][WnsSession.cpp:111][close]:[sessionNo:3], session close, ipModel:ip 101.226.211.235:80 Dns Http, status:InTry, apnBitmap:cmcc|unic|cmct|wifi|, apnInfo:, sType:0
11-23 10:57:43.637  6340  7045 I WnsLogger: [Q:main][WnsSession.cpp:57][~WnsSession]:[sessionNo:3], session 0xe8983680 ip 101.226.211.235:80 Dns Http, status:InTry, apnBitmap:cmcc|unic|cmct|wifi|, apnInfo: is destorying, :[sessionNo:3], session run begin, ipModel:ip 101.226.211.235:80 Dns Http, status:InTry, apnBitmap:cmcc|unic|cmct|wifi|, apnInfo:, sType:0(time:1637636262)|session [ip 101.226.211.235:80 Dns Http, status:InTry, apnBitmap:cmcc|unic|cmct|wifi|, apnInfo:] state change from [Init] to [Connected]|session [ip 101.226.211.235:80 Dns Http, status:InTry, apnBitmap:cmcc|unic|cmct|wifi|, apnInfo:] state change from [Connected] to [Handshaking]|close|session [ip 101.226.211.235:80 Dns Http, status:InTry, apnBitmap:cmcc|unic|cmct|wifi|, apnInfo:] state change from [Handshaking] to [Cancelled]|close|.
11-23 10:57:43.637  6340  7045 I WnsLogger: [Q:main][WnsSession.cpp:111][close]:[sessionNo:4], session close, ipModel:ip 101.226.211.235:8080 Dns Http, status:InTry, apnBitmap:cmcc|unic|cmct|wifi|, apnInfo:, sType:0
11-23 10:57:43.637  6340  7045 I WnsLogger: [Q:main][WnsSession.cpp:57][~WnsSession]:[sessionNo:4], session 0xe89898f0 ip 101.226.211.235:8080 Dns Http, status:InTry, apnBitmap:cmcc|unic|cmct|wifi|, apnInfo: is destorying, :[sessionNo:4], session run begin, ipModel:ip 101.226.211.235:8080 Dns Http, status:InTry, apnBitmap:cmcc|unic|cmct|wifi|, apnInfo:, sType:0(time:1637636262)|session [ip 101.226.211.235:8080 Dns Http, status:InTry, apnBitmap:cmcc|unic|cmct|wifi|, apnInfo:] state change from [Init] to [Connected]|session [ip 101.226.211.235:8080 Dns Http, status:InTry, apnBitmap:cmcc|unic|cmct|wifi|, apnInfo:] state change from [Connected] to [Handshaking]|close|session [ip 101.226.211.235:8080 Dns Http, status:InTry, apnBitmap:cmcc|unic|cmct|wifi|, apnInfo:] state change from [Handshaking] to [Cancelled]|close|.
11-23 10:57:43.637  6340  7045 I WnsLogger: [Q:main][IPListManager.cpp:152][update]:Update ipmodel status, [ip 101.226.211.235:443 Dns Tcp, status:InTry, apnBitmap:cmcc|unic|cmct|wifi|, apnInfo:] status: [InTry]-->[Success] serverIp 101.226.211.235
11-23 10:57:43.656  6340  7045 I WnsLogger: [Q:main][IPListManager.cpp:238][update]:ip: [101.226.211.235:443].
11-23 10:57:43.697  6340  7045 E WnsLogger: [Q:main][IpInfoCenter.cpp:233][freeInstalledIpList]:unknown appType:3
11-23 10:57:43.710  6340  6384 I [SpLib]SpManager: [getSharedPreference] creating new [system sp]: native_crash_time @ 0
11-23 10:57:43.712  6340  7045 I WnsLogger: [Q:main][WnsSessionManager.cpp:697][postWnsSessionStatusNotify]:postWnsSessionStatusNotify kWnsStatus:2, kWnsSessionException:0, (0:NoAvail 1:Connecting 2:Avail)
11-23 10:57:43.713  6340  7045 E WnsLogger: [Q:main][WnsLoginManager.cpp:194][isEncryptKeyReady]:b2key is not ready. type:WID, state:Logining
