11-23 10:57:43.718  6340  7045 I WnsLogger: [Q:main][WnsSwitchTimer.cpp:65][startOnceTimer]:timeout:900s, runMode:2
11-23 10:57:43.725  6340  7045 I WnsLogger: [Q:main][WnsHeartbeatManager.cpp:156][performHeartbeat]:don't need heartbeat ` scene 1, uin: register:0
11-23 10:57:43.731  6340  7045 I WnsLogger: [Q:main][WnsSessionManagerTrace.cpp:126][beginReport]:openSessionReportLog... timecost 824, wid 0, ret 0
11-23 10:57:43.731  6340  7045 I WnsLogger: [Q:main][WnsSessionManagerTrace.cpp:400][openSessionTimeReportLog]:openSessionTimeReportLog... timecost 824, wid 0, ret 0
11-23 10:57:43.733  6340  7045 I WnsLogger: [Q:main][WnsRequest.cpp:73][~WnsRequest]:0xf61cae20  : |build packer| (life time:820ms, :0ms, total time:820ms)|, seqNo 4 cmd wns.handshake
11-23 10:57:43.737  6340  7046 I WnsLogger: [Q:log][ConfigManager.cpp:630][realSave]:save config file to /data/user/0/com.tencent.qqmusic/config.xml success
11-23 10:57:43.740  6340  7045 I WnsLogger: [Q:main][WnsSessionManager.cpp:109][runSession]:session:1
11-23 10:57:43.740  6340  7045 I WnsLogger: [Q:main][WnsSessionManager.cpp:113][runSession]:sessionList.size() > 0 || failCount > 1, do nothing. state:2, failCount:0
11-23 10:57:43.740  6340  7045 I WnsLogger: [Q:main][WnsSessionMonitor.cpp:53][start]:monitor start
11-23 10:57:43.740  5484  5497 I mit.droidbotap: Background young concurrent copying GC freed 17589(1162KB) AllocSpace objects, 7(348KB) LOS objects, 41% free, 2285KB/3899KB, paused 15.078ms total 70.011ms
11-23 10:57:43.742  6340  7045 I WnsLogger: [Q:main][WnsOpenSessionReportRequest.cpp:75][OnDownloadComplete]:CDN, cost:856ms, data.size:95
11-23 10:57:43.742  6340  7045 I WnsLogger: [Q:main][WnsSessionManager.cpp:1025][reportFail]:cdn result 0 costTime 856
11-23 10:57:43.749  6340  6384 I [SpLib]SpManager: [getSharedPreference] creating new [system sp]: hippy_sdk_configs @ 0
11-23 10:57:43.754  6340  7045 E WnsLogger: [Q:main][IpInfoCenter.cpp:233][freeInstalledIpList]:unknown appType:3
11-23 10:57:43.826  6340  7045 I WnsLogger: [Q:main][WnsUniversalSDK.cpp:150][setAppInfo]:appId:201915, appType:3, qua:V1_AND_QQMUSIC_10.2.5_7_70124_A, deviceInfo:voice=no&pt=null&android=b294bf2ef094caa9&pid=com.tencent.qqmusic&imsi=N/A&mac=02:15:B2:00:00:00&sc=1&sig=CBD27CD7C861227D013A25B2D10F0799&sd=0&rom=11,RSR1.210210.001.A1&mem=2028620&udid=51B5F7CD50D645006725478C83C7AEC6&ca=armeabi-v7a&area=0&a=30&cf=2&d=2.75&f=unknown&i=b294bf2ef094caa9&cn=2&m=Android SDK built for x86&n=wifi&o=11&p=1080*1977&q=b294bf2ef094caa9&opgl=196608&pc=ARMv7 processor rev 4 (v7l)&sdk=0.0.1&hd=ndk_translation.
11-23 10:57:43.835  6340  7046 I WnsLogger: [Q:log][ConfigManager.cpp:630][realSave]:save config file to /data/user/0/com.tencent.qqmusic/config.xml success
11-23 10:57:43.835  6340  7045 I WnsLogger: [Q:main][WnsLocalDnsManager.cpp:185][OnDownloadComplete]:GetDownloadedBuffer succ. dataSize:66
11-23 10:57:43.857  7238  7238 E libc    : Access denied finding property "persist.device_config.runtime_native_boot.profilebootclasspath"
11-23 10:57:43.857  7238  7238 E libc    : Access denied finding property "persist.device_config.runtime_native_boot.enable_apex_image"
11-23 10:57:43.857  7238  7238 I AndroidRuntime: Using default boot image
11-23 10:57:43.857  7238  7238 E libc    : Access denied finding property "persist.device_config.runtime_native_boot.disable_lock_profiling"
11-23 10:57:43.857  7238  7238 I AndroidRuntime: Leaving lock profiling enabled
11-23 10:57:43.857  7238  7238 E libc    : Access denied finding property "persist.device_config.runtime_native_boot.enable_generational_cc"
11-23 10:57:43.862  7238  7238 I app_process: Core platform API reporting enabled, enforcing=false
11-23 10:57:43.851  7238  7238 W app_process: type=1400 audit(0.0:3872): avc: denied { read } for name="u:object_r:device_config_runtime_native_boot_prop:s0" dev="tmpfs" ino=166 scontext=u:r:shell:s0 tcontext=u:object_r:device_config_runtime_native_boot_prop:s0 tclass=file permissive=0
11-23 10:57:43.989  6546  7218 I Downloader#NetworkManager: [registerReceiver]
11-23 10:57:43.990  6546  6546 I Downloader#NetworkManager: [mNetWorkListener] onConnectivityChange
11-23 10:57:43.991  6546  6546 I Downloader#NetworkManager: old apn:none  new apn:wifi old isp:0 new isp:0
11-23 10:57:43.991  6546  6546 I Downloader#DnsService: [reset] key:none currKey:02:00:00:00:00:00
11-23 10:57:43.993   916  1134 W TelephonyPermissions: reportAccessDeniedToReadIdentifiers:com.tencent.qqmusic:getSubscriberId:1
11-23 10:57:43.995  6546  7218 I System.out: [com/tencent/qqmusic/module/common@PriorityThreadFactory][newThread] downloader-0
11-23 10:57:43.996  6546  7218 I [SpLib]SpManager: [getSharedPreference] creating new [system sp]: com.tencent.qqmusic_preferences @ 0
11-23 10:57:43.999  6546  7218 I System.out: [com/tencent/qqmusic/module/common@PriorityThreadFactory][newThread] download-common-0
11-23 10:57:44.035  6546  7259 I [SpLib]SpManager: [getSharedPreference] creating new [system sp]: downloa_stragegy @ 0
11-23 10:57:44.083  6340  6340 I [SpLib]SpManager: [getSharedPreference] creating new [system sp]: OnlineSearch @ 0
11-23 10:57:44.139  7238  7238 W app_process: Unexpected CPU variant for X86 using defaults: x86
11-23 10:57:44.140  6546  7266 I DnsServerManager: clear set dns
11-23 10:57:44.140  6546  7266 I DnsServerManager: add 10.0.2.3 byNetworkRequest
11-23 10:57:44.140  6546  7266 I DnsServerManager: clear set dns
11-23 10:57:44.140  6546  7266 I DnsServerManager: add 10.0.2.3 byNetworkRequest
11-23 10:57:44.141  7238  7238 I app_process: The ClassLoaderContext is a special shared library.
11-23 10:57:44.157  7238  7238 W app_process: JNI RegisterNativeMethods: attempt to register 0 native methods for android.media.AudioAttributes
11-23 10:57:44.233  6546  6820 I System.out: [com/tencent/qqmusic/module/common@RomInfoManager][onRealRomInfoUpdate] Android/Android/sdk_phone_x86/generic_x86:11/RSR1.210210.001.A1/7193139:userdebug/dev-keys/
11-23 10:57:44.237  6340  7248 I tencent.qqmusi: Thread[90,tid=7248,Native,Thread*=0xb8096c10,peer=0x14245e60,"hippy-js-Thread"] recursive attempt to load library "/data/app/~~CYeFVfQskXgpE3slX6pxZQ==/com.tencent.qqmusic-nue86Jiu24NzUgJgC6q_qQ==/lib/arm/libflexbox.so"
11-23 10:57:44.293  6546  7259 I System.out: [com/tencent/qqmusic/module/common@PriorityThreadFactory][newThread] download-common-1
11-23 10:57:44.305  6340  6340 I [SpLib]SpManager: [getSharedPreference] creating new [system sp]: qqmusicfloatadvertisement @ 0
11-23 10:57:44.305  6340  6340 I [SpLib]SpManager: [getSharedPreference] creating new [system sp]: qqmusicfloatadvertisementrecord @ 0
11-23 10:57:44.323  6546  7295 I System.out: [com/tencent/qqmusic/module/common@PriorityThreadFactory][newThread] resolver_threadpool_name_common-0
11-23 10:57:44.739  6546  7313 I System.out: [com/tencent/qqmusic/module/common@PriorityThreadFactory][newThread] io-1
11-23 10:57:44.761  6546  7259 I System.out: [com/tencent/qqmusic/module/common@PriorityThreadFactory][newThread] resolver_threadpool_name_common-1
11-23 10:57:44.884  6340  6989 I WnsBinder: start end:1
11-23 10:57:44.885  6340  6989 I WnsClient: Set Debug Server => 
11-23 10:57:44.886  6340  6989 I WnsClient: Set background => true
11-23 10:57:44.886  6340  6989 E WnsClient: onServiceConnected got a binder
11-23 10:57:44.887  6340  6981 W AccessCollector: no information collector delegate set, no uid report
11-23 10:57:44.888  6340  6981 I WnsClient: wns.bind.fail report to mm , errCode = 0
11-23 10:57:44.888  6340  6981 I WnsBinder: invoke begin. cmd:12
11-23 10:57:44.889  6340  6972 W tencent.qqmusi: Long monitor contention with owner Wns.Service.Worker (6989) at void com.tencent.wns.client.WnsServiceHost.a(android.content.ComponentName, android.os.IBinder)(SourceFile:563) waiters=0 in void java.util.Observable.setChanged() for 2.136s
11-23 10:57:44.890  6340  7045 W WnsNativeCallback: Wakelock ACQUIRED :)
11-23 10:57:44.892  6340  7045 I WnsLogger: [Q:main][WnsRequestManager.cpp:103][enqueueRequest]:insert request 6, current queue length 1
11-23 10:57:44.892  6340  7045 I WnsLogger: [Q:main][WnsRequestManager.cpp:126][sendRequest]:send request seqNo 6 cmd wns.getwid
11-23 10:57:44.908  6340  7045 I WnsLogger: [Q:main][WnsRequestPacker.cpp:33][pack]:packing wns.getwid, seqNo:6, busiData.size:341, networkType=[wifi],wid=[0],uid=[]
11-23 10:57:44.917  6340  7045 I WnsLogger: [Q:main][WnsRequestPacker.cpp:173][pack]:command=[wns.getwid],wid=[0],uid=[],udid = [0],anonymousId=[],traceid=[11_11637636262511_1637636262511]
11-23 10:57:44.918  6340  7045 I WnsLogger: [Q:main][WnsRequest.cpp:263][prepareExecute]:prepareExecute entry: cmd = wns.getwid, seqNo = 6
11-23 10:57:44.919  6340  7045 I WnsLogger: [Q:main][WnsSession.cpp:142][send]:[sessionNo:1], send data, seqNo:6, dataLen:1017, priority:5, timeout:20000ms, waitRsp:1.
11-23 10:57:44.925  6340  6340 I Delta   : [+1306] mainViewFirstDraw , total: 12339
11-23 10:57:44.925  6340  6340 I BootTimeHelper: main_view_first_draw [1305]
11-23 10:57:45.004  6340  7045 I WnsLogger: [Q:main][WnsTcpConnection.cpp:62][WnsCheckPkgLenFunc]:recv wns head, uPacketTotalLen:1017.
11-23 10:57:45.011  6340  7045 I WnsLogger: [Q:main][WnsTcpConnection.cpp:300][realSend]:send succ. seqNo:6, length:1017, ip:101.226.211.235, port:443.
11-23 10:57:45.011  6340  7045 I WnsLogger: [Q:main][WnsSessionManager.cpp:753][sendDataSuccess]:sendDataSuccess. seqNo:6, len 1017
11-23 10:57:45.017  6340  7045 I WnsLogger: [Q:main][WnsUniversalSDK.cpp:603][setDevModeIp]:isDevMode:0, ip:, port:0
11-23 10:57:45.035  6340  7045 I WnsLogger: [Q:main][WnsTcpConnection.cpp:62][WnsCheckPkgLenFunc]:recv wns head, uPacketTotalLen:542.
11-23 10:57:45.036  6340  7045 I WnsLogger: [Q:main][WnsPacketUtil.cpp:681][isTlvMode]:wnsflag = 4640
11-23 10:57:45.036  6340  7045 I WnsLogger: [Q:main][WnsTcpConnection.cpp:418][OnRecv]:recv succ. seqNo:6, length:542, ip:101.226.211.235, port:443.
11-23 10:57:45.038  6340  7045 I WnsLogger: [Q:main][WnsSession.cpp:504][dataReceived]:[sessionNo:1], recv data, seqNo:6, dataLen:542, state:4
11-23 10:57:45.038  6340  7045 I WnsLogger: [Q:main][WnsSessionManager.cpp:769][dataReceived]:receive data. seqNo:6, len 542
11-23 10:57:45.041  6340  7045 I WnsLogger: [Q:main][WnsRequestManager.cpp:282][responseReceived]:update shouldUseSessionHash to 1
11-23 10:57:45.050  6340  7045 I WnsLogger: [Q:main][WnsRequest.cpp:362][onReceiveData]:unpacking wns.getwid, seqNo:6, busiData.size:542, networkType=[wifi],wid=[0],uid=[]
11-23 10:57:45.075  6340  6981 W WnsMain : Runtime State Changed from Background  Foreground
11-23 10:57:45.092  6340  6825 I SafeMode: saveUserNumber userNumber = 
11-23 10:57:45.113  6340  6825 I [SpLib]SpManager: [getSharedPreference] creating new [system sp]: staticsPreference @ 0
11-23 10:57:45.115  6340  6369 I tencent.qqmusi: Background concurrent copying GC freed 121296(7655KB) AllocSpace objects, 330(8752KB) LOS objects, 49% free, 14MB/29MB, paused 654us total 1.427s
11-23 10:57:45.138   497  1003 I ActivityTaskManager: START u0 {flg=0x4000000 cmp=com.tencent.qqmusic/.activity.LoginActivity} from uid 10128
11-23 10:57:45.163   396   396 I perfetto: ing_service_impl.cc:758 Configured tracing session 24, #sources:1, duration:5000 ms, #buffers:1, total buffer size:4096 KB, total sessions:1, uid:1071 session name: ""
11-23 10:57:45.164   395   395 I perfetto: probes_producer.cc:230  Ftrace setup (target_buf=24)
11-23 10:57:45.177  6340  6827 I [SpLib]SpManager: [getSharedPreference] creating new [composite sp]: PlayMonitor @ 4
11-23 10:57:45.202   395   395 I perfetto: ftrace_procfs.cc:176    enabled ftrace
11-23 10:57:45.452     0     0 W perfetto: enabled ftrace
11-23 10:57:45.205  6340  6340 I Choreographer: Skipped 81 frames!  The application may be doing too much work on its main thread.
11-23 10:57:45.225   916  1134 W TelephonyPermissions: reportAccessDeniedToReadIdentifiers:com.tencent.qqmusic:getDeviceId:1
11-23 10:57:45.227   916  1134 W TelephonyPermissions: reportAccessDeniedToReadIdentifiers:com.tencent.qqmusic:getDeviceId:1
11-23 10:57:45.228   916  1134 W TelephonyPermissions: reportAccessDeniedToReadIdentifiers:com.tencent.qqmusic:getSubscriberId:1
11-23 10:57:45.244  6340  6827 I Delta   : [+318] onApplicationEnterForeground isAppStartFinish , total: 12657
11-23 10:57:45.245   916  1134 W TelephonyPermissions: reportAccessDeniedToReadIdentifiers:com.tencent.qqmusic:getIccSerialNumber:1
11-23 10:57:45.266   497  9886 W TelephonyPermissions: reportAccessDeniedToReadIdentifiers:com.tencent.qqmusic:getSerial:-1
11-23 10:57:45.268  6340  7343 W System.err: java.lang.SecurityException: getSerial: The user 10128 does not meet the requirements to access device identifiers.
11-23 10:57:45.272  6340  7343 W System.err: 	at android.os.Parcel.createExceptionOrNull(Parcel.java:2373)
11-23 10:57:45.272  6340  7343 W System.err: 	at android.os.Parcel.createException(Parcel.java:2357)
11-23 10:57:45.272  6340  7343 W System.err: 	at android.os.Parcel.readException(Parcel.java:2340)
11-23 10:57:45.272  6340  7343 W System.err: 	at android.os.Parcel.readException(Parcel.java:2282)
11-23 10:57:45.275  6340  7343 W System.err: 	at android.os.IDeviceIdentifiersPolicyService$Stub$Proxy.getSerialForPackage(IDeviceIdentifiersPolicyService.java:162)
11-23 10:57:45.275  6340  7343 W System.err: 	at android.os.Build.getSerial(Build.java:175)
11-23 10:57:45.275  6340  7343 W System.err: 	at com.weibo.ssosdk.a.d(SourceFile:532)
11-23 10:57:45.275  6340  7343 W System.err: 	at com.weibo.ssosdk.a.c(SourceFile:496)
11-23 10:57:45.275  6340  7343 W System.err: 	at com.weibo.ssosdk.a.e(SourceFile:251)
11-23 10:57:45.275  6340  7343 W System.err: 	at com.weibo.ssosdk.a.b(SourceFile:186)
11-23 10:57:45.275  6340  7343 W System.err: 	at com.weibo.ssosdk.WeiboSsoSdk.a(SourceFile:273)
11-23 10:57:45.275  6340  7343 W System.err: 	at com.weibo.ssosdk.WeiboSsoSdk.a(SourceFile:22)
11-23 10:57:45.275  6340  7343 W System.err: 	at com.weibo.ssosdk.WeiboSsoSdk$4.run(SourceFile:352)
11-23 10:57:45.275  6340  7343 W System.err: 	at java.lang.Thread.run(Thread.java:923)
11-23 10:57:45.283  6340  7343 W System.err: Caused by: android.os.RemoteException: Remote stack trace:
11-23 10:57:45.285  6340  7343 W System.err: 	at com.android.internal.telephony.TelephonyPermissions.reportAccessDeniedToReadIdentifiers(TelephonyPermissions.java:381)
11-23 10:57:45.285  6340  7343 W System.err: 	at com.android.internal.telephony.TelephonyPermissions.checkPrivilegedReadPermissionOrCarrierPrivilegePermission(TelephonyPermissions.java:323)
11-23 10:57:45.285  6340  7343 W System.err: 	at com.android.internal.telephony.TelephonyPermissions.checkCallingOrSelfReadDeviceIdentifiers(TelephonyPermissions.java:257)
11-23 10:57:45.285  6340  7343 W System.err: 	at com.android.internal.telephony.TelephonyPermissions.checkCallingOrSelfReadDeviceIdentifiers(TelephonyPermissions.java:233)
11-23 10:57:45.285  6340  7343 W System.err: 	at com.android.server.os.DeviceIdentifiersPolicyService$DeviceIdentifiersPolicy.getSerialForPackage(DeviceIdentifiersPolicyService.java:68)
11-23 10:57:45.380  6340  6407 I OpenGLRenderer: Davey! duration=1903ms; Flags=1, IntendedVsync=50121854169252, Vsync=50122204169238, OldestInputEvent=9223372036854775807, NewestInputEvent=0, HandleInputStart=50122216007205, AnimationStart=50122216008370, PerformTraversalsStart=50122216126555, DrawStart=50123185480974, SyncQueued=50123476542704, SyncStart=50123477900496, IssueDrawCommandsStart=50123481750730, SwapBuffers=50123704620528, FrameCompleted=50123758678195, DequeueBufferDuration=37224035, QueueBufferDuration=198061, GpuCompleted=0, 
11-23 10:57:45.424  6340  6407 I OpenGLRenderer: Davey! duration=1426ms; Flags=0, IntendedVsync=50122220838153, Vsync=50123570838099, OldestInputEvent=9223372036854775807, NewestInputEvent=0, HandleInputStart=50123583420044, AnimationStart=50123583421326, PerformTraversalsStart=50123585454525, DrawStart=50123585515872, SyncQueued=50123605135566, SyncStart=50123759949127, IssueDrawCommandsStart=50123760157953, SwapBuffers=50123766725069, FrameCompleted=50123802488685, DequeueBufferDuration=21792011, QueueBufferDuration=2313054, GpuCompleted=0, 
11-23 10:57:45.466  6340  7343 E libc    : Access denied finding property "ro.serialno"
11-23 10:57:45.459  6340  6340 W Thread-25: type=1400 audit(0.0:3876): avc: denied { read } for name="u:object_r:serialno_prop:s0" dev="tmpfs" ino=252 scontext=u:r:untrusted_app_27:s0:c512,c768 tcontext=u:object_r:serialno_prop:s0 tclass=file permissive=0 app=com.tencent.qqmusic
11-23 10:57:45.501  6340  6340 I [SpLib]SpManager: [getSharedPreference] creating new [system sp]: FILE_KEY_VIDEO_AUTO_PLAY_SETTING @ 0
11-23 10:57:45.598  6340  6938 I FILE_SCANER: ---------execute init----------
11-23 10:57:45.598  6340  6938 I FILE_SCANER:  getSupportedFileTypes 
11-23 10:57:45.598  6340  6938 I FILE_SCANER: count : 16 
11-23 10:57:45.600  6340  6340 I Delta   : [+356] clearSplash , total: 13013
11-23 10:57:45.646   497   517 W ActivityTaskManager: Activity pause timeout for ActivityRecord{a05d3c0 u0 com.tencent.qqmusic/.activity.AppStarterActivity t19}
11-23 10:57:45.646   497   517 W ActivityTaskManager: Tried to set launchTime (0) < mLastActivityLaunchTime (50117879)
11-23 10:57:45.648   497   517 W InputReader: Device virtio_input_multi_touch_10 is associated with display ADISPLAY_ID_NONE.
11-23 10:57:45.648   497   517 W InputReader: Device virtio_input_multi_touch_4 is associated with display ADISPLAY_ID_NONE.
11-23 10:57:45.648   497   517 W InputReader: Device virtio_input_multi_touch_11 is associated with display ADISPLAY_ID_NONE.
11-23 10:57:45.648   497   517 W InputReader: Device virtio_input_multi_touch_5 is associated with display ADISPLAY_ID_NONE.
11-23 10:57:45.648   497   517 W InputReader: Device virtio_input_multi_touch_2 is associated with display ADISPLAY_ID_NONE.
11-23 10:57:45.648   497   517 W InputReader: Device virtio_input_multi_touch_9 is associated with display ADISPLAY_ID_NONE.
11-23 10:57:45.648   497   517 W InputReader: Device virtio_input_multi_touch_6 is associated with display ADISPLAY_ID_NONE.
11-23 10:57:45.648   497   517 W InputReader: Device virtio_input_multi_touch_3 is associated with display ADISPLAY_ID_NONE.
11-23 10:57:45.648   497   517 W InputReader: Device virtio_input_multi_touch_7 is associated with display ADISPLAY_ID_NONE.
11-23 10:57:45.648   497   517 W InputReader: Device virtio_input_multi_touch_8 is associated with display ADISPLAY_ID_NONE.
11-23 10:57:45.649   497   517 W InputReader: Device virtio_input_multi_touch_10 is associated with display ADISPLAY_ID_NONE.
11-23 10:57:45.650   497   517 W InputReader: Device virtio_input_multi_touch_4 is associated with display ADISPLAY_ID_NONE.
11-23 10:57:45.650   497   517 W InputReader: Device virtio_input_multi_touch_11 is associated with display ADISPLAY_ID_NONE.
11-23 10:57:45.650   497   517 W InputReader: Device virtio_input_multi_touch_5 is associated with display ADISPLAY_ID_NONE.
11-23 10:57:45.650   497   517 W InputReader: Device virtio_input_multi_touch_2 is associated with display ADISPLAY_ID_NONE.
11-23 10:57:45.650   497   517 W InputReader: Device virtio_input_multi_touch_9 is associated with display ADISPLAY_ID_NONE.
11-23 10:57:45.650   497   517 W InputReader: Device virtio_input_multi_touch_6 is associated with display ADISPLAY_ID_NONE.
11-23 10:57:45.650   497   517 W InputReader: Device virtio_input_multi_touch_3 is associated with display ADISPLAY_ID_NONE.
11-23 10:57:45.650   497   517 W InputReader: Device virtio_input_multi_touch_7 is associated with display ADISPLAY_ID_NONE.
11-23 10:57:45.650   497   517 W InputReader: Device virtio_input_multi_touch_8 is associated with display ADISPLAY_ID_NONE.
11-23 10:57:45.656  6340  7045 I WnsLogger: [Q:main][WnsGetWidRequest.cpp:121][onReceiveData]:finally, get wid success!!!
11-23 10:57:45.656  6340  6938 I FILE_SCANER:  getBlackList 
11-23 10:57:45.656  6340  6938 I FILE_SCANER: count : 35 
11-23 10:57:45.694  6340  7045 I WnsLogger: [Q:main][WnsWidLoginManager.cpp:207][didGetWidSuccess]:wid is 1264397037040104448, b2 len is 40 b2key len is 16
11-23 10:57:45.722  6340  7045 E AuthMgr : set info 0
11-23 10:57:45.722  6340  7045 E AuthMgr : set info 1
11-23 10:57:45.722  6340  7045 E AuthMgr : set info 2
11-23 10:57:45.722  6340  7045 E AuthMgr : set info 18
11-23 10:57:45.722  6340  7045 E AuthMgr : set info 3
11-23 10:57:45.722  6340  7045 E AuthMgr : set info 29
11-23 10:57:45.722  6340  7045 E AuthMgr : set info 30
11-23 10:57:45.727  6340  6938 I FILE_SCANER:  getWhiteList 
11-23 10:57:45.727  6340  6938 I FILE_SCANER: count : 9 
11-23 10:57:45.727  6340  6938 I FILE_SCANER: DIR_DEPTH_LIMIT: 10, is_debug 0,filter_nomedia_dir 1,filter_hidden_dir 1
11-23 10:57:45.727  6340  6938 I FILE_SCANER: filescanner JNI_OnLoad 65540
11-23 10:57:45.727  6340  6938 I FILE_SCANER: init
11-23 10:57:45.727  6340  6938 I FILE_SCANER: ---------execute init----------
11-23 10:57:45.727  6340  6938 I FILE_SCANER:  getSupportedFileTypes 
11-23 10:57:45.727  6340  6938 I FILE_SCANER: count : 16 
11-23 10:57:45.727  6340  6938 I FILE_SCANER:  getBlackList 
11-23 10:57:45.727  6340  6938 I FILE_SCANER: count : 35 
11-23 10:57:45.727  6340  6938 I FILE_SCANER:  getWhiteList 
11-23 10:57:45.727  6340  6938 I FILE_SCANER: count : 9 
11-23 10:57:45.755  6340  6938 I FILE_SCANER: DIR_DEPTH_LIMIT: 10, is_debug 0,filter_nomedia_dir 1,filter_hidden_dir 1
11-23 10:57:45.761  6340  6340 I [SpLib]SpManager: [startServer] new server started: com.tencent.qqmusic.splib.SpRemoteServer@938d44e
11-23 10:57:45.762  6546  6590 I [SpLib]SpManager: [onServerConnected] enter. componentName: ComponentInfo{com.tencent.qqmusic/com.tencent.qqmusic.splib.SpRemoteServer}
11-23 10:57:45.762  6546  6590 I [SpLib]SpManager: [onServerConnected] server: com.tencent.qqmusic.splib.IpcTransactor$Proxy@7db3374(ComponentInfo{com.tencent.qqmusic/com.tencent.qqmusic.splib.SpRemoteServer}). creating ipc for client...
11-23 10:57:45.762  6546  6590 I [SpLib]SpManager: [onServerConnected] ipc created. notify server
11-23 10:57:45.762  6546  6590 I [SpLib]IpcTransactor.Proxy: [onClientConnection] enter. client: com.tencent.qqmusic.splib.impl.CacheIpcClientTransfer@1ba709d, event: 1
11-23 10:57:45.762  6340  6340 I [SpLib]IpcTransactor.Stub: [onTransact] OP_CODE_CLIENT_CONNECTION_CHANGED
11-23 10:57:45.764  6340  6340 I [SpLib]SpRemoteServer: [onClientConnection] client connected: com.tencent.qqmusic.splib.IpcTransactor$Proxy@36596f
11-23 10:57:45.764  6546  6590 I [SpLib]SpCompositeImpl: [onServerConnected] all done. new server accepted!
11-23 10:57:45.764  6546  6590 I [SpLib]IpcTransactor.Proxy: [onClientConnection] enter. client: com.tencent.qqmusic.splib.impl.CacheIpcClientTransfer@1ba709d, event: 1
11-23 10:57:45.764  6340  6340 I [SpLib]IpcTransactor.Stub: [onTransact] OP_CODE_CLIENT_CONNECTION_CHANGED
11-23 10:57:45.764  6340  6340 I [SpLib]SpRemoteServer: [onClientConnection] client connected: com.tencent.qqmusic.splib.IpcTransactor$Proxy@13e167c
11-23 10:57:45.764  6546  6590 I [SpLib]SpCompositeImpl: [onServerConnected] all done. new server accepted!
11-23 10:57:45.764  6546  6590 I [SpLib]IpcTransactor.Proxy: [onClientConnection] enter. client: com.tencent.qqmusic.splib.impl.CacheIpcClientTransfer@1ba709d, event: 1
11-23 10:57:45.764  6340  6340 I [SpLib]IpcTransactor.Stub: [onTransact] OP_CODE_CLIENT_CONNECTION_CHANGED
11-23 10:57:45.766  6340  6340 I [SpLib]SpRemoteServer: [onClientConnection] client connected: com.tencent.qqmusic.splib.IpcTransactor$Proxy@2318b05
11-23 10:57:45.766  6546  6590 I [SpLib]SpCompositeImpl: [onServerConnected] all done. new server accepted!
11-23 10:57:45.766  6546  6590 I [SpLib]IpcTransactor.Proxy: [onClientConnection] enter. client: com.tencent.qqmusic.splib.impl.CacheIpcClientTransfer@1ba709d, event: 1
11-23 10:57:45.766  6340  6340 I [SpLib]IpcTransactor.Stub: [onTransact] OP_CODE_CLIENT_CONNECTION_CHANGED
11-23 10:57:45.766  6340  6340 I [SpLib]SpRemoteServer: [onClientConnection] client connected: com.tencent.qqmusic.splib.IpcTransactor$Proxy@251e75a
11-23 10:57:45.766  6546  6590 I [SpLib]SpCompositeImpl: [onServerConnected] all done. new server accepted!
11-23 10:57:45.766  6546  6590 I [SpLib]IpcTransactor.Proxy: [onClientConnection] enter. client: com.tencent.qqmusic.splib.impl.CacheIpcClientTransfer@1ba709d, event: 1
11-23 10:57:45.766  6340  6340 I [SpLib]IpcTransactor.Stub: [onTransact] OP_CODE_CLIENT_CONNECTION_CHANGED
11-23 10:57:45.766  6340  6340 I [SpLib]SpRemoteServer: [onClientConnection] client connected: com.tencent.qqmusic.splib.IpcTransactor$Proxy@af91d8b
11-23 10:57:45.767  6546  6590 I [SpLib]SpCompositeImpl: [onServerConnected] all done. new server accepted!
11-23 10:57:45.767  6546  6590 I [SpLib]IpcTransactor.Proxy: [onClientConnection] enter. client: com.tencent.qqmusic.splib.impl.CacheIpcClientTransfer@1ba709d, event: 1
11-23 10:57:45.767  6340  6340 I [SpLib]IpcTransactor.Stub: [onTransact] OP_CODE_CLIENT_CONNECTION_CHANGED
11-23 10:57:45.767  6340  6340 I [SpLib]SpRemoteServer: [onClientConnection] client connected: com.tencent.qqmusic.splib.IpcTransactor$Proxy@7941e68
11-23 10:57:45.767  6546  6590 I [SpLib]SpCompositeImpl: [onServerConnected] all done. new server accepted!
11-23 10:57:45.767  6546  6590 I [SpLib]IpcTransactor.Proxy: [onClientConnection] enter. client: com.tencent.qqmusic.splib.impl.CacheIpcClientTransfer@1ba709d, event: 1
11-23 10:57:45.767  6340  6340 I [SpLib]IpcTransactor.Stub: [onTransact] OP_CODE_CLIENT_CONNECTION_CHANGED
11-23 10:57:45.768  6340  6340 I [SpLib]SpRemoteServer: [onClientConnection] client connected: com.tencent.qqmusic.splib.IpcTransactor$Proxy@7c4d281
11-23 10:57:45.768  6546  6590 I [SpLib]SpCompositeImpl: [onServerConnected] all done. new server accepted!
11-23 10:57:45.768  6546  6590 I [SpLib]IpcTransactor.Proxy: [onClientConnection] enter. client: com.tencent.qqmusic.splib.impl.CacheIpcClientTransfer@1ba709d, event: 1
11-23 10:57:45.768  6340  6340 I [SpLib]IpcTransactor.Stub: [onTransact] OP_CODE_CLIENT_CONNECTION_CHANGED
11-23 10:57:45.768  6340  6340 I [SpLib]SpRemoteServer: [onClientConnection] client connected: com.tencent.qqmusic.splib.IpcTransactor$Proxy@1da0767
11-23 10:57:45.768  6546  6590 I [SpLib]SpCompositeImpl: [onServerConnected] all done. new server accepted!
11-23 10:57:45.768  6546  6590 I [SpLib]IpcTransactor.Proxy: [onClientConnection] enter. client: com.tencent.qqmusic.splib.impl.CacheIpcClientTransfer@1ba709d, event: 1
11-23 10:57:45.768  6340  6340 I [SpLib]IpcTransactor.Stub: [onTransact] OP_CODE_CLIENT_CONNECTION_CHANGED
11-23 10:57:45.778  6340  6340 I [SpLib]SpRemoteServer: [onClientConnection] client connected: com.tencent.qqmusic.splib.IpcTransactor$Proxy@8c0b914
11-23 10:57:45.779  6546  6590 I [SpLib]SpCompositeImpl: [onServerConnected] all done. new server accepted!
11-23 10:57:45.779  6546  6590 I [SpLib]IpcTransactor.Proxy: [onClientConnection] enter. client: com.tencent.qqmusic.splib.impl.CacheIpcClientTransfer@1ba709d, event: 1
11-23 10:57:45.781  6340  6340 I [SpLib]IpcTransactor.Stub: [onTransact] OP_CODE_CLIENT_CONNECTION_CHANGED
11-23 10:57:45.781  6340  6340 I [SpLib]SpRemoteServer: [onClientConnection] client connected: com.tencent.qqmusic.splib.IpcTransactor$Proxy@57a5280
11-23 10:57:45.781  6546  6590 I [SpLib]SpCompositeImpl: [onServerConnected] all done. new server accepted!
11-23 10:57:45.781  6546  6590 I [SpLib]IpcTransactor.Proxy: [onClientConnection] enter. client: com.tencent.qqmusic.splib.impl.CacheIpcClientTransfer@1ba709d, event: 1
11-23 10:57:45.782  6340  6340 I [SpLib]IpcTransactor.Stub: [onTransact] OP_CODE_CLIENT_CONNECTION_CHANGED
11-23 10:57:45.783  6340  6340 I [SpLib]SpRemoteServer: [onClientConnection] client connected: com.tencent.qqmusic.splib.IpcTransactor$Proxy@da8ecfe
11-23 10:57:45.787  6546  6590 I [SpLib]SpCompositeImpl: [onServerConnected] all done. new server accepted!
11-23 10:57:45.787  6546  6590 I [SpLib]IpcTransactor.Proxy: [onClientConnection] enter. client: com.tencent.qqmusic.splib.impl.CacheIpcClientTransfer@1ba709d, event: 1
11-23 10:57:45.787  6340  6340 I [SpLib]IpcTransactor.Stub: [onTransact] OP_CODE_CLIENT_CONNECTION_CHANGED
11-23 10:57:45.787  6340  6340 I [SpLib]SpRemoteServer: [onClientConnection] client connected: com.tencent.qqmusic.splib.IpcTransactor$Proxy@5843f75
11-23 10:57:45.787  6546  6590 I [SpLib]SpCompositeImpl: [onServerConnected] all done. new server accepted!
11-23 10:57:45.787  6546  6590 I [SpLib]IpcTransactor.Proxy: [onClientConnection] enter. client: com.tencent.qqmusic.splib.impl.CacheIpcClientTransfer@1ba709d, event: 1
11-23 10:57:45.787  6340  6340 I [SpLib]IpcTransactor.Stub: [onTransact] OP_CODE_CLIENT_CONNECTION_CHANGED
11-23 10:57:45.787  6340  6340 I [SpLib]SpRemoteServer: [onClientConnection] client connected: com.tencent.qqmusic.splib.IpcTransactor$Proxy@e22db0a
11-23 10:57:45.787  6546  6590 I [SpLib]SpCompositeImpl: [onServerConnected] all done. new server accepted!
11-23 10:57:45.787  6546  6590 I [SpLib]IpcTransactor.Proxy: [onClientConnection] enter. client: com.tencent.qqmusic.splib.impl.CacheIpcClientTransfer@1ba709d, event: 1
11-23 10:57:45.787  6340  6340 I [SpLib]IpcTransactor.Stub: [onTransact] OP_CODE_CLIENT_CONNECTION_CHANGED
11-23 10:57:45.787  6340  6340 I [SpLib]SpRemoteServer: [onClientConnection] client connected: com.tencent.qqmusic.splib.IpcTransactor$Proxy@7507f7b
11-23 10:57:45.787  6546  6590 I [SpLib]SpCompositeImpl: [onServerConnected] all done. new server accepted!
11-23 10:57:45.787  6546  6590 I [SpLib]IpcTransactor.Proxy: [onClientConnection] enter. client: com.tencent.qqmusic.splib.impl.CacheIpcClientTransfer@1ba709d, event: 1
11-23 10:57:45.787  6340  6340 I [SpLib]IpcTransactor.Stub: [onTransact] OP_CODE_CLIENT_CONNECTION_CHANGED
11-23 10:57:45.787  6340  6340 I [SpLib]SpRemoteServer: [onClientConnection] client connected: com.tencent.qqmusic.splib.IpcTransactor$Proxy@83ff198
11-23 10:57:45.787  6546  6590 I [SpLib]SpCompositeImpl: [onServerConnected] all done. new server accepted!
11-23 10:57:45.787  6546  6590 I [SpLib]IpcTransactor.Proxy: [onClientConnection] enter. client: com.tencent.qqmusic.splib.impl.CacheIpcClientTransfer@1ba709d, event: 1
11-23 10:57:45.787  6340  6340 I [SpLib]IpcTransactor.Stub: [onTransact] OP_CODE_CLIENT_CONNECTION_CHANGED
11-23 10:57:45.787  6340  6340 I [SpLib]SpRemoteServer: [onClientConnection] client connected: com.tencent.qqmusic.splib.IpcTransactor$Proxy@2665df1
11-23 10:57:45.787  6546  6590 I [SpLib]SpCompositeImpl: [onServerConnected] all done. new server accepted!
11-23 10:57:45.787  6546  6590 I [SpLib]IpcTransactor.Proxy: [onClientConnection] enter. client: com.tencent.qqmusic.splib.impl.CacheIpcClientTransfer@1ba709d, event: 1
11-23 10:57:45.787  6340  6340 I [SpLib]IpcTransactor.Stub: [onTransact] OP_CODE_CLIENT_CONNECTION_CHANGED
11-23 10:57:45.787  6340  6340 I [SpLib]SpRemoteServer: [onClientConnection] client connected: com.tencent.qqmusic.splib.IpcTransactor$Proxy@f9b9dd6
11-23 10:57:45.787  6546  6590 I [SpLib]SpCompositeImpl: [onServerConnected] all done. new server accepted!
11-23 10:57:45.791  6340  6340 I Choreographer: Skipped 34 frames!  The application may be doing too much work on its main thread.
11-23 10:57:45.795  6340  6938 I FILE_SCANER: reset
11-23 10:57:45.820  6546  6930 I Xdb@player_process_db: [Binder:6546_4][runOnTransaction] start
11-23 10:57:45.820  6546  6930 I Xdb@player_process_db: [Binder:6546_4][runOnTransaction] finish
11-23 10:57:45.829  6546  6930 I Xdb@player_process_db: [Binder:6546_4][runOnTransaction] start
11-23 10:57:45.829  6546  6930 I Xdb@player_process_db: [Binder:6546_4][delete] table=extra_info_folder_table whereArgs=[Where = [user_folder_song_uin= -3 ] ]
11-23 10:57:45.829  6546  6930 I Xdb@player_process_db: [Binder:6546_4][runOnTransaction] finish
11-23 10:57:45.830  6546  6930 I Xdb@player_process_db: [Binder:6546_4][delete] table=player_recent_play_folder_song_table whereArgs=[Where = [uin= -8 , folderid= -8 ] ]
11-23 10:57:45.839  6340  7045 I WnsLogger: [Q:main][WnsUniversalSDK.cpp:1057][notifyWnsStatus]:oldStatus:1, curStatus:2, statusCallback:0xc10d131c
11-23 10:57:45.841  6340  7045 I WnsLogger: [Q:main][WnsLoginManager.cpp:418][notifyLoginSuccess]:uin:1264397037040104448
11-23 10:57:45.841  6340  7045 I WnsLogger: [Q:main][WnsRequestManager.cpp:126][sendRequest]:send request seqNo 6 cmd wns.getwid
11-23 10:57:45.842  6546  6930 I Xdb@player_process_db: [Binder:6546_4][runOnTransaction] start
11-23 10:57:45.843  6546  6930 I Xdb@player_process_db: [Binder:6546_4][delete] table=extra_info_folder_table whereArgs=[Where = [user_folder_song_uin= -5 ] ]
11-23 10:57:45.844  6546  6930 I Xdb@player_process_db: [Binder:6546_4][runOnTransaction] finish
11-23 10:57:45.863  7374  7380 I cmd     : oneway function results will be dropped but finished with status OK and parcel size 4
11-23 10:57:45.875  6340  7045 I WnsLogger: [Q:main][WnsRequest.cpp:162][canRunning]:request isExecuted.
11-23 10:57:45.915  6340  6827 I Benchmark: {"source":"SIMPLE","level":20,"sdk_int":30,"brand":"Android","score":0.0,"tencentLevel":0,"model":"Android SDK built for x86","brand_nick_name":"Android","cpu_nick_name":"hardware\t: ndk_translation","cpu_core_num":2,"cpu_core_freq":0.001953125,"memory":1.9346428,"gpu_freq":0.0,"gpu_down_freq":false,"screen_config":"1977x1080","cpu_score":0.0,"gpu_score":0.0,"oom_threshold":0.0,"screen_height":1977,"screen_width":1080,"screen_dpi":440}
11-23 10:57:45.917  6340  6340 I [SpLib]SpManager: [getSharedPreference] creating new [system sp]: qqmusic_shared_2 @ 0
11-23 10:57:45.918  6340  7079 I WnsBinder: result:0, biz:0
11-23 10:57:45.930  6340  6340 I BaseActivity: [LoginActivity][onCreate][isMultiDexInstall: true]-->
11-23 10:57:45.931  6340  6340 I Util4Process: setBackupProcessName processName = com.tencent.qqmusic
11-23 10:57:45.935  6340  7045 I WnsLogger: [Q:main][WnsLoginManager.cpp:237][finishLogin]:finishLogin:1
11-23 10:57:45.937  6340  7045 I WnsLogger: [Q:main][WnsRequest.cpp:771][finishRequest]:seqNo:6, cmd:wns.getwid
11-23 10:57:45.938  6340  7045 W WnsNativeCallback: Wakelock release :)
11-23 10:57:45.940  6340  7045 I WnsLogger: [Q:main][WnsRequest.cpp:73][~WnsRequest]:0xf61c9860  : |ready|build packer| : appid = 201915, wid = 0, uid = null,  = wns.getwid, seqNo = 6|...| packet size = 1017 ( = 10:57:45.011) (cost time = 93ms)|(size = 542, = 10:57:45.050,:39ms(0ms), :132ms):WnsCode = 0, BizCode = 0, BusiBuff length = 433|ready|request isExecuted.|| (life time:2889ms, :0ms, total time:1867ms)|, seqNo 6 cmd wns.getwid
11-23 10:57:45.945  6340  7045 I WnsLogger: [Q:main][WnsUniversalSDK.cpp:1076][notifyRunMode]:runmode changed, old:2, new:1
11-23 10:57:45.945  6340  7045 I WnsLogger: [Q:main][WnsSwitchTimer.cpp:65][startOnceTimer]:timeout:270s, runMode:1
11-23 10:57:45.945  6340  7045 I WnsLogger: [Q:main][WnsHeartbeatManager.cpp:129][fireHeartbeat]:isAppFirstLaunch && scene=5
11-23 10:57:45.945  6340  7045 I WnsLogger: [Q:main][WnsUniversalSDK.cpp:1096][notifyRunMode]:current time 1637636265, lastTimeEnterBackground 0 lastTimeSessionAvaliable 1637636263 resetBackgroundInterval 960.
11-23 10:57:45.946  6340  7045 I WnsLogger: [Q:main][WnsLocalDnsManager.cpp:96][startUrl]:localdns, startUrl:http://ping.huatuo.qq.com/getLocalDns.php?d=1637636262.3008358023.sngdia.imtmp.net
11-23 10:57:45.971  6546  7378 I System.out: [com/tencent/qqmusic/module/common@DeviceIdManager][updateSystemImei] trigger
11-23 10:57:45.984  6340  6384 I WebViewFactory: Loading com.google.android.webview version 83.0.4103.106 (code 410410681)
11-23 10:57:45.985  6546  7378 I System.out: [com/tencent/qqmusic/module/common@DeviceIdManager][triggerInit] ready to countDown
11-23 10:57:45.987  6340  7045 I WnsLogger: [Q:main][WnsUniversalSDK.cpp:1076][notifyRunMode]:runmode changed, old:1, new:1
11-23 10:57:45.988  6340  7328 I [SpLib]SpManager: [getSharedPreference] creating new [system sp]: com.qq.e.sdkconfig @ 0
11-23 10:57:46.007  6340  7045 I WnsLogger: [Q:main][WnsUniversalSDK.cpp:1096][notifyRunMode]:current time 1637636266, lastTimeEnterBackground 0 lastTimeSessionAvaliable 1637636263 resetBackgroundInterval 960.
11-23 10:57:46.007  6340  7328 W System.err: com.qq.e.comm.managers.plugin.c: Fail to getfactory implement instance for interface:com.qq.e.comm.pi.POFactory
11-23 10:57:46.007  6340  7328 W System.err: 	at com.qq.e.comm.managers.plugin.PM.a(Unknown Source:107)
11-23 10:57:46.007  6340  7328 W System.err: 	at com.qq.e.comm.managers.plugin.PM.getPOFactory(Unknown Source:13)
11-23 10:57:46.007  6340  7328 W System.err: 	at com.qq.e.comm.managers.GDTADManager.initWith(Unknown Source:121)
11-23 10:57:46.007  6340  7328 W System.err: 	at com.qq.e.ads.splash.TGSplashPreloader$1.run(Unknown Source:16)
11-23 10:57:46.007  6340  7328 W System.err: 	at java.util.concurrent.ThreadPoolExecutor.runWorker(ThreadPoolExecutor.java:1167)
11-23 10:57:46.007  6340  7328 W System.err: 	at java.util.concurrent.ThreadPoolExecutor$Worker.run(ThreadPoolExecutor.java:641)
11-23 10:57:46.007  6340  7328 W System.err: 	at java.lang.Thread.run(Thread.java:923)
11-23 10:57:46.007  6340  7328 W System.err: Caused by: java.lang.ExceptionInInitializerError
11-23 10:57:46.007  6340  7328 W System.err: 	at yaq.p.getobjresult(Native Method)
11-23 10:57:46.008  6340  7328 W System.err: 	at com.qq.e.o.p.comm.Core.getInstance(Unknown Source:6)
11-23 10:57:46.008  6340  7328 W System.err: 	at com.qq.e.comm.plugin.w.au.e(A:242)
11-23 10:57:46.008  6340  7328 W System.err: 	at com.qq.e.comm.plugin.w.au.<clinit>(A:28)
11-23 10:57:46.008  6340  7328 W System.err: 	at com.qq.e.comm.plugin.w.au.a(Unknown Source:0)
11-23 10:57:46.008  6340  7328 W System.err: 	at com.qq.e.comm.plugin.POFactoryImpl.<init>(A:94)
11-23 10:57:46.008  6340  7328 W System.err: 	at com.qq.e.comm.plugin.POFactoryImpl.<clinit>(A:75)
11-23 10:57:46.008  6340  7328 W System.err: 	at java.lang.reflect.Method.invoke(Native Method)
11-23 10:57:46.008  6340  7328 W System.err: 	at com.qq.e.comm.managers.plugin.PM.a(Unknown Source:46)
11-23 10:57:46.008  6340  7328 W System.err: 	... 6 more
11-23 10:57:46.008  6340  7328 W System.err: Caused by: java.lang.UnsupportedOperationException: unsupport OS version
11-23 10:57:46.008  6340  7328 W System.err: 	at yaq.p.<clinit>(Unknown Source:165)
11-23 10:57:46.008  6340  7328 W System.err: 	... 15 more
11-23 10:57:46.008  6340  6826 W tencent.qqmusi: Long monitor contention with owner pool-9-thread-1 (7328) at boolean com.qq.e.comm.managers.GDTADManager.initWith(android.content.Context, java.lang.String)(:-1) waiters=0 in boolean com.qq.e.comm.managers.GDTADManager.initWith(android.content.Context, java.lang.String) for 911ms
11-23 10:57:46.011  6340  7045 I WnsLogger: [Q:main][WnsUniversalSDK.cpp:522][registerRemoteNotification]:pushInfo:scene:1, deviceToken:, pushTemplate:, appenable:1, sysenable:1, callback:0xc10fcdbc
11-23 10:57:46.016  6340  6826 I tencent.qqmusi: Rejecting re-init on previously-failed class java.lang.Class<com.qq.e.comm.plugin.POFactoryImpl>: java.lang.ExceptionInInitializerError: 
11-23 10:57:46.016  6340  6826 I tencent.qqmusi: (Throwable with no stack trace)
11-23 10:57:46.016  6340  6826 I tencent.qqmusi: Rejecting re-init on previously-failed class java.lang.Class<com.qq.e.comm.plugin.POFactoryImpl>: java.lang.ExceptionInInitializerError: 
11-23 10:57:46.016  6340  6826 I tencent.qqmusi: (Throwable with no stack trace)
11-23 10:57:46.018  6340  7328 I tencent.qqmusi: Rejecting re-init on previously-failed class java.lang.Class<com.qq.e.comm.plugin.POFactoryImpl>: java.lang.ExceptionInInitializerError: 
11-23 10:57:46.018  6340  7328 I tencent.qqmusi: (Throwable with no stack trace)
11-23 10:57:46.018  6340  7328 I tencent.qqmusi: Rejecting re-init on previously-failed class java.lang.Class<com.qq.e.comm.plugin.POFactoryImpl>: java.lang.ExceptionInInitializerError: 
11-23 10:57:46.018  6340  7328 I tencent.qqmusi: (Throwable with no stack trace)
11-23 10:57:46.019  6340  7328 E _stub   : getStatLogger exception
11-23 10:57:46.019  6340  7328 E _stub   : com.qq.e.comm.managers.plugin.c: Fail to getfactory implement instance for interface:com.qq.e.comm.pi.POFactory
11-23 10:57:46.019  6340  7328 E _stub   : 	at com.qq.e.comm.managers.plugin.PM.a(Unknown Source:107)
11-23 10:57:46.019  6340  7328 E _stub   : 	at com.qq.e.comm.managers.plugin.PM.getPOFactory(Unknown Source:13)
11-23 10:57:46.019  6340  7328 E _stub   : 	at com.qq.e.comm.util.GDTLogger.a(Unknown Source:19)
11-23 10:57:46.019  6340  7328 E _stub   : 	at com.qq.e.comm.util.GDTLogger.a(Unknown Source:0)
11-23 10:57:46.019  6340  7328 E _stub   : 	at com.qq.e.comm.util.GDTLogger.e(Unknown Source:0)
11-23 10:57:46.019  6340  7328 E _stub   : 	at com.qq.e.ads.splash.TGSplashPreloader$1.run(Unknown Source:141)
11-23 10:57:46.019  6340  7328 E _stub   : 	at java.util.concurrent.ThreadPoolExecutor.runWorker(ThreadPoolExecutor.java:1167)
11-23 10:57:46.019  6340  7328 E _stub   : 	at java.util.concurrent.ThreadPoolExecutor$Worker.run(ThreadPoolExecutor.java:641)
11-23 10:57:46.019  6340  7328 E _stub   : 	at java.lang.Thread.run(Thread.java:923)
11-23 10:57:46.019  6340  7328 E _stub   : Caused by: java.lang.NoClassDefFoundError: com.qq.e.comm.plugin.POFactoryImpl
11-23 10:57:46.019  6340  7328 E _stub   : 	at java.lang.reflect.Method.invoke(Native Method)
11-23 10:57:46.019  6340  7328 E _stub   : 	at com.qq.e.comm.managers.plugin.PM.a(Unknown Source:46)
11-23 10:57:46.019  6340  7328 E _stub   : 	... 8 more
11-23 10:57:46.019  6340  7328 E _stub   : Caused by: java.lang.ExceptionInInitializerError
11-23 10:57:46.019  6340  7328 E _stub   : 	at yaq.p.getobjresult(Native Method)
11-23 10:57:46.019  6340  7328 E _stub   : 	at com.qq.e.o.p.comm.Core.getInstance(Unknown Source:6)
11-23 10:57:46.019  6340  7328 E _stub   : 	at com.qq.e.comm.plugin.w.au.e(A:242)
11-23 10:57:46.019  6340  7328 E _stub   : 	at com.qq.e.comm.plugin.w.au.<clinit>(A:28)
11-23 10:57:46.019  6340  7328 E _stub   : 	at com.qq.e.comm.plugin.w.au.a(Unknown Source:0)
11-23 10:57:46.019  6340  7328 E _stub   : 	at com.qq.e.comm.plugin.POFactoryImpl.<init>(A:94)
11-23 10:57:46.019  6340  7328 E _stub   : 	at com.qq.e.comm.plugin.POFactoryImpl.<clinit>(A:75)
11-23 10:57:46.019  6340  7328 E _stub   : 	at java.lang.reflect.Method.invoke(Native Method)
11-23 10:57:46.019  6340  7328 E _stub   : 	at com.qq.e.comm.managers.plugin.PM.a(Unknown Source:46)
11-23 10:57:46.019  6340  7328 E _stub   : 	at com.qq.e.comm.managers.plugin.PM.getPOFactory(Unknown Source:13)
11-23 10:57:46.019  6340  7328 E _stub   : 	at com.qq.e.comm.managers.GDTADManager.initWith(Unknown Source:121)
11-23 10:57:46.019  6340  7328 E _stub   : 	at com.qq.e.ads.splash.TGSplashPreloader$1.run(Unknown Source:16)
11-23 10:57:46.019  6340  7328 E _stub   : 	... 3 more
11-23 10:57:46.019  6340  7328 E _stub   : Caused by: java.lang.UnsupportedOperationException: unsupport OS version
11-23 10:57:46.019  6340  7328 E _stub   : 	at yaq.p.<clinit>(Unknown Source:165)
11-23 10:57:46.019  6340  7328 E _stub   : 	... 15 more
11-23 10:57:46.019  6340  7328 E _stub   : Fail to init splash plugin
11-23 10:57:46.019  6340  7328 E _stub   : com.qq.e.comm.managers.plugin.c: Fail to getfactory implement instance for interface:com.qq.e.comm.pi.POFactory
11-23 10:57:46.019  6340  7328 E _stub   : 	at com.qq.e.comm.managers.plugin.PM.a(Unknown Source:107)
11-23 10:57:46.019  6340  7328 E _stub   : 	at com.qq.e.comm.managers.plugin.PM.getPOFactory(Unknown Source:13)
11-23 10:57:46.019  6340  7328 E _stub   : 	at com.qq.e.ads.splash.TGSplashPreloader$1.run(Unknown Source:32)
11-23 10:57:46.019  6340  7328 E _stub   : 	at java.util.concurrent.ThreadPoolExecutor.runWorker(ThreadPoolExecutor.java:1167)
11-23 10:57:46.019  6340  7328 E _stub   : 	at java.util.concurrent.ThreadPoolExecutor$Worker.run(ThreadPoolExecutor.java:641)
11-23 10:57:46.019  6340  7328 E _stub   : 	at java.lang.Thread.run(Thread.java:923)
11-23 10:57:46.019  6340  7328 E _stub   : Caused by: java.lang.NoClassDefFoundError: com.qq.e.comm.plugin.POFactoryImpl
11-23 10:57:46.019  6340  7328 E _stub   : 	at java.lang.reflect.Method.invoke(Native Method)
11-23 10:57:46.019  6340  7328 E _stub   : 	at com.qq.e.comm.managers.plugin.PM.a(Unknown Source:46)
11-23 10:57:46.019  6340  7328 E _stub   : 	... 5 more
11-23 10:57:46.019  6340  7328 E _stub   : Caused by: java.lang.ExceptionInInitializerError
11-23 10:57:46.019  6340  7328 E _stub   : 	at yaq.p.getobjresult(Native Method)
11-23 10:57:46.019  6340  7328 E _stub   : 	at com.qq.e.o.p.comm.Core.getInstance(Unknown Source:6)
11-23 10:57:46.019  6340  7328 E _stub   : 	at com.qq.e.comm.plugin.w.au.e(A:242)
11-23 10:57:46.019  6340  7328 E _stub   : 	at com.qq.e.comm.plugin.w.au.<clinit>(A:28)
11-23 10:57:46.019  6340  7328 E _stub   : 	at com.qq.e.comm.plugin.w.au.a(Unknown Source:0)
11-23 10:57:46.019  6340  7328 E _stub   : 	at com.qq.e.comm.plugin.POFactoryImpl.<init>(A:94)
11-23 10:57:46.019  6340  7328 E _stub   : 	at com.qq.e.comm.plugin.POFactoryImpl.<clinit>(A:75)
11-23 10:57:46.019  6340  7328 E _stub   : 	at java.lang.reflect.Method.invoke(Native Method)
11-23 10:57:46.019  6340  7328 E _stub   : 	at com.qq.e.comm.managers.plugin.PM.a(Unknown Source:46)
11-23 10:57:46.019  6340  7328 E _stub   : 	at com.qq.e.comm.managers.plugin.PM.getPOFactory(Unknown Source:13)
11-23 10:57:46.019  6340  7328 E _stub   : 	at com.qq.e.comm.managers.GDTADManager.initWith(Unknown Source:121)
11-23 10:57:46.019  6340  7328 E _stub   : 	at com.qq.e.ads.splash.TGSplashPreloader$1.run(Unknown Source:16)
11-23 10:57:46.019  6340  7328 E _stub   : 	... 3 more
11-23 10:57:46.019  6340  7328 E _stub   : Caused by: java.lang.UnsupportedOperationException: unsupport OS version
11-23 10:57:46.019  6340  7328 E _stub   : 	at yaq.p.<clinit>(Unknown Source:165)
11-23 10:57:46.019  6340  7328 E _stub   : 	... 15 more
11-23 10:57:46.019  6340  7328 I tencent.qqmusi: Rejecting re-init on previously-failed class java.lang.Class<com.qq.e.comm.plugin.POFactoryImpl>: java.lang.ExceptionInInitializerError: 
11-23 10:57:46.019  6340  7328 I tencent.qqmusi: (Throwable with no stack trace)
11-23 10:57:46.019  6340  7328 I tencent.qqmusi: Rejecting re-init on previously-failed class java.lang.Class<com.qq.e.comm.plugin.POFactoryImpl>: java.lang.ExceptionInInitializerError: 
11-23 10:57:46.019  6340  7328 I tencent.qqmusi: (Throwable with no stack trace)
11-23 10:57:46.019  6340  7328 E _stub   : getStatLogger exception
11-23 10:57:46.019  6340  7328 E _stub   : com.qq.e.comm.managers.plugin.c: Fail to getfactory implement instance for interface:com.qq.e.comm.pi.POFactory
11-23 10:57:46.019  6340  7328 E _stub   : 	at com.qq.e.comm.managers.plugin.PM.a(Unknown Source:107)
11-23 10:57:46.019  6340  7328 E _stub   : 	at com.qq.e.comm.managers.plugin.PM.getPOFactory(Unknown Source:13)
11-23 10:57:46.019  6340  7328 E _stub   : 	at com.qq.e.comm.util.GDTLogger.a(Unknown Source:19)
11-23 10:57:46.019  6340  7328 E _stub   : 	at com.qq.e.comm.util.GDTLogger.a(Unknown Source:0)
11-23 10:57:46.019  6340  7328 E _stub   : 	at com.qq.e.comm.util.GDTLogger.e(Unknown Source:0)
11-23 10:57:46.019  6340  7328 E _stub   : 	at com.qq.e.ads.splash.TGSplashPreloader$1.run(Unknown Source:141)
11-23 10:57:46.019  6340  7328 E _stub   : 	at java.util.concurrent.ThreadPoolExecutor.runWorker(ThreadPoolExecutor.java:1167)
11-23 10:57:46.019  6340  7328 E _stub   : 	at java.util.concurrent.ThreadPoolExecutor$Worker.run(ThreadPoolExecutor.java:641)
11-23 10:57:46.019  6340  7328 E _stub   : 	at java.lang.Thread.run(Thread.java:923)
11-23 10:57:46.019  6340  7328 E _stub   : Caused by: java.lang.NoClassDefFoundError: com.qq.e.comm.plugin.POFactoryImpl
11-23 10:57:46.019  6340  7328 E _stub   : 	at java.lang.reflect.Method.invoke(Native Method)
11-23 10:57:46.019  6340  7328 E _stub   : 	at com.qq.e.comm.managers.plugin.PM.a(Unknown Source:46)
11-23 10:57:46.019  6340  7328 E _stub   : 	... 8 more
11-23 10:57:46.019  6340  7328 E _stub   : Caused by: java.lang.ExceptionInInitializerError
11-23 10:57:46.019  6340  7328 E _stub   : 	at yaq.p.getobjresult(Native Method)
11-23 10:57:46.019  6340  7328 E _stub   : 	at com.qq.e.o.p.comm.Core.getInstance(Unknown Source:6)
11-23 10:57:46.019  6340  7328 E _stub   : 	at com.qq.e.comm.plugin.w.au.e(A:242)
11-23 10:57:46.019  6340  7328 E _stub   : 	at com.qq.e.comm.plugin.w.au.<clinit>(A:28)
11-23 10:57:46.019  6340  7328 E _stub   : 	at com.qq.e.comm.plugin.w.au.a(Unknown Source:0)
11-23 10:57:46.019  6340  7328 E _stub   : 	at com.qq.e.comm.plugin.POFactoryImpl.<init>(A:94)
11-23 10:57:46.019  6340  7328 E _stub   : 	at com.qq.e.comm.plugin.POFactoryImpl.<clinit>(A:75)
11-23 10:57:46.019  6340  7328 E _stub   : 	at java.lang.reflect.Method.invoke(Native Method)
11-23 10:57:46.019  6340  7328 E _stub   : 	at com.qq.e.comm.managers.plugin.PM.a(Unknown Source:46)
11-23 10:57:46.019  6340  7328 E _stub   : 	at com.qq.e.comm.managers.plugin.PM.getPOFactory(Unknown Source:13)
11-23 10:57:46.019  6340  7328 E _stub   : 	at com.qq.e.comm.managers.GDTADManager.initWith(Unknown Source:121)
11-23 10:57:46.019  6340  7328 E _stub   : 	at com.qq.e.ads.splash.TGSplashPreloader$1.run(Unknown Source:16)
11-23 10:57:46.019  6340  7328 E _stub   : 	... 3 more
11-23 10:57:46.019  6340  7328 E _stub   : Caused by: java.lang.UnsupportedOperationException: unsupport OS version
11-23 10:57:46.019  6340  7328 E _stub   : 	at yaq.p.<clinit>(Unknown Source:165)
11-23 10:57:46.019  6340  7328 E _stub   : 	... 15 more
11-23 10:57:46.019  6340  7328 E _stub   : Fail to init splash plugin
11-23 10:57:46.019  6340  7328 E _stub   : com.qq.e.comm.managers.plugin.c: Fail to getfactory implement instance for interface:com.qq.e.comm.pi.POFactory
11-23 10:57:46.019  6340  7328 E _stub   : 	at com.qq.e.comm.managers.plugin.PM.a(Unknown Source:107)
