11-23 10:57:42.411  6340  6826 I WnsLogger: [Q:(null)][IPListManager.cpp:262][printIPList]:[bg:0] ip 61.151.168.184:14000 Backup Http, status:Init, apnBitmap:cmct|, apnInfo:
11-23 10:57:42.411  6340  6826 I WnsLogger: [Q:(null)][IPListManager.cpp:262][printIPList]:[bg:0] ip 120.241.186.13:80 Backup Tcp, status:Init, apnBitmap:cmcc|, apnInfo:
11-23 10:57:42.411  6340  6826 I WnsLogger: [Q:(null)][IPListManager.cpp:262][printIPList]:[bg:0] ip 120.241.186.13:80 Backup Http, status:Init, apnBitmap:cmcc|, apnInfo:
11-23 10:57:42.411  6340  6826 I WnsLogger: [Q:(null)][IPListManager.cpp:262][printIPList]:[bg:0] ip 120.241.186.13:443 Backup Tcp, status:Init, apnBitmap:cmcc|, apnInfo:
11-23 10:57:42.411  6340  6826 I WnsLogger: [Q:(null)][IPListManager.cpp:262][printIPList]:[bg:0] ip 120.241.186.13:443 Backup Http, status:Init, apnBitmap:cmcc|, apnInfo:
11-23 10:57:42.411  6340  6826 I WnsLogger: [Q:(null)][IPListManager.cpp:262][printIPList]:[bg:0] ip 120.241.186.13:8080 Backup Tcp, status:Init, apnBitmap:cmcc|, apnInfo:
11-23 10:57:42.411  6340  6826 I WnsLogger: [Q:(null)][IPListManager.cpp:262][printIPList]:[bg:0] ip 120.241.186.13:8080 Backup Http, status:Init, apnBitmap:cmcc|, apnInfo:
11-23 10:57:42.411  6340  6826 I WnsLogger: [Q:(null)][IPListManager.cpp:262][printIPList]:[bg:0] ip 120.241.186.13:14000 Backup Tcp, status:Init, apnBitmap:cmcc|, apnInfo:
11-23 10:57:42.411  6340  6826 I WnsLogger: [Q:(null)][IPListManager.cpp:262][printIPList]:[bg:0] ip 120.241.186.13:14000 Backup Http, status:Init, apnBitmap:cmcc|, apnInfo:
11-23 10:57:42.411  6340  6826 I WnsLogger: [Q:(null)][IPListManager.cpp:262][printIPList]:[bg:0] ip 157.255.173.146:80 Backup Tcp, status:Init, apnBitmap:unic|, apnInfo:
11-23 10:57:42.412  6340  6826 I WnsLogger: [Q:(null)][IPListManager.cpp:262][printIPList]:[bg:0] ip 157.255.173.146:80 Backup Http, status:Init, apnBitmap:unic|, apnInfo:
11-23 10:57:42.412  6340  6826 I WnsLogger: [Q:(null)][IPListManager.cpp:262][printIPList]:[bg:0] ip 157.255.173.146:443 Backup Tcp, status:Init, apnBitmap:unic|, apnInfo:
11-23 10:57:42.412  6340  6826 I WnsLogger: [Q:(null)][IPListManager.cpp:262][printIPList]:[bg:0] ip 157.255.173.146:443 Backup Http, status:Init, apnBitmap:unic|, apnInfo:
11-23 10:57:42.412  6340  6826 I WnsLogger: [Q:(null)][IPListManager.cpp:262][printIPList]:[bg:0] ip 157.255.173.146:8080 Backup Tcp, status:Init, apnBitmap:unic|, apnInfo:
11-23 10:57:42.412  6340  6826 I WnsLogger: [Q:(null)][IPListManager.cpp:262][printIPList]:[bg:0] ip 157.255.173.146:8080 Backup Http, status:Init, apnBitmap:unic|, apnInfo:
11-23 10:57:42.412  6340  6826 I WnsLogger: [Q:(null)][IPListManager.cpp:262][printIPList]:[bg:0] ip 157.255.173.146:14000 Backup Tcp, status:Init, apnBitmap:unic|, apnInfo:
11-23 10:57:42.412  6340  6826 I WnsLogger: [Q:(null)][IPListManager.cpp:262][printIPList]:[bg:0] ip 157.255.173.146:14000 Backup Http, status:Init, apnBitmap:unic|, apnInfo:
11-23 10:57:42.412  6340  6826 I WnsLogger: [Q:(null)][IPListManager.cpp:262][printIPList]:[bg:0] ip 113.96.208.149:80 Backup Tcp, status:Init, apnBitmap:cmct|, apnInfo:
11-23 10:57:42.412  6340  6826 I WnsLogger: [Q:(null)][IPListManager.cpp:262][printIPList]:[bg:0] ip 113.96.208.149:80 Backup Http, status:Init, apnBitmap:cmct|, apnInfo:
11-23 10:57:42.412  6340  6826 I WnsLogger: [Q:(null)][IPListManager.cpp:262][printIPList]:[bg:0] ip 113.96.208.149:443 Backup Tcp, status:Init, apnBitmap:cmct|, apnInfo:
11-23 10:57:42.412  6340  6826 I WnsLogger: [Q:(null)][IPListManager.cpp:262][printIPList]:[bg:0] ip 113.96.208.149:443 Backup Http, status:Init, apnBitmap:cmct|, apnInfo:
11-23 10:57:42.412  6340  6826 I WnsLogger: [Q:(null)][IPListManager.cpp:262][printIPList]:[bg:0] ip 113.96.208.149:8080 Backup Tcp, status:Init, apnBitmap:cmct|, apnInfo:
11-23 10:57:42.412  6340  6826 I WnsLogger: [Q:(null)][IPListManager.cpp:262][printIPList]:[bg:0] ip 113.96.208.149:8080 Backup Http, status:Init, apnBitmap:cmct|, apnInfo:
11-23 10:57:42.412  6340  6826 I WnsLogger: [Q:(null)][IPListManager.cpp:262][printIPList]:[bg:0] ip 113.96.208.149:14000 Backup Tcp, status:Init, apnBitmap:cmct|, apnInfo:
11-23 10:57:42.412  6340  6826 I WnsLogger: [Q:(null)][IPListManager.cpp:262][printIPList]:[bg:0] ip 113.96.208.149:14000 Backup Http, status:Init, apnBitmap:cmct|, apnInfo:
11-23 10:57:42.412  6340  6826 I WnsLogger: [Q:(null)][IPListManager.cpp:262][printIPList]:[bg:0] ip 111.30.155.100:80 Backup Tcp, status:Init, apnBitmap:cmcc|, apnInfo:
11-23 10:57:42.412  6340  6826 I WnsLogger: [Q:(null)][IPListManager.cpp:262][printIPList]:[bg:0] ip 111.30.155.100:80 Backup Http, status:Init, apnBitmap:cmcc|, apnInfo:
11-23 10:57:42.412  6340  6826 I WnsLogger: [Q:(null)][IPListManager.cpp:262][printIPList]:[bg:0] ip 111.30.155.100:443 Backup Tcp, status:Init, apnBitmap:cmcc|, apnInfo:
11-23 10:57:42.412  6340  6826 I WnsLogger: [Q:(null)][IPListManager.cpp:262][printIPList]:[bg:0] ip 111.30.155.100:443 Backup Http, status:Init, apnBitmap:cmcc|, apnInfo:
11-23 10:57:42.412  6340  6826 I WnsLogger: [Q:(null)][IPListManager.cpp:262][printIPList]:[bg:0] ip 111.30.155.100:8080 Backup Tcp, status:Init, apnBitmap:cmcc|, apnInfo:
11-23 10:57:42.412  6340  6826 I WnsLogger: [Q:(null)][IPListManager.cpp:262][printIPList]:[bg:0] ip 111.30.155.100:8080 Backup Http, status:Init, apnBitmap:cmcc|, apnInfo:
11-23 10:57:42.412  6340  6826 I WnsLogger: [Q:(null)][IPListManager.cpp:262][printIPList]:[bg:0] ip 111.30.155.100:14000 Backup Tcp, status:Init, apnBitmap:cmcc|, apnInfo:
11-23 10:57:42.412  6340  6826 I WnsLogger: [Q:(null)][IPListManager.cpp:262][printIPList]:[bg:0] ip 111.30.155.100:14000 Backup Http, status:Init, apnBitmap:cmcc|, apnInfo:
11-23 10:57:42.412  6340  6826 I WnsLogger: [Q:(null)][IPListManager.cpp:262][printIPList]:[bg:0] ip 125.39.133.11:80 Backup Tcp, status:Init, apnBitmap:unic|, apnInfo:
11-23 10:57:42.412  6340  6826 I WnsLogger: [Q:(null)][IPListManager.cpp:262][printIPList]:[bg:0] ip 125.39.133.11:80 Backup Http, status:Init, apnBitmap:unic|, apnInfo:
11-23 10:57:42.412  6340  6826 I WnsLogger: [Q:(null)][IPListManager.cpp:262][printIPList]:[bg:0] ip 125.39.133.11:443 Backup Tcp, status:Init, apnBitmap:unic|, apnInfo:
11-23 10:57:42.412  6340  6826 I WnsLogger: [Q:(null)][IPListManager.cpp:262][printIPList]:[bg:0] ip 125.39.133.11:443 Backup Http, status:Init, apnBitmap:unic|, apnInfo:
11-23 10:57:42.412  6340  6826 I WnsLogger: [Q:(null)][IPListManager.cpp:262][printIPList]:[bg:0] ip 125.39.133.11:8080 Backup Tcp, status:Init, apnBitmap:unic|, apnInfo:
11-23 10:57:42.412  6340  6826 I WnsLogger: [Q:(null)][IPListManager.cpp:262][printIPList]:[bg:0] ip 125.39.133.11:8080 Backup Http, status:Init, apnBitmap:unic|, apnInfo:
11-23 10:57:42.412  6340  6826 I WnsLogger: [Q:(null)][IPListManager.cpp:262][printIPList]:[bg:0] ip 125.39.133.11:14000 Backup Tcp, status:Init, apnBitmap:unic|, apnInfo:
11-23 10:57:42.412  6340  6826 I WnsLogger: [Q:(null)][IPListManager.cpp:262][printIPList]:[bg:0] ip 125.39.133.11:14000 Backup Http, status:Init, apnBitmap:unic|, apnInfo:
11-23 10:57:42.412  6340  6826 I WnsLogger: [Q:(null)][IPListManager.cpp:262][printIPList]:[bg:0] ip 123.151.79.16:80 Backup Tcp, status:Init, apnBitmap:cmct|, apnInfo:
11-23 10:57:42.412  6340  6826 I WnsLogger: [Q:(null)][IPListManager.cpp:262][printIPList]:[bg:0] ip 123.151.79.16:80 Backup Http, status:Init, apnBitmap:cmct|, apnInfo:
11-23 10:57:42.412  6340  6826 I WnsLogger: [Q:(null)][IPListManager.cpp:262][printIPList]:[bg:0] ip 123.151.79.16:443 Backup Tcp, status:Init, apnBitmap:cmct|, apnInfo:
11-23 10:57:42.413  6340  6826 I WnsLogger: [Q:(null)][IPListManager.cpp:262][printIPList]:[bg:0] ip 123.151.79.16:443 Backup Http, status:Init, apnBitmap:cmct|, apnInfo:
11-23 10:57:42.413  6340  6826 I WnsLogger: [Q:(null)][IPListManager.cpp:262][printIPList]:[bg:0] ip 123.151.79.16:8080 Backup Tcp, status:Init, apnBitmap:cmct|, apnInfo:
11-23 10:57:42.413  6340  6826 I WnsLogger: [Q:(null)][IPListManager.cpp:262][printIPList]:[bg:0] ip 123.151.79.16:8080 Backup Http, status:Init, apnBitmap:cmct|, apnInfo:
11-23 10:57:42.413  6340  6826 I WnsLogger: [Q:(null)][IPListManager.cpp:262][printIPList]:[bg:0] ip 123.151.79.16:14000 Backup Tcp, status:Init, apnBitmap:cmct|, apnInfo:
11-23 10:57:42.413  6340  6826 I WnsLogger: [Q:(null)][IPListManager.cpp:262][printIPList]:[bg:0] ip 123.151.79.16:14000 Backup Http, status:Init, apnBitmap:cmct|, apnInfo:
11-23 10:57:42.413  6340  6826 I WnsLogger: [Q:(null)][IPListManager.cpp:262][printIPList]:[bg:0] ip 203.205.239.95:80 Backup Tcp, status:Init, apnBitmap:cmcc|, apnInfo:
11-23 10:57:42.413  6340  6826 I WnsLogger: [Q:(null)][IPListManager.cpp:262][printIPList]:[bg:0] ip 203.205.239.95:80 Backup Http, status:Init, apnBitmap:cmcc|, apnInfo:
11-23 10:57:42.413  6340  6826 I WnsLogger: [Q:(null)][IPListManager.cpp:262][printIPList]:[bg:0] ip 203.205.239.95:443 Backup Tcp, status:Init, apnBitmap:cmcc|, apnInfo:
11-23 10:57:42.413  6340  6826 I WnsLogger: [Q:(null)][IPListManager.cpp:262][printIPList]:[bg:0] ip 203.205.239.95:443 Backup Http, status:Init, apnBitmap:cmcc|, apnInfo:
11-23 10:57:42.413  6340  6826 I WnsLogger: [Q:(null)][IPListManager.cpp:262][printIPList]:[bg:0] ip 203.205.239.95:8080 Backup Tcp, status:Init, apnBitmap:cmcc|, apnInfo:
11-23 10:57:42.413  6340  6826 I WnsLogger: [Q:(null)][IPListManager.cpp:262][printIPList]:[bg:0] ip 203.205.239.95:8080 Backup Http, status:Init, apnBitmap:cmcc|, apnInfo:
11-23 10:57:42.413  6340  6826 I WnsLogger: [Q:(null)][IPListManager.cpp:262][printIPList]:[bg:0] ip 203.205.239.95:14000 Backup Tcp, status:Init, apnBitmap:cmcc|, apnInfo:
11-23 10:57:42.413  6340  6826 I WnsLogger: [Q:(null)][IPListManager.cpp:262][printIPList]:[bg:0] ip 203.205.239.95:14000 Backup Http, status:Init, apnBitmap:cmcc|, apnInfo:
11-23 10:57:42.413  6340  6826 I WnsLogger: [Q:(null)][IPListManager.cpp:262][printIPList]:[bg:0] ip 203.205.239.95:80 Backup Tcp, status:Init, apnBitmap:unic|, apnInfo:
11-23 10:57:42.413  6340  6826 I WnsLogger: [Q:(null)][IPListManager.cpp:262][printIPList]:[bg:0] ip 203.205.239.95:80 Backup Http, status:Init, apnBitmap:unic|, apnInfo:
11-23 10:57:42.413  6340  6826 I WnsLogger: [Q:(null)][IPListManager.cpp:262][printIPList]:[bg:0] ip 203.205.239.95:443 Backup Tcp, status:Init, apnBitmap:unic|, apnInfo:
11-23 10:57:42.413  6340  6826 I WnsLogger: [Q:(null)][IPListManager.cpp:262][printIPList]:[bg:0] ip 203.205.239.95:443 Backup Http, status:Init, apnBitmap:unic|, apnInfo:
11-23 10:57:42.413  6340  6826 I WnsLogger: [Q:(null)][IPListManager.cpp:262][printIPList]:[bg:0] ip 203.205.239.95:8080 Backup Tcp, status:Init, apnBitmap:unic|, apnInfo:
11-23 10:57:42.413  6340  6826 I WnsLogger: [Q:(null)][IPListManager.cpp:262][printIPList]:[bg:0] ip 203.205.239.95:8080 Backup Http, status:Init, apnBitmap:unic|, apnInfo:
11-23 10:57:42.413  6340  6826 I WnsLogger: [Q:(null)][IPListManager.cpp:262][printIPList]:[bg:0] ip 203.205.239.95:14000 Backup Tcp, status:Init, apnBitmap:unic|, apnInfo:
11-23 10:57:42.413  6340  6826 I WnsLogger: [Q:(null)][IPListManager.cpp:262][printIPList]:[bg:0] ip 203.205.239.95:14000 Backup Http, status:Init, apnBitmap:unic|, apnInfo:
11-23 10:57:42.413  6340  6826 I WnsLogger: [Q:(null)][IPListManager.cpp:262][printIPList]:[bg:0] ip 203.205.239.95:80 Backup Tcp, status:Init, apnBitmap:cmct|, apnInfo:
11-23 10:57:42.413  6340  6826 I WnsLogger: [Q:(null)][IPListManager.cpp:262][printIPList]:[bg:0] ip 203.205.239.95:80 Backup Http, status:Init, apnBitmap:cmct|, apnInfo:
11-23 10:57:42.413  6340  6826 I WnsLogger: [Q:(null)][IPListManager.cpp:262][printIPList]:[bg:0] ip 203.205.239.95:443 Backup Tcp, status:Init, apnBitmap:cmct|, apnInfo:
11-23 10:57:42.413  6340  6826 I WnsLogger: [Q:(null)][IPListManager.cpp:262][printIPList]:[bg:0] ip 203.205.239.95:443 Backup Http, status:Init, apnBitmap:cmct|, apnInfo:
11-23 10:57:42.413  6340  6826 I WnsLogger: [Q:(null)][IPListManager.cpp:262][printIPList]:[bg:0] ip 203.205.239.95:8080 Backup Tcp, status:Init, apnBitmap:cmct|, apnInfo:
11-23 10:57:42.413  6340  6826 I WnsLogger: [Q:(null)][IPListManager.cpp:262][printIPList]:[bg:0] ip 203.205.239.95:8080 Backup Http, status:Init, apnBitmap:cmct|, apnInfo:
11-23 10:57:42.413  6340  6826 I WnsLogger: [Q:(null)][IPListManager.cpp:262][printIPList]:[bg:0] ip 203.205.239.95:14000 Backup Tcp, status:Init, apnBitmap:cmct|, apnInfo:
11-23 10:57:42.413  6340  6826 I WnsLogger: [Q:(null)][IPListManager.cpp:262][printIPList]:[bg:0] ip 203.205.239.95:14000 Backup Http, status:Init, apnBitmap:cmct|, apnInfo:
11-23 10:57:42.414  6340  6826 I WnsLogger: [Q:(null)][IPListManager.cpp:262][printIPList]:[bg:0] ip 121.51.44.102:80 Backup Tcp, status:Init, apnBitmap:cmcc|, apnInfo:
11-23 10:57:42.414  6340  6826 I WnsLogger: [Q:(null)][IPListManager.cpp:262][printIPList]:[bg:0] ip 121.51.44.102:80 Backup Http, status:Init, apnBitmap:cmcc|, apnInfo:
11-23 10:57:42.414  6340  6826 I WnsLogger: [Q:(null)][IPListManager.cpp:262][printIPList]:[bg:0] ip 121.51.44.102:443 Backup Tcp, status:Init, apnBitmap:cmcc|, apnInfo:
11-23 10:57:42.414  6340  6826 I WnsLogger: [Q:(null)][IPListManager.cpp:262][printIPList]:[bg:0] ip 121.51.44.102:443 Backup Http, status:Init, apnBitmap:cmcc|, apnInfo:
11-23 10:57:42.414  6340  6826 I WnsLogger: [Q:(null)][IPListManager.cpp:262][printIPList]:[bg:0] ip 121.51.44.102:8080 Backup Tcp, status:Init, apnBitmap:cmcc|, apnInfo:
11-23 10:57:42.414  6340  6826 I WnsLogger: [Q:(null)][IPListManager.cpp:262][printIPList]:[bg:0] ip 121.51.44.102:8080 Backup Http, status:Init, apnBitmap:cmcc|, apnInfo:
11-23 10:57:42.414  6340  6826 I WnsLogger: [Q:(null)][IPListManager.cpp:262][printIPList]:[bg:0] ip 121.51.44.102:14000 Backup Tcp, status:Init, apnBitmap:cmcc|, apnInfo:
11-23 10:57:42.414  6340  6826 I WnsLogger: [Q:(null)][IPListManager.cpp:262][printIPList]:[bg:0] ip 121.51.44.102:14000 Backup Http, status:Init, apnBitmap:cmcc|, apnInfo:
11-23 10:57:42.414  6340  6826 I WnsLogger: [Q:(null)][IPListManager.cpp:262][printIPList]:[bg:0] ip 121.51.44.102:80 Backup Tcp, status:Init, apnBitmap:unic|, apnInfo:
11-23 10:57:42.414  6340  6826 I WnsLogger: [Q:(null)][IPListManager.cpp:262][printIPList]:[bg:0] ip 121.51.44.102:80 Backup Http, status:Init, apnBitmap:unic|, apnInfo:
11-23 10:57:42.414  6340  6826 I WnsLogger: [Q:(null)][IPListManager.cpp:262][printIPList]:[bg:0] ip 121.51.44.102:443 Backup Tcp, status:Init, apnBitmap:unic|, apnInfo:
11-23 10:57:42.414  6340  6826 I WnsLogger: [Q:(null)][IPListManager.cpp:262][printIPList]:[bg:0] ip 121.51.44.102:443 Backup Http, status:Init, apnBitmap:unic|, apnInfo:
11-23 10:57:42.414  6340  6826 I WnsLogger: [Q:(null)][IPListManager.cpp:262][printIPList]:[bg:0] ip 121.51.44.102:8080 Backup Tcp, status:Init, apnBitmap:unic|, apnInfo:
11-23 10:57:42.414  6340  6826 I WnsLogger: [Q:(null)][IPListManager.cpp:262][printIPList]:[bg:0] ip 121.51.44.102:8080 Backup Http, status:Init, apnBitmap:unic|, apnInfo:
11-23 10:57:42.414  6340  6826 I WnsLogger: [Q:(null)][IPListManager.cpp:262][printIPList]:[bg:0] ip 121.51.44.102:14000 Backup Tcp, status:Init, apnBitmap:unic|, apnInfo:
11-23 10:57:42.414  6340  6826 I WnsLogger: [Q:(null)][IPListManager.cpp:262][printIPList]:[bg:0] ip 121.51.44.102:14000 Backup Http, status:Init, apnBitmap:unic|, apnInfo:
11-23 10:57:42.414  6340  6826 I WnsLogger: [Q:(null)][IPListManager.cpp:262][printIPList]:[bg:0] ip 121.51.44.102:80 Backup Tcp, status:Init, apnBitmap:cmct|, apnInfo:
11-23 10:57:42.414  6340  6826 I WnsLogger: [Q:(null)][IPListManager.cpp:262][printIPList]:[bg:0] ip 121.51.44.102:80 Backup Http, status:Init, apnBitmap:cmct|, apnInfo:
11-23 10:57:42.414  6340  6826 I WnsLogger: [Q:(null)][IPListManager.cpp:262][printIPList]:[bg:0] ip 121.51.44.102:443 Backup Tcp, status:Init, apnBitmap:cmct|, apnInfo:
11-23 10:57:42.414  6340  6826 I WnsLogger: [Q:(null)][IPListManager.cpp:262][printIPList]:[bg:0] ip 121.51.44.102:443 Backup Http, status:Init, apnBitmap:cmct|, apnInfo:
11-23 10:57:42.414  6340  6826 I WnsLogger: [Q:(null)][IPListManager.cpp:262][printIPList]:[bg:0] ip 121.51.44.102:8080 Backup Tcp, status:Init, apnBitmap:cmct|, apnInfo:
11-23 10:57:42.414  6340  6826 I WnsLogger: [Q:(null)][IPListManager.cpp:262][printIPList]:[bg:0] ip 121.51.44.102:8080 Backup Http, status:Init, apnBitmap:cmct|, apnInfo:
11-23 10:57:42.414  6340  6826 I WnsLogger: [Q:(null)][IPListManager.cpp:262][printIPList]:[bg:0] ip 121.51.44.102:14000 Backup Tcp, status:Init, apnBitmap:cmct|, apnInfo:
11-23 10:57:42.414  6340  6826 I WnsLogger: [Q:(null)][IPListManager.cpp:262][printIPList]:[bg:0] ip 121.51.44.102:14000 Backup Http, status:Init, apnBitmap:cmct|, apnInfo:
11-23 10:57:42.414  6340  6826 I WnsLogger: [Q:(null)][IPListManager.cpp:262][printIPList]:[bg:0] ip 121.51.18.100:80 Backup Tcp, status:Init, apnBitmap:cmcc|, apnInfo:
11-23 10:57:42.414  6340  6826 I WnsLogger: [Q:(null)][IPListManager.cpp:262][printIPList]:[bg:0] ip 121.51.18.100:80 Backup Http, status:Init, apnBitmap:cmcc|, apnInfo:
11-23 10:57:42.414  6340  6826 I WnsLogger: [Q:(null)][IPListManager.cpp:262][printIPList]:[bg:0] ip 121.51.18.100:443 Backup Tcp, status:Init, apnBitmap:cmcc|, apnInfo:
11-23 10:57:42.415  6340  6826 I WnsLogger: [Q:(null)][IPListManager.cpp:262][printIPList]:[bg:0] ip 121.51.18.100:443 Backup Http, status:Init, apnBitmap:cmcc|, apnInfo:
11-23 10:57:42.415  6340  6826 I WnsLogger: [Q:(null)][IPListManager.cpp:262][printIPList]:[bg:0] ip 121.51.18.100:8080 Backup Tcp, status:Init, apnBitmap:cmcc|, apnInfo:
11-23 10:57:42.415  6340  6826 I WnsLogger: [Q:(null)][IPListManager.cpp:262][printIPList]:[bg:0] ip 121.51.18.100:8080 Backup Http, status:Init, apnBitmap:cmcc|, apnInfo:
11-23 10:57:42.415  6340  6826 I WnsLogger: [Q:(null)][IPListManager.cpp:262][printIPList]:[bg:0] ip 121.51.18.100:14000 Backup Tcp, status:Init, apnBitmap:cmcc|, apnInfo:
11-23 10:57:42.415  6340  6826 I WnsLogger: [Q:(null)][IPListManager.cpp:262][printIPList]:[bg:0] ip 121.51.18.100:14000 Backup Http, status:Init, apnBitmap:cmcc|, apnInfo:
11-23 10:57:42.415  6340  6826 I WnsLogger: [Q:(null)][IPListManager.cpp:262][printIPList]:[bg:0] ip 121.51.18.100:80 Backup Tcp, status:Init, apnBitmap:unic|, apnInfo:
11-23 10:57:42.415  6340  6826 I WnsLogger: [Q:(null)][IPListManager.cpp:262][printIPList]:[bg:0] ip 121.51.18.100:80 Backup Http, status:Init, apnBitmap:unic|, apnInfo:
11-23 10:57:42.415  6340  6826 I WnsLogger: [Q:(null)][IPListManager.cpp:262][printIPList]:[bg:0] ip 121.51.18.100:443 Backup Tcp, status:Init, apnBitmap:unic|, apnInfo:
11-23 10:57:42.415  6340  6826 I WnsLogger: [Q:(null)][IPListManager.cpp:262][printIPList]:[bg:0] ip 121.51.18.100:443 Backup Http, status:Init, apnBitmap:unic|, apnInfo:
11-23 10:57:42.415  6340  6826 I WnsLogger: [Q:(null)][IPListManager.cpp:262][printIPList]:[bg:0] ip 121.51.18.100:8080 Backup Tcp, status:Init, apnBitmap:unic|, apnInfo:
11-23 10:57:42.415  6340  6826 I WnsLogger: [Q:(null)][IPListManager.cpp:262][printIPList]:[bg:0] ip 121.51.18.100:8080 Backup Http, status:Init, apnBitmap:unic|, apnInfo:
11-23 10:57:42.415  6340  6826 I WnsLogger: [Q:(null)][IPListManager.cpp:262][printIPList]:[bg:0] ip 121.51.18.100:14000 Backup Tcp, status:Init, apnBitmap:unic|, apnInfo:
11-23 10:57:42.415  6340  6826 I WnsLogger: [Q:(null)][IPListManager.cpp:262][printIPList]:[bg:0] ip 121.51.18.100:14000 Backup Http, status:Init, apnBitmap:unic|, apnInfo:
11-23 10:57:42.415  6340  6826 I WnsLogger: [Q:(null)][IPListManager.cpp:262][printIPList]:[bg:0] ip 121.51.18.100:80 Backup Tcp, status:Init, apnBitmap:cmct|, apnInfo:
11-23 10:57:42.416  6340  6826 I WnsLogger: [Q:(null)][IPListManager.cpp:262][printIPList]:[bg:0] ip 121.51.18.100:80 Backup Http, status:Init, apnBitmap:cmct|, apnInfo:
11-23 10:57:42.416  6340  6826 I WnsLogger: [Q:(null)][IPListManager.cpp:262][printIPList]:[bg:0] ip 121.51.18.100:443 Backup Tcp, status:Init, apnBitmap:cmct|, apnInfo:
11-23 10:57:42.416  6340  6826 I WnsLogger: [Q:(null)][IPListManager.cpp:262][printIPList]:[bg:0] ip 121.51.18.100:443 Backup Http, status:Init, apnBitmap:cmct|, apnInfo:
11-23 10:57:42.416  6340  6826 I WnsLogger: [Q:(null)][IPListManager.cpp:262][printIPList]:[bg:0] ip 121.51.18.100:8080 Backup Tcp, status:Init, apnBitmap:cmct|, apnInfo:
11-23 10:57:42.416  6340  6826 I WnsLogger: [Q:(null)][IPListManager.cpp:262][printIPList]:[bg:0] ip 121.51.18.100:8080 Backup Http, status:Init, apnBitmap:cmct|, apnInfo:
11-23 10:57:42.416  6340  6826 I WnsLogger: [Q:(null)][IPListManager.cpp:262][printIPList]:[bg:0] ip 121.51.18.100:14000 Backup Tcp, status:Init, apnBitmap:cmct|, apnInfo:
11-23 10:57:42.416  6340  6826 I WnsLogger: [Q:(null)][IPListManager.cpp:262][printIPList]:[bg:0] ip 121.51.18.100:14000 Backup Http, status:Init, apnBitmap:cmct|, apnInfo:
11-23 10:57:42.416  6340  6826 I WnsLogger: [Q:(null)][IPListManager.cpp:262][printIPList]:[bg:0] ip 101.226.211.235:80 CDN Tcp, status:Init, apnBitmap:cmcc|unic|cmct|wifi|, apnInfo:
11-23 10:57:42.416  6340  6826 I WnsLogger: [Q:(null)][IPListManager.cpp:262][printIPList]:[bg:0] ip 101.226.211.235:80 CDN Http, status:Init, apnBitmap:cmcc|unic|cmct|wifi|, apnInfo:
11-23 10:57:42.416  6340  6826 I WnsLogger: [Q:(null)][IPListManager.cpp:262][printIPList]:[bg:0] ip 101.226.211.235:443 CDN Tcp, status:Init, apnBitmap:cmcc|unic|cmct|wifi|, apnInfo:
11-23 10:57:42.416  6340  6826 I WnsLogger: [Q:(null)][IPListManager.cpp:262][printIPList]:[bg:0] ip 101.226.211.235:443 CDN Http, status:Init, apnBitmap:cmcc|unic|cmct|wifi|, apnInfo:
11-23 10:57:42.416  6340  6826 I WnsLogger: [Q:(null)][IPListManager.cpp:262][printIPList]:[bg:0] ip 101.226.211.235:8080 CDN Tcp, status:Init, apnBitmap:cmcc|unic|cmct|wifi|, apnInfo:
11-23 10:57:42.416  6340  6826 I WnsLogger: [Q:(null)][IPListManager.cpp:262][printIPList]:[bg:0] ip 101.226.211.235:8080 CDN Http, status:Init, apnBitmap:cmcc|unic|cmct|wifi|, apnInfo:
11-23 10:57:42.416  6340  6826 I WnsLogger: [Q:(null)][IPListManager.cpp:262][printIPList]:[bg:0] ip 101.226.211.235:14000 CDN Tcp, status:Init, apnBitmap:cmcc|unic|cmct|wifi|, apnInfo:
11-23 10:57:42.416  6340  6826 I WnsLogger: [Q:(null)][IPListManager.cpp:262][printIPList]:[bg:0] ip 101.226.211.235:14000 CDN Http, status:Init, apnBitmap:cmcc|unic|cmct|wifi|, apnInfo:
11-23 10:57:42.416  6340  6826 I WnsLogger: [Q:(null)][IPListManager.cpp:266][printIPList]:===========================print new iplist===========================
11-23 10:57:42.416  6340  6826 I WnsLogger: [Q:(null)][IPListManager.cpp:270][printIPList]:[bg:0] ip 101.226.211.235:443 Dns Tcp, status:Init, apnBitmap:cmcc|unic|cmct|wifi|, apnInfo:
11-23 10:57:42.416  6340  6826 I WnsLogger: [Q:(null)][IPListManager.cpp:270][printIPList]:[bg:0] ip 101.226.211.235:14000 Dns Tcp, status:Init, apnBitmap:cmcc|unic|cmct|wifi|, apnInfo:
11-23 10:57:42.416  6340  6826 I WnsLogger: [Q:(null)][IPListManager.cpp:270][printIPList]:[bg:0] ip 101.226.211.235:80 Dns Http, status:Init, apnBitmap:cmcc|unic|cmct|wifi|, apnInfo:
11-23 10:57:42.416  6340  6826 I WnsLogger: [Q:(null)][IPListManager.cpp:270][printIPList]:[bg:0] ip 101.226.211.235:8080 Dns Http, status:Init, apnBitmap:cmcc|unic|cmct|wifi|, apnInfo:
11-23 10:57:42.417  6340  6826 I WnsLogger: [Q:(null)][IPListManager.cpp:270][printIPList]:[bg:0] ip 120.204.16.188:443 Backup Tcp, status:Init, apnBitmap:cmcc|, apnInfo:
11-23 10:57:42.417  6340  6826 I WnsLogger: [Q:(null)][IPListManager.cpp:270][printIPList]:[bg:0] ip 223.166.150.166:14000 Backup Tcp, status:Init, apnBitmap:unic|, apnInfo:
11-23 10:57:42.417  6340  6826 I WnsLogger: [Q:(null)][IPListManager.cpp:270][printIPList]:[bg:0] ip 61.151.168.184:80 Backup Http, status:Init, apnBitmap:cmct|, apnInfo:
11-23 10:57:42.417  6340  6826 I WnsLogger: [Q:(null)][IPListManager.cpp:270][printIPList]:[bg:0] ip 120.241.186.13:8080 Backup Http, status:Init, apnBitmap:cmcc|, apnInfo:
11-23 10:57:42.417  6340  6826 I WnsLogger: [Q:(null)][IPListManager.cpp:270][printIPList]:[bg:0] ip 157.255.173.146:443 Backup Tcp, status:Init, apnBitmap:unic|, apnInfo:
11-23 10:57:42.417  6340  6826 I WnsLogger: [Q:(null)][IPListManager.cpp:270][printIPList]:[bg:0] ip 113.96.208.149:14000 Backup Tcp, status:Init, apnBitmap:cmct|, apnInfo:
11-23 10:57:42.417  6340  6826 I WnsLogger: [Q:(null)][IPListManager.cpp:270][printIPList]:[bg:0] ip 111.30.155.100:80 Backup Http, status:Init, apnBitmap:cmcc|, apnInfo:
11-23 10:57:42.420  6340  6826 I WnsLogger: [Q:(null)][IPListManager.cpp:270][printIPList]:[bg:0] ip 125.39.133.11:8080 Backup Http, status:Init, apnBitmap:unic|, apnInfo:
11-23 10:57:42.420  6340  6826 I WnsLogger: [Q:(null)][IPListManager.cpp:270][printIPList]:[bg:0] ip 123.151.79.16:443 Backup Tcp, status:Init, apnBitmap:cmct|, apnInfo:
11-23 10:57:42.420  6340  6826 I WnsLogger: [Q:(null)][IPListManager.cpp:270][printIPList]:[bg:0] ip 203.205.239.95:14000 Backup Tcp, status:Init, apnBitmap:cmcc|, apnInfo:
11-23 10:57:42.420  6340  6826 I WnsLogger: [Q:(null)][IPListManager.cpp:270][printIPList]:[bg:0] ip 121.51.44.102:80 Backup Http, status:Init, apnBitmap:cmcc|, apnInfo:
11-23 10:57:42.420  6340  6826 I WnsLogger: [Q:(null)][IPListManager.cpp:270][printIPList]:[bg:0] ip 121.51.18.100:8080 Backup Http, status:Init, apnBitmap:cmcc|, apnInfo:
11-23 10:57:42.420  6340  6826 I WnsLogger: [Q:(null)][IPListManager.cpp:270][printIPList]:[bg:0] ip 101.226.211.235:443 Dns Tcp, status:Init, apnBitmap:cmcc|unic|cmct|wifi|, apnInfo:
11-23 10:57:42.420  6340  6826 I WnsLogger: [Q:(null)][IPListManager.cpp:270][printIPList]:[bg:0] ip 101.226.211.235:443 Dns Http, status:Init, apnBitmap:cmcc|unic|cmct|wifi|, apnInfo:
11-23 10:57:42.420  6340  6826 I WnsLogger: [Q:(null)][IPListManager.cpp:270][printIPList]:[bg:0] ip 101.226.211.235:14000 Dns Tcp, status:Init, apnBitmap:cmcc|unic|cmct|wifi|, apnInfo:
11-23 10:57:42.420  6340  6826 I WnsLogger: [Q:(null)][IPListManager.cpp:270][printIPList]:[bg:0] ip 101.226.211.235:14000 Dns Http, status:Init, apnBitmap:cmcc|unic|cmct|wifi|, apnInfo:
11-23 10:57:42.420  6340  6826 I WnsLogger: [Q:(null)][IPListManager.cpp:270][printIPList]:[bg:0] ip 101.226.211.235:80 Dns Tcp, status:Init, apnBitmap:cmcc|unic|cmct|wifi|, apnInfo:
11-23 10:57:42.420  6340  6826 I WnsLogger: [Q:(null)][IPListManager.cpp:270][printIPList]:[bg:0] ip 101.226.211.235:80 Dns Http, status:Init, apnBitmap:cmcc|unic|cmct|wifi|, apnInfo:
11-23 10:57:42.420  6340  6826 I WnsLogger: [Q:(null)][IPListManager.cpp:270][printIPList]:[bg:0] ip 101.226.211.235:8080 Dns Tcp, status:Init, apnBitmap:cmcc|unic|cmct|wifi|, apnInfo:
11-23 10:57:42.420  6340  6826 I WnsLogger: [Q:(null)][IPListManager.cpp:270][printIPList]:[bg:0] ip 101.226.211.235:8080 Dns Http, status:Init, apnBitmap:cmcc|unic|cmct|wifi|, apnInfo:
11-23 10:57:42.420  6340  6826 I WnsLogger: [Q:(null)][IPListManager.cpp:270][printIPList]:[bg:0] ip 120.204.16.188:443 Backup Tcp, status:Init, apnBitmap:cmcc|, apnInfo:
11-23 10:57:42.420  6340  6826 I WnsLogger: [Q:(null)][IPListManager.cpp:270][printIPList]:[bg:0] ip 120.204.16.188:443 Backup Http, status:Init, apnBitmap:cmcc|, apnInfo:
11-23 10:57:42.420  6340  6826 I WnsLogger: [Q:(null)][IPListManager.cpp:270][printIPList]:[bg:0] ip 120.204.16.188:14000 Backup Tcp, status:Init, apnBitmap:cmcc|, apnInfo:
11-23 10:57:42.420  6340  6826 I WnsLogger: [Q:(null)][IPListManager.cpp:270][printIPList]:[bg:0] ip 120.204.16.188:14000 Backup Http, status:Init, apnBitmap:cmcc|, apnInfo:
11-23 10:57:42.420  6340  6826 I WnsLogger: [Q:(null)][IPListManager.cpp:270][printIPList]:[bg:0] ip 120.204.16.188:80 Backup Tcp, status:Init, apnBitmap:cmcc|, apnInfo:
11-23 10:57:42.420  6340  6826 I WnsLogger: [Q:(null)][IPListManager.cpp:270][printIPList]:[bg:0] ip 120.204.16.188:80 Backup Http, status:Init, apnBitmap:cmcc|, apnInfo:
11-23 10:57:42.420  6340  6826 I WnsLogger: [Q:(null)][IPListManager.cpp:270][printIPList]:[bg:0] ip 120.204.16.188:8080 Backup Tcp, status:Init, apnBitmap:cmcc|, apnInfo:
11-23 10:57:42.420  6340  6826 I WnsLogger: [Q:(null)][IPListManager.cpp:270][printIPList]:[bg:0] ip 120.204.16.188:8080 Backup Http, status:Init, apnBitmap:cmcc|, apnInfo:
11-23 10:57:42.420  6340  6826 I WnsLogger: [Q:(null)][IPListManager.cpp:270][printIPList]:[bg:0] ip 223.166.150.166:443 Backup Tcp, status:Init, apnBitmap:unic|, apnInfo:
11-23 10:57:42.421  6340  6826 I WnsLogger: [Q:(null)][IPListManager.cpp:270][printIPList]:[bg:0] ip 223.166.150.166:443 Backup Http, status:Init, apnBitmap:unic|, apnInfo:
11-23 10:57:42.421  6340  6826 I WnsLogger: [Q:(null)][IPListManager.cpp:270][printIPList]:[bg:0] ip 223.166.150.166:14000 Backup Tcp, status:Init, apnBitmap:unic|, apnInfo:
11-23 10:57:42.421  6340  6826 I WnsLogger: [Q:(null)][IPListManager.cpp:270][printIPList]:[bg:0] ip 223.166.150.166:14000 Backup Http, status:Init, apnBitmap:unic|, apnInfo:
11-23 10:57:42.421  6340  6826 I WnsLogger: [Q:(null)][IPListManager.cpp:270][printIPList]:[bg:0] ip 223.166.150.166:80 Backup Tcp, status:Init, apnBitmap:unic|, apnInfo:
11-23 10:57:42.421  6340  6826 I WnsLogger: [Q:(null)][IPListManager.cpp:270][printIPList]:[bg:0] ip 223.166.150.166:80 Backup Http, status:Init, apnBitmap:unic|, apnInfo:
11-23 10:57:42.421  6340  6826 I WnsLogger: [Q:(null)][IPListManager.cpp:270][printIPList]:[bg:0] ip 223.166.150.166:8080 Backup Tcp, status:Init, apnBitmap:unic|, apnInfo:
11-23 10:57:42.421  6340  6826 I WnsLogger: [Q:(null)][IPListManager.cpp:270][printIPList]:[bg:0] ip 223.166.150.166:8080 Backup Http, status:Init, apnBitmap:unic|, apnInfo:
11-23 10:57:42.421  6340  6826 I WnsLogger: [Q:(null)][IPListManager.cpp:270][printIPList]:[bg:0] ip 61.151.168.184:443 Backup Tcp, status:Init, apnBitmap:cmct|, apnInfo:
11-23 10:57:42.421  6340  6826 I WnsLogger: [Q:(null)][IPListManager.cpp:270][printIPList]:[bg:0] ip 61.151.168.184:443 Backup Http, status:Init, apnBitmap:cmct|, apnInfo:
11-23 10:57:42.421  6340  6826 I WnsLogger: [Q:(null)][IPListManager.cpp:270][printIPList]:[bg:0] ip 61.151.168.184:14000 Backup Tcp, status:Init, apnBitmap:cmct|, apnInfo:
11-23 10:57:42.421  6340  6826 I WnsLogger: [Q:(null)][IPListManager.cpp:270][printIPList]:[bg:0] ip 61.151.168.184:14000 Backup Http, status:Init, apnBitmap:cmct|, apnInfo:
11-23 10:57:42.421  6340  6826 I WnsLogger: [Q:(null)][IPListManager.cpp:270][printIPList]:[bg:0] ip 61.151.168.184:80 Backup Tcp, status:Init, apnBitmap:cmct|, apnInfo:
11-23 10:57:42.421  6340  6826 I WnsLogger: [Q:(null)][IPListManager.cpp:270][printIPList]:[bg:0] ip 61.151.168.184:80 Backup Http, status:Init, apnBitmap:cmct|, apnInfo:
11-23 10:57:42.422  6340  6826 I WnsLogger: [Q:(null)][IPListManager.cpp:270][printIPList]:[bg:0] ip 61.151.168.184:8080 Backup Tcp, status:Init, apnBitmap:cmct|, apnInfo:
11-23 10:57:42.422  6340  6826 I WnsLogger: [Q:(null)][IPListManager.cpp:270][printIPList]:[bg:0] ip 61.151.168.184:8080 Backup Http, status:Init, apnBitmap:cmct|, apnInfo:
11-23 10:57:42.422  6340  6826 I WnsLogger: [Q:(null)][IPListManager.cpp:270][printIPList]:[bg:0] ip 120.241.186.13:443 Backup Tcp, status:Init, apnBitmap:cmcc|, apnInfo:
11-23 10:57:42.422  6340  6826 I WnsLogger: [Q:(null)][IPListManager.cpp:270][printIPList]:[bg:0] ip 120.241.186.13:443 Backup Http, status:Init, apnBitmap:cmcc|, apnInfo:
11-23 10:57:42.422  6340  6826 I WnsLogger: [Q:(null)][IPListManager.cpp:270][printIPList]:[bg:0] ip 120.241.186.13:14000 Backup Tcp, status:Init, apnBitmap:cmcc|, apnInfo:
11-23 10:57:42.422  6340  6826 I WnsLogger: [Q:(null)][IPListManager.cpp:270][printIPList]:[bg:0] ip 120.241.186.13:14000 Backup Http, status:Init, apnBitmap:cmcc|, apnInfo:
11-23 10:57:42.422  6340  6826 I WnsLogger: [Q:(null)][IPListManager.cpp:270][printIPList]:[bg:0] ip 120.241.186.13:80 Backup Tcp, status:Init, apnBitmap:cmcc|, apnInfo:
11-23 10:57:42.422  6340  6826 I WnsLogger: [Q:(null)][IPListManager.cpp:270][printIPList]:[bg:0] ip 120.241.186.13:80 Backup Http, status:Init, apnBitmap:cmcc|, apnInfo:
11-23 10:57:42.422  6340  6826 I WnsLogger: [Q:(null)][IPListManager.cpp:270][printIPList]:[bg:0] ip 120.241.186.13:8080 Backup Tcp, status:Init, apnBitmap:cmcc|, apnInfo:
11-23 10:57:42.422  6340  6826 I WnsLogger: [Q:(null)][IPListManager.cpp:270][printIPList]:[bg:0] ip 120.241.186.13:8080 Backup Http, status:Init, apnBitmap:cmcc|, apnInfo:
11-23 10:57:42.422  6340  6826 I WnsLogger: [Q:(null)][IPListManager.cpp:270][printIPList]:[bg:0] ip 157.255.173.146:443 Backup Tcp, status:Init, apnBitmap:unic|, apnInfo:
11-23 10:57:42.422  6340  6826 I WnsLogger: [Q:(null)][IPListManager.cpp:270][printIPList]:[bg:0] ip 157.255.173.146:443 Backup Http, status:Init, apnBitmap:unic|, apnInfo:
11-23 10:57:42.422  6340  6826 I WnsLogger: [Q:(null)][IPListManager.cpp:270][printIPList]:[bg:0] ip 157.255.173.146:14000 Backup Tcp, status:Init, apnBitmap:unic|, apnInfo:
11-23 10:57:42.422  6340  6826 I WnsLogger: [Q:(null)][IPListManager.cpp:270][printIPList]:[bg:0] ip 157.255.173.146:14000 Backup Http, status:Init, apnBitmap:unic|, apnInfo:
11-23 10:57:42.422  6340  6826 I WnsLogger: [Q:(null)][IPListManager.cpp:270][printIPList]:[bg:0] ip 157.255.173.146:80 Backup Tcp, status:Init, apnBitmap:unic|, apnInfo:
11-23 10:57:42.422  6340  6826 I WnsLogger: [Q:(null)][IPListManager.cpp:270][printIPList]:[bg:0] ip 157.255.173.146:80 Backup Http, status:Init, apnBitmap:unic|, apnInfo:
11-23 10:57:42.422  6340  6826 I WnsLogger: [Q:(null)][IPListManager.cpp:270][printIPList]:[bg:0] ip 157.255.173.146:8080 Backup Tcp, status:Init, apnBitmap:unic|, apnInfo:
11-23 10:57:42.422  6340  6826 I WnsLogger: [Q:(null)][IPListManager.cpp:270][printIPList]:[bg:0] ip 157.255.173.146:8080 Backup Http, status:Init, apnBitmap:unic|, apnInfo:
11-23 10:57:42.422  6340  6826 I WnsLogger: [Q:(null)][IPListManager.cpp:270][printIPList]:[bg:0] ip 113.96.208.149:443 Backup Tcp, status:Init, apnBitmap:cmct|, apnInfo:
11-23 10:57:42.422  6340  6826 I WnsLogger: [Q:(null)][IPListManager.cpp:270][printIPList]:[bg:0] ip 113.96.208.149:443 Backup Http, status:Init, apnBitmap:cmct|, apnInfo:
11-23 10:57:42.423  6340  6826 I WnsLogger: [Q:(null)][IPListManager.cpp:270][printIPList]:[bg:0] ip 113.96.208.149:14000 Backup Tcp, status:Init, apnBitmap:cmct|, apnInfo:
11-23 10:57:42.423  6340  6826 I WnsLogger: [Q:(null)][IPListManager.cpp:270][printIPList]:[bg:0] ip 113.96.208.149:14000 Backup Http, status:Init, apnBitmap:cmct|, apnInfo:
11-23 10:57:42.423  6340  6826 I WnsLogger: [Q:(null)][IPListManager.cpp:270][printIPList]:[bg:0] ip 113.96.208.149:80 Backup Tcp, status:Init, apnBitmap:cmct|, apnInfo:
11-23 10:57:42.423  6340  6826 I WnsLogger: [Q:(null)][IPListManager.cpp:270][printIPList]:[bg:0] ip 113.96.208.149:80 Backup Http, status:Init, apnBitmap:cmct|, apnInfo:
11-23 10:57:42.423  6340  6826 I WnsLogger: [Q:(null)][IPListManager.cpp:270][printIPList]:[bg:0] ip 113.96.208.149:8080 Backup Tcp, status:Init, apnBitmap:cmct|, apnInfo:
11-23 10:57:42.423  6340  6826 I WnsLogger: [Q:(null)][IPListManager.cpp:270][printIPList]:[bg:0] ip 113.96.208.149:8080 Backup Http, status:Init, apnBitmap:cmct|, apnInfo:
11-23 10:57:42.423  6340  6826 I WnsLogger: [Q:(null)][IPListManager.cpp:270][printIPList]:[bg:0] ip 111.30.155.100:443 Backup Tcp, status:Init, apnBitmap:cmcc|, apnInfo:
11-23 10:57:42.423  6340  6826 I WnsLogger: [Q:(null)][IPListManager.cpp:270][printIPList]:[bg:0] ip 111.30.155.100:443 Backup Http, status:Init, apnBitmap:cmcc|, apnInfo:
11-23 10:57:42.423  6340  6826 I WnsLogger: [Q:(null)][IPListManager.cpp:270][printIPList]:[bg:0] ip 111.30.155.100:14000 Backup Tcp, status:Init, apnBitmap:cmcc|, apnInfo:
11-23 10:57:42.423  6340  6826 I WnsLogger: [Q:(null)][IPListManager.cpp:270][printIPList]:[bg:0] ip 111.30.155.100:14000 Backup Http, status:Init, apnBitmap:cmcc|, apnInfo:
11-23 10:57:42.423  6340  6826 I WnsLogger: [Q:(null)][IPListManager.cpp:270][printIPList]:[bg:0] ip 111.30.155.100:80 Backup Tcp, status:Init, apnBitmap:cmcc|, apnInfo:
11-23 10:57:42.423  6340  6826 I WnsLogger: [Q:(null)][IPListManager.cpp:270][printIPList]:[bg:0] ip 111.30.155.100:80 Backup Http, status:Init, apnBitmap:cmcc|, apnInfo:
11-23 10:57:42.423  6340  6826 I WnsLogger: [Q:(null)][IPListManager.cpp:270][printIPList]:[bg:0] ip 111.30.155.100:8080 Backup Tcp, status:Init, apnBitmap:cmcc|, apnInfo:
11-23 10:57:42.423  6340  6826 I WnsLogger: [Q:(null)][IPListManager.cpp:270][printIPList]:[bg:0] ip 111.30.155.100:8080 Backup Http, status:Init, apnBitmap:cmcc|, apnInfo:
11-23 10:57:42.423  6340  6826 I WnsLogger: [Q:(null)][IPListManager.cpp:270][printIPList]:[bg:0] ip 125.39.133.11:443 Backup Tcp, status:Init, apnBitmap:unic|, apnInfo:
11-23 10:57:42.423  6340  6826 I WnsLogger: [Q:(null)][IPListManager.cpp:270][printIPList]:[bg:0] ip 125.39.133.11:443 Backup Http, status:Init, apnBitmap:unic|, apnInfo:
11-23 10:57:42.423  6340  6826 I WnsLogger: [Q:(null)][IPListManager.cpp:270][printIPList]:[bg:0] ip 125.39.133.11:14000 Backup Tcp, status:Init, apnBitmap:unic|, apnInfo:
11-23 10:57:42.423  6340  6826 I WnsLogger: [Q:(null)][IPListManager.cpp:270][printIPList]:[bg:0] ip 125.39.133.11:14000 Backup Http, status:Init, apnBitmap:unic|, apnInfo:
11-23 10:57:42.423  6340  6826 I WnsLogger: [Q:(null)][IPListManager.cpp:270][printIPList]:[bg:0] ip 125.39.133.11:80 Backup Tcp, status:Init, apnBitmap:unic|, apnInfo:
11-23 10:57:42.423  6340  6826 I WnsLogger: [Q:(null)][IPListManager.cpp:270][printIPList]:[bg:0] ip 125.39.133.11:80 Backup Http, status:Init, apnBitmap:unic|, apnInfo:
11-23 10:57:42.423  6340  6826 I WnsLogger: [Q:(null)][IPListManager.cpp:270][printIPList]:[bg:0] ip 125.39.133.11:8080 Backup Tcp, status:Init, apnBitmap:unic|, apnInfo:
11-23 10:57:42.423  6340  6826 I WnsLogger: [Q:(null)][IPListManager.cpp:270][printIPList]:[bg:0] ip 125.39.133.11:8080 Backup Http, status:Init, apnBitmap:unic|, apnInfo:
11-23 10:57:42.424  6340  6826 I WnsLogger: [Q:(null)][IPListManager.cpp:270][printIPList]:[bg:0] ip 123.151.79.16:443 Backup Tcp, status:Init, apnBitmap:cmct|, apnInfo:
11-23 10:57:42.424  6340  6826 I WnsLogger: [Q:(null)][IPListManager.cpp:270][printIPList]:[bg:0] ip 123.151.79.16:443 Backup Http, status:Init, apnBitmap:cmct|, apnInfo:
11-23 10:57:42.424  6340  6826 I WnsLogger: [Q:(null)][IPListManager.cpp:270][printIPList]:[bg:0] ip 123.151.79.16:14000 Backup Tcp, status:Init, apnBitmap:cmct|, apnInfo:
11-23 10:57:42.424  6340  6826 I WnsLogger: [Q:(null)][IPListManager.cpp:270][printIPList]:[bg:0] ip 123.151.79.16:14000 Backup Http, status:Init, apnBitmap:cmct|, apnInfo:
11-23 10:57:42.424  6340  6826 I WnsLogger: [Q:(null)][IPListManager.cpp:270][printIPList]:[bg:0] ip 123.151.79.16:80 Backup Tcp, status:Init, apnBitmap:cmct|, apnInfo:
11-23 10:57:42.424  6340  6826 I WnsLogger: [Q:(null)][IPListManager.cpp:270][printIPList]:[bg:0] ip 123.151.79.16:80 Backup Http, status:Init, apnBitmap:cmct|, apnInfo:
11-23 10:57:42.424  6340  6826 I WnsLogger: [Q:(null)][IPListManager.cpp:270][printIPList]:[bg:0] ip 123.151.79.16:8080 Backup Tcp, status:Init, apnBitmap:cmct|, apnInfo:
11-23 10:57:42.424  6340  6826 I WnsLogger: [Q:(null)][IPListManager.cpp:270][printIPList]:[bg:0] ip 123.151.79.16:8080 Backup Http, status:Init, apnBitmap:cmct|, apnInfo:
11-23 10:57:42.424  6340  6826 I WnsLogger: [Q:(null)][IPListManager.cpp:270][printIPList]:[bg:0] ip 203.205.239.95:443 Backup Tcp, status:Init, apnBitmap:cmcc|, apnInfo:
11-23 10:57:42.424  6340  6826 I WnsLogger: [Q:(null)][IPListManager.cpp:270][printIPList]:[bg:0] ip 203.205.239.95:443 Backup Http, status:Init, apnBitmap:cmcc|, apnInfo:
11-23 10:57:42.424  6340  6826 I WnsLogger: [Q:(null)][IPListManager.cpp:270][printIPList]:[bg:0] ip 203.205.239.95:14000 Backup Tcp, status:Init, apnBitmap:cmcc|, apnInfo:
11-23 10:57:42.424  6340  6826 I WnsLogger: [Q:(null)][IPListManager.cpp:270][printIPList]:[bg:0] ip 203.205.239.95:14000 Backup Http, status:Init, apnBitmap:cmcc|, apnInfo:
11-23 10:57:42.424  6340  6826 I WnsLogger: [Q:(null)][IPListManager.cpp:270][printIPList]:[bg:0] ip 203.205.239.95:80 Backup Tcp, status:Init, apnBitmap:cmcc|, apnInfo:
11-23 10:57:42.424  6340  6826 I WnsLogger: [Q:(null)][IPListManager.cpp:270][printIPList]:[bg:0] ip 203.205.239.95:80 Backup Http, status:Init, apnBitmap:cmcc|, apnInfo:
11-23 10:57:42.424  6340  6826 I WnsLogger: [Q:(null)][IPListManager.cpp:270][printIPList]:[bg:0] ip 203.205.239.95:8080 Backup Tcp, status:Init, apnBitmap:cmcc|, apnInfo:
11-23 10:57:42.424  6340  6826 I WnsLogger: [Q:(null)][IPListManager.cpp:270][printIPList]:[bg:0] ip 203.205.239.95:8080 Backup Http, status:Init, apnBitmap:cmcc|, apnInfo:
11-23 10:57:42.424  6340  6826 I WnsLogger: [Q:(null)][IPListManager.cpp:270][printIPList]:[bg:0] ip 121.51.44.102:443 Backup Tcp, status:Init, apnBitmap:cmcc|, apnInfo:
11-23 10:57:42.424  6340  6826 I WnsLogger: [Q:(null)][IPListManager.cpp:270][printIPList]:[bg:0] ip 121.51.44.102:443 Backup Http, status:Init, apnBitmap:cmcc|, apnInfo:
11-23 10:57:42.424  6340  6826 I WnsLogger: [Q:(null)][IPListManager.cpp:270][printIPList]:[bg:0] ip 121.51.44.102:14000 Backup Tcp, status:Init, apnBitmap:cmcc|, apnInfo:
11-23 10:57:42.424  6340  6826 I WnsLogger: [Q:(null)][IPListManager.cpp:270][printIPList]:[bg:0] ip 121.51.44.102:14000 Backup Http, status:Init, apnBitmap:cmcc|, apnInfo:
11-23 10:57:42.424  6340  6826 I WnsLogger: [Q:(null)][IPListManager.cpp:270][printIPList]:[bg:0] ip 121.51.44.102:80 Backup Tcp, status:Init, apnBitmap:cmcc|, apnInfo:
11-23 10:57:42.424  6340  6826 I WnsLogger: [Q:(null)][IPListManager.cpp:270][printIPList]:[bg:0] ip 121.51.44.102:80 Backup Http, status:Init, apnBitmap:cmcc|, apnInfo:
11-23 10:57:42.424  6340  6826 I WnsLogger: [Q:(null)][IPListManager.cpp:270][printIPList]:[bg:0] ip 121.51.44.102:8080 Backup Tcp, status:Init, apnBitmap:cmcc|, apnInfo:
11-23 10:57:42.424  6340  6826 I WnsLogger: [Q:(null)][IPListManager.cpp:270][printIPList]:[bg:0] ip 121.51.44.102:8080 Backup Http, status:Init, apnBitmap:cmcc|, apnInfo:
11-23 10:57:42.424  6340  6826 I WnsLogger: [Q:(null)][IPListManager.cpp:270][printIPList]:[bg:0] ip 121.51.18.100:443 Backup Tcp, status:Init, apnBitmap:cmcc|, apnInfo:
11-23 10:57:42.424  6340  6826 I WnsLogger: [Q:(null)][IPListManager.cpp:270][printIPList]:[bg:0] ip 121.51.18.100:443 Backup Http, status:Init, apnBitmap:cmcc|, apnInfo:
11-23 10:57:42.424  6340  6826 I WnsLogger: [Q:(null)][IPListManager.cpp:270][printIPList]:[bg:0] ip 121.51.18.100:14000 Backup Tcp, status:Init, apnBitmap:cmcc|, apnInfo:
11-23 10:57:42.424  6340  6826 I WnsLogger: [Q:(null)][IPListManager.cpp:270][printIPList]:[bg:0] ip 121.51.18.100:14000 Backup Http, status:Init, apnBitmap:cmcc|, apnInfo:
11-23 10:57:42.425  6340  6826 I WnsLogger: [Q:(null)][IPListManager.cpp:270][printIPList]:[bg:0] ip 121.51.18.100:80 Backup Tcp, status:Init, apnBitmap:cmcc|, apnInfo:
11-23 10:57:42.425  6340  6826 I WnsLogger: [Q:(null)][IPListManager.cpp:270][printIPList]:[bg:0] ip 121.51.18.100:80 Backup Http, status:Init, apnBitmap:cmcc|, apnInfo:
11-23 10:57:42.425  6340  6826 I WnsLogger: [Q:(null)][IPListManager.cpp:270][printIPList]:[bg:0] ip 121.51.18.100:8080 Backup Tcp, status:Init, apnBitmap:cmcc|, apnInfo:
11-23 10:57:42.425  6340  6826 I WnsLogger: [Q:(null)][IPListManager.cpp:270][printIPList]:[bg:0] ip 121.51.18.100:8080 Backup Http, status:Init, apnBitmap:cmcc|, apnInfo:
11-23 10:57:42.436  6340  6826 I WnsLogger: [Q:(null)][IPListManager.cpp:509][wifiApnType]:apn:wifi, bssid:, wifiApn:unknow
11-23 10:57:42.452  6340  6960 I DnsServerManager: add 10.0.2.3 byWifi
11-23 10:57:42.452  6340  6960 I DnsServerManager: error 0.0.0.0 by Wifi
11-23 10:57:42.464  6340  7068 I DnsServerManager: clear set dns
11-23 10:57:42.464  6340  7068 I DnsServerManager: add 10.0.2.3 byNetworkRequest
11-23 10:57:42.465  6340  7068 I DnsServerManager: clear set dns
11-23 10:57:42.465  6340  7068 I DnsServerManager: add 10.0.2.3 byNetworkRequest
11-23 10:57:42.466  6340  6826 I WnsLogger: [Q:(null)][IPListManager.cpp:326][chooseBackupIp]:apnType:4, realApnType:4
11-23 10:57:42.476  6340  6826 I WnsLogger: [Q:(null)][WnsUniversalSDK.cpp:227][init]:appId:201915, appType:3, qua:V1_AND_QQMUSIC_10.2.5_7_70124_A, deviceInfo:voice=no&pt=null&android=b294bf2ef094caa9&pid=com.tencent.qqmusic&imsi=N/A&mac=02:15:B2:00:00:00&sc=1&sig=CBD27CD7C861227D013A25B2D10F0799&sd=0&rom=11,RSR1.210210.001.A1&mem=2028620&udid=51B5F7CD50D645006725478C83C7AEC6&ca=armeabi-v7a&area=0&a=30&cf=2&d=2.75&f=unknown&i=b294bf2ef094caa9&cn=2&m=Android SDK built for x86&n=wifi&o=11&p=1080*1977&q=b294bf2ef094caa9&opgl=196608&pc=ARMv7 processor rev 4 (v7l)&sdk=0.0.1&hd=ndk_translation.
11-23 10:57:42.485  6340  6826 I WnsLogger: [Q:(null)][WnsUniversalSDK.cpp:253][init]:WNS_SDK_VERSION_STR:3.1.1.1, WNS_XPLATFORM_VERSION:9905, BuildTime:Jul 28 2020 19:46:53
11-23 10:57:42.504  6340  6826 I WnsLogger: [Q:(null)][WnsUniversalSDK.cpp:150][setAppInfo]:appId:201915, appType:3, qua:V1_AND_QQMUSIC_10.2.5_7_70124_A, deviceInfo:voice=no&pt=null&android=b294bf2ef094caa9&pid=com.tencent.qqmusic&imsi=N/A&mac=02:15:B2:00:00:00&sc=1&sig=CBD27CD7C861227D013A25B2D10F0799&sd=0&rom=11,RSR1.210210.001.A1&mem=2028620&udid=51B5F7CD50D645006725478C83C7AEC6&ca=armeabi-v7a&area=0&a=30&cf=2&d=2.75&f=unknown&i=b294bf2ef094caa9&cn=2&m=Android SDK built for x86&n=wifi&o=11&p=1080*1977&q=b294bf2ef094caa9&opgl=196608&pc=ARMv7 processor rev 4 (v7l)&sdk=0.0.1&hd=ndk_translation.
11-23 10:57:42.505  6340  6826 I WnsLogger: [Q:(null)][WnsUniversalSDK.cpp:317][setStatusChangeCallback]:callback:0xc10d131c
11-23 10:57:42.506  6340  6826 E WnsNative: setAppInfo, ver:10.2.5
11-23 10:57:42.526  6340  6826 W WnsClient: Service START for 
11-23 10:57:42.528  6340  6340 I WnsClient: Set Debug Server => 
11-23 10:57:42.548  6340  6826 I WnsClient: Service prepared by startService(), and componentName is ComponentInfo{com.tencent.qqmusic/com.tencent.wns.service.WnsMain}
11-23 10:57:42.550  6340  6340 E WnsTracer: log path:/data/user/0/com.tencent.qqmusic/files/Tencent/wns/Logs/com.tencent.qqmusic
11-23 10:57:42.555  6340  6340 E WnsNative: start service
11-23 10:57:42.555  6340  6340 E WnsNative: start service 3
11-23 10:57:42.555  6340  6340 E WnsNative: start service 4
11-23 10:57:42.555  6340  6340 E WnsNative: start service 5
11-23 10:57:42.555  6340  6340 E WnsNative: start service 6
11-23 10:57:42.560  6340  6340 E WnsMigrateManager: enter transAuthInfo
11-23 10:57:42.562  6340  6826 I WnsClient: bindService() success!!
11-23 10:57:42.563  6340  6826 I WnsApiManager: wns inited:mAppBackground:true
11-23 10:57:42.563  6340  6826 I WnsUidBindManager: sIsWnsReady:false
11-23 10:57:42.564  6340  6981 W WnsClient: Service START for 
11-23 10:57:42.564  6340  6981 W WnsClient: I'm Connecting now, Take it Easy, Man?
11-23 10:57:42.575  6340  7045 E WnsLogger: [Q:main][IpInfoCenter.cpp:233][freeInstalledIpList]:unknown appType:3
11-23 10:57:42.581  6340  7045 E WnsLogger: [Q:main][IpInfoCenter.cpp:233][freeInstalledIpList]:unknown appType:3
11-23 10:57:42.583  6340  7045 I WnsLogger: [Q:main][WnsUniversalSDK.cpp:483][setPushCallback]:callback:0xc10ca67c
11-23 10:57:42.584  6340  7045 I WnsLogger: [Q:main][WnsUniversalSDK.cpp:771][setGetConfigCallback]:callback:0xc10d10fc
11-23 10:57:42.584  6340  7045 I WnsLogger: [Q:main][WnsUniversalSDK.cpp:282][connect]:connect start
11-23 10:57:42.584  6340  7045 I WnsLogger: [Q:main][WnsSessionManager.cpp:109][runSession]:session:0
11-23 10:57:42.588  6340  6340 E ConfigManager: config file not exists!
11-23 10:57:42.592  6340  7045 I WnsLogger: [Q:main][WnsRequestMonitor.cpp:162][resetCanHookVar]:reset CanHook var
11-23 10:57:42.593  6340  7045 I WnsLogger: [Q:main][WnsSessionManager.cpp:127][runSession]::2
11-23 10:57:42.597  6340  7045 I WnsLogger: [Q:main][WnsSessionManager.cpp:697][postWnsSessionStatusNotify]:postWnsSessionStatusNotify kWnsStatus:1, kWnsSessionException:0, (0:NoAvail 1:Connecting 2:Avail)
11-23 10:57:42.623  6340  7045 I WnsLogger: [Q:main][WnsUniversalSDK.cpp:1057][notifyWnsStatus]:oldStatus:0, curStatus:1, statusCallback:0xc10d131c
11-23 10:57:42.697  6340  7045 I WnsLogger: [Q:main][IPStrategyManager.cpp:378][getCandidateIPs]:tcp latest 0, isBackgroundMode 0
11-23 10:57:42.708  6340  7079 E WnsBinder: screen is on
11-23 10:57:42.708  6340  6340 W WnsMain : Wns Service Create Binder = com.tencent.wns.service.WnsBinder@3981972
11-23 10:57:42.709  6340  7082 E WnsBinder: Client will be Restored in 5000 ms
11-23 10:57:42.722  6340  7045 I WnsLogger: [Q:main][WnsSessionManager.cpp:253][runIpModels]:Prepare to run this sessions:
11-23 10:57:42.723  6340  6340 W WnsMain : Wns Service Started
11-23 10:57:42.723  6340  7045 I WnsLogger: [Q:main][WnsSessionManager.cpp:254][runIpModels]:=========================================================================
11-23 10:57:42.723  6340  6340 W WnsMain : Wns Service Started ,and onStartCommandReturn=-1
11-23 10:57:42.723  6340  7045 I WnsLogger: [Q:main][WnsSessionManager.cpp:264][runIpModels]:ip 101.226.211.235:443 Dns Tcp, status:InTry, apnBitmap:cmcc|unic|cmct|wifi|, apnInfo:
11-23 10:57:42.723  6340  7045 I WnsLogger: [Q:main][WnsSessionManager.cpp:264][runIpModels]:ip 101.226.211.235:14000 Dns Tcp, status:InTry, apnBitmap:cmcc|unic|cmct|wifi|, apnInfo:
11-23 10:57:42.723  6340  7045 I WnsLogger: [Q:main][WnsSessionManager.cpp:264][runIpModels]:ip 101.226.211.235:80 Dns Http, status:InTry, apnBitmap:cmcc|unic|cmct|wifi|, apnInfo:
11-23 10:57:42.723  6340  7045 I WnsLogger: [Q:main][WnsSessionManager.cpp:264][runIpModels]:ip 101.226.211.235:8080 Dns Http, status:InTry, apnBitmap:cmcc|unic|cmct|wifi|, apnInfo:
11-23 10:57:42.724  6340  7045 I WnsLogger: [Q:main][WnsSessionManager.cpp:267][runIpModels]:=========================================================================
11-23 10:57:42.725  6340  6340 W WnsMain : Wns Service Binded
11-23 10:57:42.728  6340  6369 I tencent.qqmusi: Background young concurrent copying GC freed 69013(8749KB) AllocSpace objects, 70(4924KB) LOS objects, 65% free, 6965KB/19MB, paused 13.511ms total 162.289ms
